<?xml version="1.0" encoding="utf-8"?>
<TestRun id="f5ed2b15-88f3-4080-9bff-db9d76f28cfa" name="Erdinc@DESKTOP-M804G0L 2026-08-14 21:39:09" runUser="DESKTOP-M804G0L\Erdinc" xmlns="http://microsoft.com/schemas/VisualStudio/TeamTest/2010">
  <Times creation="2026-08-14T21:39:09.4019471+03:00" queuing="2026-08-14T21:39:09.4019483+03:00" start="2026-08-14T21:39:06.7287328+03:00" finish="2026-08-14T21:39:14.3963680+03:00" />
  <TestSettings name="default" id="800c2194-561d-4e94-a9ee-8af03f9f92f9">
    <Deployment runDeploymentRoot="Erdinc_DESKTOP-M804G0L_2026-08-14_21_39_09" />
  </TestSettings>
  <Results>
    <UnitTestResult executionId="e614605e-7a1d-4000-96c5-1599ba0c5c74" testId="98ab7df1-9817-4407-7e83-1033909fa33a" testName="GisServer.Conformance.Tests.ArcGisDiscoveryTests.A_layer_that_is_not_shared_looks_exactly_like_one_that_does_not_exist" computerName="DESKTOP-M804G0L" duration="00:00:00.5640228" startTime="2026-08-14T21:39:10.4930822+03:00" endTime="2026-08-14T21:39:10.4930829+03:00" testType="13cdc9d9-ddb5-4fa4-a97d-d965ccfc6d4b" outcome="Passed" testListId="8c84fa94-04c1-424b-9868-57a2d4851a1d" relativeResultsDirectory="e614605e-7a1d-4000-96c5-1599ba0c5c74" />
    <UnitTestResult executionId="ee2b5734-3ebd-46a4-85b5-f12a46fd65e3" testId="3bb84e29-4e1c-e65f-1d1f-80e58ad39238" testName="GisServer.Conformance.Tests.GeometryServerConformanceTests.A_refusal_explains_itself_and_says_where_the_reasoning_is" computerName="DESKTOP-M804G0L" duration="00:00:00.0545198" startTime="2026-08-14T21:39:10.6166767+03:00" endTime="2026-08-14T21:39:10.6166772+03:00" testType="13cdc9d9-ddb5-4fa4-a97d-d965ccfc6d4b" outcome="Passed" testListId="8c84fa94-04c1-424b-9868-57a2d4851a1d" relativeResultsDirectory="ee2b5734-3ebd-46a4-85b5-f12a46fd65e3" />
    <UnitTestResult executionId="18e0e0f8-1b95-49b6-bf90-af9d0a6ea6b8" testId="1baf40b9-30e2-75d0-f835-4a938c2ce4d5" testName="GisServer.Conformance.Tests.ArcGisConsistencyTests.The_object_id_is_emitted_as_a_number_because_it_is_declared_as_an_OID" computerName="DESKTOP-M804G0L" duration="00:00:00.5173723" startTime="2026-08-14T21:39:12.3548227+03:00" endTime="2026-08-14T21:39:12.3548253+03:00" testType="13cdc9d9-ddb5-4fa4-a97d-d965ccfc6d4b" outcome="Passed" testListId="8c84fa94-04c1-424b-9868-57a2d4851a1d" relativeResultsDirectory="18e0e0f8-1b95-49b6-bf90-af9d0a6ea6b8" />
    <UnitTestResult executionId="95c71fd1-66d1-4af0-9b20-d08ee4081e37" testId="b21606c6-f70c-f574-af3a-53d715c03b4e" testName="GisServer.Conformance.Tests.ArcGisDiscoveryTests.Step4a_the_extent_is_either_absent_or_actually_somewhere" computerName="DESKTOP-M804G0L" duration="00:00:00.4619719" startTime="2026-08-14T21:39:12.2563764+03:00" endTime="2026-08-14T21:39:12.2563771+03:00" testType="13cdc9d9-ddb5-4fa4-a97d-d965ccfc6d4b" outcome="Passed" testListId="8c84fa94-04c1-424b-9868-57a2d4851a1d" relativeResultsDirectory="95c71fd1-66d1-4af0-9b20-d08ee4081e37" />
    <UnitTestResult executionId="79b6dfd6-003f-4f45-b158-e8883e241252" testId="219fb1ba-5056-09e6-044e-0421877d647e" testName="GisServer.Conformance.Tests.GeometryServerConformanceTests.An_overlay_operation_answers_501_rather_than_404(operation: &quot;difference&quot;)" computerName="DESKTOP-M804G0L" duration="00:00:00.1268747" startTime="2026-08-14T21:39:09.3969726+03:00" endTime="2026-08-14T21:39:09.3969733+03:00" testType="13cdc9d9-ddb5-4fa4-a97d-d965ccfc6d4b" outcome="Passed" testListId="8c84fa94-04c1-424b-9868-57a2d4851a1d" relativeResultsDirectory="79b6dfd6-003f-4f45-b158-e8883e241252" />
    <UnitTestResult executionId="9373fdc3-5845-4ed2-85e3-e9a4f6765342" testId="6ead9bfc-abe8-6aff-b120-9ad8ffdb9aeb" testName="GisServer.Conformance.Tests.ArcGisConsistencyTests.The_query_names_the_same_object_id_field_the_layer_document_declares" computerName="DESKTOP-M804G0L" duration="00:00:00.2660467" startTime="2026-08-14T21:39:12.6289496+03:00" endTime="2026-08-14T21:39:12.6289501+03:00" testType="13cdc9d9-ddb5-4fa4-a97d-d965ccfc6d4b" outcome="Passed" testListId="8c84fa94-04c1-424b-9868-57a2d4851a1d" relativeResultsDirectory="9373fdc3-5845-4ed2-85e3-e9a4f6765342" />
    <UnitTestResult executionId="60b0b421-8ced-4f03-bbbb-3a63d6810534" testId="056f9daf-4ab1-7281-5960-46bb68c6c7d8" testName="GisServer.Conformance.Tests.ArcGisConsistencyTests.The_query_returns_the_geometry_type_the_layer_document_promised" computerName="DESKTOP-M804G0L" duration="00:00:00.7661367" startTime="2026-08-14T21:39:10.9964286+03:00" endTime="2026-08-14T21:39:10.9964293+03:00" testType="13cdc9d9-ddb5-4fa4-a97d-d965ccfc6d4b" outcome="Passed" testListId="8c84fa94-04c1-424b-9868-57a2d4851a1d" relativeResultsDirectory="60b0b421-8ced-4f03-bbbb-3a63d6810534" />
    <UnitTestResult executionId="c7cd9e54-7993-42f6-b8af-86e7860d6051" testId="1c9b0c97-b927-da40-7d81-82426c821e00" testName="GisServer.Conformance.Tests.VectorTileConformanceTests.Step1_the_service_document_says_where_the_tiles_are" computerName="DESKTOP-M804G0L" duration="00:00:00.6459251" startTime="2026-08-14T21:39:08.9619107+03:00" endTime="2026-08-14T21:39:08.9619109+03:00" testType="13cdc9d9-ddb5-4fa4-a97d-d965ccfc6d4b" outcome="Passed" testListId="8c84fa94-04c1-424b-9868-57a2d4851a1d" relativeResultsDirectory="c7cd9e54-7993-42f6-b8af-86e7860d6051" />
    <UnitTestResult executionId="2dfb9331-6122-459e-91a6-adc633a65eb7" testId="c5dd5036-50b2-9ff5-83d7-c4fbb4755220" testName="GisServer.Conformance.Tests.VectorTileConformanceTests.Step3_the_default_style_resolves_and_names_a_source_layer" computerName="DESKTOP-M804G0L" duration="00:00:01.1403281" startTime="2026-08-14T21:39:10.5868151+03:00" endTime="2026-08-14T21:39:10.5868154+03:00" testType="13cdc9d9-ddb5-4fa4-a97d-d965ccfc6d4b" outcome="Passed" testListId="8c84fa94-04c1-424b-9868-57a2d4851a1d" relativeResultsDirectory="2dfb9331-6122-459e-91a6-adc633a65eb7" />
    <UnitTestResult executionId="3a090882-e545-4096-b8e5-27427fca8c6d" testId="ca818517-7478-8b17-fe6a-5cd6bea7c448" testName="GisServer.Conformance.Tests.VectorTileConformanceTests.An_address_outside_the_pyramid_is_refused_rather_than_faulted" computerName="DESKTOP-M804G0L" duration="00:00:00.4799844" startTime="2026-08-14T21:39:11.0832109+03:00" endTime="2026-08-14T21:39:11.0832119+03:00" testType="13cdc9d9-ddb5-4fa4-a97d-d965ccfc6d4b" outcome="Passed" testListId="8c84fa94-04c1-424b-9868-57a2d4851a1d" relativeResultsDirectory="3a090882-e545-4096-b8e5-27427fca8c6d" />
    <UnitTestResult executionId="ead62b52-3bb9-4bf2-b7e2-b03d95c62e9e" testId="bcc47ad1-4158-a8e4-9a35-b1714ad9f486" testName="GisServer.Conformance.Tests.GeometryServerConformanceTests.A_missing_spatial_reference_is_refused_with_the_field_name" computerName="DESKTOP-M804G0L" duration="00:00:00.2515344" startTime="2026-08-14T21:39:11.8600208+03:00" endTime="2026-08-14T21:39:11.8600215+03:00" testType="13cdc9d9-ddb5-4fa4-a97d-d965ccfc6d4b" outcome="Passed" testListId="8c84fa94-04c1-424b-9868-57a2d4851a1d" relativeResultsDirectory="ead62b52-3bb9-4bf2-b7e2-b03d95c62e9e" />
    <UnitTestResult executionId="49f84fe0-2ef2-464d-9d86-b1974846c68b" testId="f75e55b9-765e-27a7-c5bf-3fc5ead4984a" testName="GisServer.Conformance.Tests.ArcGisDiscoveryTests.Step1_the_server_identifies_itself_and_says_how_to_authenticate" computerName="DESKTOP-M804G0L" duration="00:00:00.0930017" startTime="2026-08-14T21:39:10.5918015+03:00" endTime="2026-08-14T21:39:10.5918024+03:00" testType="13cdc9d9-ddb5-4fa4-a97d-d965ccfc6d4b" outcome="Passed" testListId="8c84fa94-04c1-424b-9868-57a2d4851a1d" relativeResultsDirectory="49f84fe0-2ef2-464d-9d86-b1974846c68b" />
    <UnitTestResult executionId="11a12694-bb56-4b58-b7e1-ad92228e8ca9" testId="605e8b38-0344-8125-1e1d-de30da9c5ef6" testName="GisServer.Conformance.Tests.VectorTileConformanceTests.Step5_the_source_layer_in_the_style_matches_the_layer_in_the_tile" computerName="DESKTOP-M804G0L" duration="00:00:00.7932027" startTime="2026-08-14T21:39:13.5544404+03:00" endTime="2026-08-14T21:39:13.5544408+03:00" testType="13cdc9d9-ddb5-4fa4-a97d-d965ccfc6d4b" outcome="Passed" testListId="8c84fa94-04c1-424b-9868-57a2d4851a1d" relativeResultsDirectory="11a12694-bb56-4b58-b7e1-ad92228e8ca9" />
    <UnitTestResult executionId="e5b4e037-82bd-4f4b-bb41-4a124e94ee1d" testId="ed4b95fb-a6cf-a978-8da2-bcbfdb092fef" testName="GisServer.Conformance.Tests.ArcGisDiscoveryTests.Every_service_in_the_catalogue_can_actually_be_opened" computerName="DESKTOP-M804G0L" duration="00:00:01.1984599" startTime="2026-08-14T21:39:11.7925358+03:00" endTime="2026-08-14T21:39:11.7925368+03:00" testType="13cdc9d9-ddb5-4fa4-a97d-d965ccfc6d4b" outcome="Passed" testListId="8c84fa94-04c1-424b-9868-57a2d4851a1d" relativeResultsDirectory="e5b4e037-82bd-4f4b-bb41-4a124e94ee1d" />
    <UnitTestResult executionId="f4d5444d-f6df-49a5-acfe-87f57ada191a" testId="016dfbb7-0d6b-b57d-68ba-d05d51caa549" testName="GisServer.Conformance.Tests.VectorTileConformanceTests.Step2_the_tiling_scheme_is_complete_enough_to_place_a_tile" computerName="DESKTOP-M804G0L" duration="00:00:00.4153302" startTime="2026-08-14T21:39:11.5125357+03:00" endTime="2026-08-14T21:39:11.5125371+03:00" testType="13cdc9d9-ddb5-4fa4-a97d-d965ccfc6d4b" outcome="Passed" testListId="8c84fa94-04c1-424b-9868-57a2d4851a1d" relativeResultsDirectory="f4d5444d-f6df-49a5-acfe-87f57ada191a" />
    <UnitTestResult executionId="f851a11e-aff9-41ce-8f73-2c6288a21e2c" testId="d240bb9b-03cf-7976-8e07-53deba3cf90b" testName="GisServer.Conformance.Tests.VectorTileConformanceTests.A_tile_is_served_with_a_content_type_a_client_recognises" computerName="DESKTOP-M804G0L" duration="00:00:00.9502059" startTime="2026-08-14T21:39:12.4692779+03:00" endTime="2026-08-14T21:39:12.4692782+03:00" testType="13cdc9d9-ddb5-4fa4-a97d-d965ccfc6d4b" outcome="Passed" testListId="8c84fa94-04c1-424b-9868-57a2d4851a1d" relativeResultsDirectory="f851a11e-aff9-41ce-8f73-2c6288a21e2c" />
    <UnitTestResult executionId="8d792584-b44c-4f50-88d2-0ff2af883f37" testId="bdc655c3-7a98-cacf-0691-2880400f1ad8" testName="GisServer.Conformance.Tests.ArcGisDiscoveryTests.Step5_a_query_built_from_the_documents_returns_features" computerName="DESKTOP-M804G0L" duration="00:00:00.3139241" startTime="2026-08-14T21:39:09.2874529+03:00" endTime="2026-08-14T21:39:09.2874530+03:00" testType="13cdc9d9-ddb5-4fa4-a97d-d965ccfc6d4b" outcome="Passed" testListId="8c84fa94-04c1-424b-9868-57a2d4851a1d" relativeResultsDirectory="8d792584-b44c-4f50-88d2-0ff2af883f37" />
    <UnitTestResult executionId="0eb09d28-1270-4cee-a41a-eca64baab56d" testId="7bd01959-01a6-053a-2f85-f6f8e60a8bd8" testName="GisServer.Conformance.Tests.GeometryServerConformanceTests.An_overlay_operation_answers_501_rather_than_404(operation: &quot;intersect&quot;)" computerName="DESKTOP-M804G0L" duration="00:00:00.1381342" startTime="2026-08-14T21:39:09.0576842+03:00" endTime="2026-08-14T21:39:09.0576849+03:00" testType="13cdc9d9-ddb5-4fa4-a97d-d965ccfc6d4b" outcome="Passed" testListId="8c84fa94-04c1-424b-9868-57a2d4851a1d" relativeResultsDirectory="0eb09d28-1270-4cee-a41a-eca64baab56d" />
    <UnitTestResult executionId="96a007f9-1d35-4bf0-8cfe-498756cf3c39" testId="793edadf-0d63-a3c2-e84f-d3feb838e5ec" testName="GisServer.Conformance.Tests.ArcGisConsistencyTests.A_polygon_ring_is_closed_and_wound_the_way_ArcGIS_requires" computerName="DESKTOP-M804G0L" duration="00:00:00.7119482" startTime="2026-08-14T21:39:10.2192732+03:00" endTime="2026-08-14T21:39:10.2192739+03:00" testType="13cdc9d9-ddb5-4fa4-a97d-d965ccfc6d4b" outcome="Passed" testListId="8c84fa94-04c1-424b-9868-57a2d4851a1d" relativeResultsDirectory="96a007f9-1d35-4bf0-8cfe-498756cf3c39" />
    <UnitTestResult executionId="57ee986a-a994-4f2c-92ba-7fb42061ccfb" testId="47017594-f55a-1762-3344-ec04a652fc8a" testName="GisServer.Conformance.Tests.ArcGisConsistencyTests.Requesting_a_named_field_returns_that_field_and_the_object_id" computerName="DESKTOP-M804G0L" duration="00:00:00.7805415" startTime="2026-08-14T21:39:09.0905236+03:00" endTime="2026-08-14T21:39:09.0905243+03:00" testType="13cdc9d9-ddb5-4fa4-a97d-d965ccfc6d4b" outcome="Passed" testListId="8c84fa94-04c1-424b-9868-57a2d4851a1d" relativeResultsDirectory="57ee986a-a994-4f2c-92ba-7fb42061ccfb" />
    <UnitTestResult executionId="6d04e958-01e7-4808-8060-2618b409308d" testId="89e161d9-8ecb-0367-40ec-2da32ec4ab38" testName="GisServer.Conformance.Tests.ArcGisConsistencyTests.Every_attribute_returned_was_declared_as_a_field" computerName="DESKTOP-M804G0L" duration="00:00:00.5643146" startTime="2026-08-14T21:39:14.2359350+03:00" endTime="2026-08-14T21:39:14.2359356+03:00" testType="13cdc9d9-ddb5-4fa4-a97d-d965ccfc6d4b" outcome="Passed" testListId="8c84fa94-04c1-424b-9868-57a2d4851a1d" relativeResultsDirectory="6d04e958-01e7-4808-8060-2618b409308d" />
    <UnitTestResult executionId="822158d2-3f65-4f74-a603-78d02718c8b3" testId="1cfe333e-4729-d1d8-7f12-912e8fef4f66" testName="GisServer.Conformance.Tests.ArcGisConsistencyTests.Every_declared_field_type_matches_the_value_actually_sent" computerName="DESKTOP-M804G0L" duration="00:00:00.8348824" startTime="2026-08-14T21:39:11.8334569+03:00" endTime="2026-08-14T21:39:11.8334576+03:00" testType="13cdc9d9-ddb5-4fa4-a97d-d965ccfc6d4b" outcome="Passed" testListId="8c84fa94-04c1-424b-9868-57a2d4851a1d" relativeResultsDirectory="822158d2-3f65-4f74-a603-78d02718c8b3" />
    <UnitTestResult executionId="0f665fdf-586d-4247-8187-ce4ef0a333fa" testId="d40cd553-f889-8fb3-6ada-6796f2b3f520" testName="GisServer.Conformance.Tests.VectorTileConformanceTests.Step4_a_tile_built_from_the_documents_decodes_to_real_geometry" computerName="DESKTOP-M804G0L" duration="00:00:00.4766746" startTime="2026-08-14T21:39:09.4451044+03:00" endTime="2026-08-14T21:39:09.4451049+03:00" testType="13cdc9d9-ddb5-4fa4-a97d-d965ccfc6d4b" outcome="Passed" testListId="8c84fa94-04c1-424b-9868-57a2d4851a1d" relativeResultsDirectory="0f665fdf-586d-4247-8187-ce4ef0a333fa" />
    <UnitTestResult executionId="c4505c1e-bbd3-4fd6-898b-08a1b0bb5363" testId="88f5a627-fc5a-9c8d-dcad-0b9efc266e5d" testName="GisServer.Conformance.Tests.ArcGisConsistencyTests.The_advertised_maximum_is_not_exceeded_by_a_request_for_more" computerName="DESKTOP-M804G0L" duration="00:00:01.0394501" startTime="2026-08-14T21:39:13.6706227+03:00" endTime="2026-08-14T21:39:13.6706232+03:00" testType="13cdc9d9-ddb5-4fa4-a97d-d965ccfc6d4b" outcome="Passed" testListId="8c84fa94-04c1-424b-9868-57a2d4851a1d" relativeResultsDirectory="c4505c1e-bbd3-4fd6-898b-08a1b0bb5363" />
    <UnitTestResult executionId="bc54f781-bb24-44b7-a2de-91ffd21986d4" testId="6fa4c14d-d3c1-54b5-70d4-2fed823abe16" testName="GisServer.Conformance.Tests.ArcGisConsistencyTests.The_query_returns_the_spatial_reference_the_layer_document_promised" computerName="DESKTOP-M804G0L" duration="00:00:00.4097481" startTime="2026-08-14T21:39:09.5037123+03:00" endTime="2026-08-14T21:39:09.5037130+03:00" testType="13cdc9d9-ddb5-4fa4-a97d-d965ccfc6d4b" outcome="Passed" testListId="8c84fa94-04c1-424b-9868-57a2d4851a1d" relativeResultsDirectory="bc54f781-bb24-44b7-a2de-91ffd21986d4" />
    <UnitTestResult executionId="b1ac3382-4cba-4ed8-ac7a-8f56f298a7c3" testId="5d423d8a-7dcd-aa28-1674-129e07fdd611" testName="GisServer.Conformance.Tests.ArcGisDiscoveryTests.Step4_the_layer_document_carries_everything_needed_to_add_the_layer" computerName="DESKTOP-M804G0L" duration="00:00:00.6070626" startTime="2026-08-14T21:39:08.9613189+03:00" endTime="2026-08-14T21:39:08.9613194+03:00" testType="13cdc9d9-ddb5-4fa4-a97d-d965ccfc6d4b" outcome="Passed" testListId="8c84fa94-04c1-424b-9868-57a2d4851a1d" relativeResultsDirectory="b1ac3382-4cba-4ed8-ac7a-8f56f298a7c3" />
    <UnitTestResult executionId="5cce1c08-1d73-4eec-b502-541339a8ca27" testId="1ecb4b55-5d3f-2602-badd-219d8905ade2" testName="GisServer.Conformance.Tests.GeometryServerConformanceTests.The_service_lists_what_it_does_and_what_it_does_not" computerName="DESKTOP-M804G0L" duration="00:00:00.2705902" startTime="2026-08-14T21:39:10.0443819+03:00" endTime="2026-08-14T21:39:10.0443829+03:00" testType="13cdc9d9-ddb5-4fa4-a97d-d965ccfc6d4b" outcome="Passed" testListId="8c84fa94-04c1-424b-9868-57a2d4851a1d" relativeResultsDirectory="5cce1c08-1d73-4eec-b502-541339a8ca27" />
    <UnitTestResult executionId="f65a2acf-513c-42bd-ac88-1d208e874f80" testId="3efa8e38-46f1-4cdf-0717-dfd161dcee66" testName="GisServer.Conformance.Tests.GeometryServerConformanceTests.An_overlay_operation_answers_501_rather_than_404(operation: &quot;buffer&quot;)" computerName="DESKTOP-M804G0L" duration="00:00:00.1655281" startTime="2026-08-14T21:39:09.2262194+03:00" endTime="2026-08-14T21:39:09.2262203+03:00" testType="13cdc9d9-ddb5-4fa4-a97d-d965ccfc6d4b" outcome="Passed" testListId="8c84fa94-04c1-424b-9868-57a2d4851a1d" relativeResultsDirectory="f65a2acf-513c-42bd-ac88-1d208e874f80" />
    <UnitTestResult executionId="c9ca6ca0-5cc8-4a28-97df-3784083a89f3" testId="f439f141-330a-330e-2c73-0bfd75fc4778" testName="GisServer.Conformance.Tests.GeometryServerConformanceTests.Projecting_Istanbul_from_degrees_to_metres_lands_where_it_should" computerName="DESKTOP-M804G0L" duration="00:00:00.3392916" startTime="2026-08-14T21:39:10.3924374+03:00" endTime="2026-08-14T21:39:10.3924381+03:00" testType="13cdc9d9-ddb5-4fa4-a97d-d965ccfc6d4b" outcome="Passed" testListId="8c84fa94-04c1-424b-9868-57a2d4851a1d" relativeResultsDirectory="c9ca6ca0-5cc8-4a28-97df-3784083a89f3" />
    <UnitTestResult executionId="5f277557-67e7-47e9-a51e-178589066058" testId="9f065aee-1c10-3e6c-f143-b8a3dacc3eaf" testName="GisServer.Conformance.Tests.ArcGisDiscoveryTests.Step2_the_catalogue_lists_services_a_client_can_address" computerName="DESKTOP-M804G0L" duration="00:00:00.2368970" startTime="2026-08-14T21:39:09.5319208+03:00" endTime="2026-08-14T21:39:09.5319215+03:00" testType="13cdc9d9-ddb5-4fa4-a97d-d965ccfc6d4b" outcome="Passed" testListId="8c84fa94-04c1-424b-9868-57a2d4851a1d" relativeResultsDirectory="5f277557-67e7-47e9-a51e-178589066058" />
    <UnitTestResult executionId="a36f6cba-e89b-441c-a0b9-70dc63592f79" testId="b1067354-2e66-2c52-3a63-6b97beb4083f" testName="GisServer.Conformance.Tests.GeometryServerConformanceTests.A_square_with_a_hole_measures_what_arithmetic_says" computerName="DESKTOP-M804G0L" duration="00:00:00.1142739" startTime="2026-08-14T21:39:11.9797967+03:00" endTime="2026-08-14T21:39:11.9797994+03:00" testType="13cdc9d9-ddb5-4fa4-a97d-d965ccfc6d4b" outcome="Passed" testListId="8c84fa94-04c1-424b-9868-57a2d4851a1d" relativeResultsDirectory="a36f6cba-e89b-441c-a0b9-70dc63592f79" />
    <UnitTestResult executionId="b95c4445-fb70-4b80-ba00-b8c7cdd1e6d5" testId="1c6201cb-c484-4244-a86f-7616f0fc4f04" testName="GisServer.Conformance.Tests.GeometryServerConformanceTests.A_projection_says_which_engine_did_it" computerName="DESKTOP-M804G0L" duration="00:00:00.6071122" startTime="2026-08-14T21:39:11.2556109+03:00" endTime="2026-08-14T21:39:11.2556133+03:00" testType="13cdc9d9-ddb5-4fa4-a97d-d965ccfc6d4b" outcome="Passed" testListId="8c84fa94-04c1-424b-9868-57a2d4851a1d" relativeResultsDirectory="b95c4445-fb70-4b80-ba00-b8c7cdd1e6d5" />
    <UnitTestResult executionId="8651de29-1803-4f5d-bb4d-c171eb83f748" testId="f6388f5d-8896-cef4-b709-bf34fb455b66" testName="GisServer.Conformance.Tests.VectorTileConformanceTests.An_empty_tile_is_a_success_rather_than_a_failure" computerName="DESKTOP-M804G0L" duration="00:00:00.2874930" startTime="2026-08-14T21:39:12.7600149+03:00" endTime="2026-08-14T21:39:12.7600156+03:00" testType="13cdc9d9-ddb5-4fa4-a97d-d965ccfc6d4b" outcome="Passed" testListId="8c84fa94-04c1-424b-9868-57a2d4851a1d" relativeResultsDirectory="8651de29-1803-4f5d-bb4d-c171eb83f748" />
    <UnitTestResult executionId="73e5760c-7ea9-4297-845a-e932f63c270a" testId="da690835-0eeb-70b9-bad4-553f6cdaf546" testName="GisServer.Conformance.Tests.GeometryServerConformanceTests.A_batch_comes_back_in_the_order_it_went_in" computerName="DESKTOP-M804G0L" duration="00:00:00.1830566" startTime="2026-08-14T21:39:12.1637426+03:00" endTime="2026-08-14T21:39:12.1637440+03:00" testType="13cdc9d9-ddb5-4fa4-a97d-d965ccfc6d4b" outcome="Passed" testListId="8c84fa94-04c1-424b-9868-57a2d4851a1d" relativeResultsDirectory="73e5760c-7ea9-4297-845a-e932f63c270a" />
    <UnitTestResult executionId="432a3dc2-40a8-46c7-9487-4146a72d7da2" testId="861d4b62-3657-5dbf-cee4-674ab79bc7c5" testName="GisServer.Conformance.Tests.GeometryServerConformanceTests.An_overlay_operation_answers_501_rather_than_404(operation: &quot;cut&quot;)" computerName="DESKTOP-M804G0L" duration="00:00:00.5733128" startTime="2026-08-14T21:39:08.9054133+03:00" endTime="2026-08-14T21:39:08.9054431+03:00" testType="13cdc9d9-ddb5-4fa4-a97d-d965ccfc6d4b" outcome="Passed" testListId="8c84fa94-04c1-424b-9868-57a2d4851a1d" relativeResultsDirectory="432a3dc2-40a8-46c7-9487-4146a72d7da2" />
    <UnitTestResult executionId="4caac780-086e-4046-b110-70e77c32e0c8" testId="3fc91ad1-4698-1643-0067-3f0a79be4abc" testName="GisServer.Conformance.Tests.GeometryServerConformanceTests.Esris_own_code_for_Web_Mercator_is_accepted" computerName="DESKTOP-M804G0L" duration="00:00:00.3426821" startTime="2026-08-14T21:39:11.6056830+03:00" endTime="2026-08-14T21:39:11.6056837+03:00" testType="13cdc9d9-ddb5-4fa4-a97d-d965ccfc6d4b" outcome="Passed" testListId="8c84fa94-04c1-424b-9868-57a2d4851a1d" relativeResultsDirectory="4caac780-086e-4046-b110-70e77c32e0c8" />
    <UnitTestResult executionId="8fcb45df-efdc-431f-9746-7832795b5f46" testId="37223844-854f-50c8-b881-f7b899d618bf" testName="GisServer.Conformance.Tests.GeometryServerConformanceTests.A_label_point_lands_inside_a_C_shape_rather_than_in_its_notch" computerName="DESKTOP-M804G0L" duration="00:00:00.2054634" startTime="2026-08-14T21:39:09.7715790+03:00" endTime="2026-08-14T21:39:09.7715799+03:00" testType="13cdc9d9-ddb5-4fa4-a97d-d965ccfc6d4b" outcome="Passed" testListId="8c84fa94-04c1-424b-9868-57a2d4851a1d" relativeResultsDirectory="8fcb45df-efdc-431f-9746-7832795b5f46" />
    <UnitTestResult executionId="4cb5df3a-cc9c-45d9-99cf-37a8274fb7e0" testId="97d04742-9a5b-6209-c622-bf0eb05cb8f9" testName="GisServer.Conformance.Tests.GeometryServerConformanceTests.An_overlay_operation_answers_501_rather_than_404(operation: &quot;union&quot;)" computerName="DESKTOP-M804G0L" duration="00:00:00.1398191" startTime="2026-08-14T21:39:09.5447867+03:00" endTime="2026-08-14T21:39:09.5447873+03:00" testType="13cdc9d9-ddb5-4fa4-a97d-d965ccfc6d4b" outcome="Passed" testListId="8c84fa94-04c1-424b-9868-57a2d4851a1d" relativeResultsDirectory="4cb5df3a-cc9c-45d9-99cf-37a8274fb7e0" />
    <UnitTestResult executionId="d3581a1e-a450-434d-b985-6d9055680210" testId="1dfa7a91-fc71-c954-c8ba-de3f5e278891" testName="GisServer.Conformance.Tests.GeometryServerConformanceTests.Measurements_say_out_loud_that_they_are_planar" computerName="DESKTOP-M804G0L" duration="00:00:00.1537146" startTime="2026-08-14T21:39:10.5581639+03:00" endTime="2026-08-14T21:39:10.5581647+03:00" testType="13cdc9d9-ddb5-4fa4-a97d-d965ccfc6d4b" outcome="Passed" testListId="8c84fa94-04c1-424b-9868-57a2d4851a1d" relativeResultsDirectory="d3581a1e-a450-434d-b985-6d9055680210" />
    <UnitTestResult executionId="159702e1-d2f3-4c83-b512-7e8b4c948b39" testId="8bda6c1a-8a16-f77b-607b-c0c56c3de8ac" testName="GisServer.Conformance.Tests.ArcGisDiscoveryTests.Step3_the_service_document_is_where_the_naming_convention_says" computerName="DESKTOP-M804G0L" duration="00:00:00.3930306" startTime="2026-08-14T21:39:09.9258050+03:00" endTime="2026-08-14T21:39:09.9258058+03:00" testType="13cdc9d9-ddb5-4fa4-a97d-d965ccfc6d4b" outcome="Passed" testListId="8c84fa94-04c1-424b-9868-57a2d4851a1d" relativeResultsDirectory="159702e1-d2f3-4c83-b512-7e8b4c948b39" />
  </Results>
  <TestDefinitions>
    <UnitTest name="GisServer.Conformance.Tests.GeometryServerConformanceTests.An_overlay_operation_answers_501_rather_than_404(operation: &quot;union&quot;)" storage="c:\personal\projects\gis\tests\gisserver.conformance.tests\bin\release\net9.0\gisserver.conformance.tests.dll" id="97d04742-9a5b-6209-c622-bf0eb05cb8f9">
      <Execution id="4cb5df3a-cc9c-45d9-99cf-37a8274fb7e0" />
      <TestMethod codeBase="C:\Personal\Projects\GIS\tests\GisServer.Conformance.Tests\bin\Release\net9.0\GisServer.Conformance.Tests.dll" adapterTypeName="executor://xunit/VsTestRunner2/netcoreapp" className="GisServer.Conformance.Tests.GeometryServerConformanceTests" name="An_overlay_operation_answers_501_rather_than_404" />
    </UnitTest>
    <UnitTest name="GisServer.Conformance.Tests.ArcGisDiscoveryTests.A_layer_that_is_not_shared_looks_exactly_like_one_that_does_not_exist" storage="c:\personal\projects\gis\tests\gisserver.conformance.tests\bin\release\net9.0\gisserver.conformance.tests.dll" id="98ab7df1-9817-4407-7e83-1033909fa33a">
      <Execution id="e614605e-7a1d-4000-96c5-1599ba0c5c74" />
      <TestMethod codeBase="C:\Personal\Projects\GIS\tests\GisServer.Conformance.Tests\bin\Release\net9.0\GisServer.Conformance.Tests.dll" adapterTypeName="executor://xunit/VsTestRunner2/netcoreapp" className="GisServer.Conformance.Tests.ArcGisDiscoveryTests" name="A_layer_that_is_not_shared_looks_exactly_like_one_that_does_not_exist" />
    </UnitTest>
    <UnitTest name="GisServer.Conformance.Tests.ArcGisDiscoveryTests.Step4_the_layer_document_carries_everything_needed_to_add_the_layer" storage="c:\personal\projects\gis\tests\gisserver.conformance.tests\bin\release\net9.0\gisserver.conformance.tests.dll" id="5d423d8a-7dcd-aa28-1674-129e07fdd611">
      <Execution id="b1ac3382-4cba-4ed8-ac7a-8f56f298a7c3" />
      <TestMethod codeBase="C:\Personal\Projects\GIS\tests\GisServer.Conformance.Tests\bin\Release\net9.0\GisServer.Conformance.Tests.dll" adapterTypeName="executor://xunit/VsTestRunner2/netcoreapp" className="GisServer.Conformance.Tests.ArcGisDiscoveryTests" name="Step4_the_layer_document_carries_everything_needed_to_add_the_layer" />
    </UnitTest>
    <UnitTest name="GisServer.Conformance.Tests.VectorTileConformanceTests.Step3_the_default_style_resolves_and_names_a_source_layer" storage="c:\personal\projects\gis\tests\gisserver.conformance.tests\bin\release\net9.0\gisserver.conformance.tests.dll" id="c5dd5036-50b2-9ff5-83d7-c4fbb4755220">
      <Execution id="2dfb9331-6122-459e-91a6-adc633a65eb7" />
      <TestMethod codeBase="C:\Personal\Projects\GIS\tests\GisServer.Conformance.Tests\bin\Release\net9.0\GisServer.Conformance.Tests.dll" adapterTypeName="executor://xunit/VsTestRunner2/netcoreapp" className="GisServer.Conformance.Tests.VectorTileConformanceTests" name="Step3_the_default_style_resolves_and_names_a_source_layer" />
    </UnitTest>
    <UnitTest name="GisServer.Conformance.Tests.GeometryServerConformanceTests.An_overlay_operation_answers_501_rather_than_404(operation: &quot;cut&quot;)" storage="c:\personal\projects\gis\tests\gisserver.conformance.tests\bin\release\net9.0\gisserver.conformance.tests.dll" id="861d4b62-3657-5dbf-cee4-674ab79bc7c5">
      <Execution id="432a3dc2-40a8-46c7-9487-4146a72d7da2" />
      <TestMethod codeBase="C:\Personal\Projects\GIS\tests\GisServer.Conformance.Tests\bin\Release\net9.0\GisServer.Conformance.Tests.dll" adapterTypeName="executor://xunit/VsTestRunner2/netcoreapp" className="GisServer.Conformance.Tests.GeometryServerConformanceTests" name="An_overlay_operation_answers_501_rather_than_404" />
    </UnitTest>
    <UnitTest name="GisServer.Conformance.Tests.GeometryServerConformanceTests.A_square_with_a_hole_measures_what_arithmetic_says" storage="c:\personal\projects\gis\tests\gisserver.conformance.tests\bin\release\net9.0\gisserver.conformance.tests.dll" id="b1067354-2e66-2c52-3a63-6b97beb4083f">
      <Execution id="a36f6cba-e89b-441c-a0b9-70dc63592f79" />
      <TestMethod codeBase="C:\Personal\Projects\GIS\tests\GisServer.Conformance.Tests\bin\Release\net9.0\GisServer.Conformance.Tests.dll" adapterTypeName="executor://xunit/VsTestRunner2/netcoreapp" className="GisServer.Conformance.Tests.GeometryServerConformanceTests" name="A_square_with_a_hole_measures_what_arithmetic_says" />
    </UnitTest>
    <UnitTest name="GisServer.Conformance.Tests.VectorTileConformanceTests.An_address_outside_the_pyramid_is_refused_rather_than_faulted" storage="c:\personal\projects\gis\tests\gisserver.conformance.tests\bin\release\net9.0\gisserver.conformance.tests.dll" id="ca818517-7478-8b17-fe6a-5cd6bea7c448">
      <Execution id="3a090882-e545-4096-b8e5-27427fca8c6d" />
      <TestMethod codeBase="C:\Personal\Projects\GIS\tests\GisServer.Conformance.Tests\bin\Release\net9.0\GisServer.Conformance.Tests.dll" adapterTypeName="executor://xunit/VsTestRunner2/netcoreapp" className="GisServer.Conformance.Tests.VectorTileConformanceTests" name="An_address_outside_the_pyramid_is_refused_rather_than_faulted" />
    </UnitTest>
    <UnitTest name="GisServer.Conformance.Tests.VectorTileConformanceTests.Step4_a_tile_built_from_the_documents_decodes_to_real_geometry" storage="c:\personal\projects\gis\tests\gisserver.conformance.tests\bin\release\net9.0\gisserver.conformance.tests.dll" id="d40cd553-f889-8fb3-6ada-6796f2b3f520">
      <Execution id="0f665fdf-586d-4247-8187-ce4ef0a333fa" />
      <TestMethod codeBase="C:\Personal\Projects\GIS\tests\GisServer.Conformance.Tests\bin\Release\net9.0\GisServer.Conformance.Tests.dll" adapterTypeName="executor://xunit/VsTestRunner2/netcoreapp" className="GisServer.Conformance.Tests.VectorTileConformanceTests" name="Step4_a_tile_built_from_the_documents_decodes_to_real_geometry" />
    </UnitTest>
    <UnitTest name="GisServer.Conformance.Tests.ArcGisDiscoveryTests.Step2_the_catalogue_lists_services_a_client_can_address" storage="c:\personal\projects\gis\tests\gisserver.conformance.tests\bin\release\net9.0\gisserver.conformance.tests.dll" id="9f065aee-1c10-3e6c-f143-b8a3dacc3eaf">
      <Execution id="5f277557-67e7-47e9-a51e-178589066058" />
      <TestMethod codeBase="C:\Personal\Projects\GIS\tests\GisServer.Conformance.Tests\bin\Release\net9.0\GisServer.Conformance.Tests.dll" adapterTypeName="executor://xunit/VsTestRunner2/netcoreapp" className="GisServer.Conformance.Tests.ArcGisDiscoveryTests" name="Step2_the_catalogue_lists_services_a_client_can_address" />
    </UnitTest>
    <UnitTest name="GisServer.Conformance.Tests.GeometryServerConformanceTests.A_projection_says_which_engine_did_it" storage="c:\personal\projects\gis\tests\gisserver.conformance.tests\bin\release\net9.0\gisserver.conformance.tests.dll" id="1c6201cb-c484-4244-a86f-7616f0fc4f04">
      <Execution id="b95c4445-fb70-4b80-ba00-b8c7cdd1e6d5" />
      <TestMethod codeBase="C:\Personal\Projects\GIS\tests\GisServer.Conformance.Tests\bin\Release\net9.0\GisServer.Conformance.Tests.dll" adapterTypeName="executor://xunit/VsTestRunner2/netcoreapp" className="GisServer.Conformance.Tests.GeometryServerConformanceTests" name="A_projection_says_which_engine_did_it" />
    </UnitTest>
    <UnitTest name="GisServer.Conformance.Tests.ArcGisConsistencyTests.The_advertised_maximum_is_not_exceeded_by_a_request_for_more" storage="c:\personal\projects\gis\tests\gisserver.conformance.tests\bin\release\net9.0\gisserver.conformance.tests.dll" id="88f5a627-fc5a-9c8d-dcad-0b9efc266e5d">
      <Execution id="c4505c1e-bbd3-4fd6-898b-08a1b0bb5363" />
      <TestMethod codeBase="C:\Personal\Projects\GIS\tests\GisServer.Conformance.Tests\bin\Release\net9.0\GisServer.Conformance.Tests.dll" adapterTypeName="executor://xunit/VsTestRunner2/netcoreapp" className="GisServer.Conformance.Tests.ArcGisConsistencyTests" name="The_advertised_maximum_is_not_exceeded_by_a_request_for_more" />
    </UnitTest>
    <UnitTest name="GisServer.Conformance.Tests.ArcGisConsistencyTests.The_query_returns_the_geometry_type_the_layer_document_promised" storage="c:\personal\projects\gis\tests\gisserver.conformance.tests\bin\release\net9.0\gisserver.conformance.tests.dll" id="056f9daf-4ab1-7281-5960-46bb68c6c7d8">
      <Execution id="60b0b421-8ced-4f03-bbbb-3a63d6810534" />
      <TestMethod codeBase="C:\Personal\Projects\GIS\tests\GisServer.Conformance.Tests\bin\Release\net9.0\GisServer.Conformance.Tests.dll" adapterTypeName="executor://xunit/VsTestRunner2/netcoreapp" className="GisServer.Conformance.Tests.ArcGisConsistencyTests" name="The_query_returns_the_geometry_type_the_layer_document_promised" />
    </UnitTest>
    <UnitTest name="GisServer.Conformance.Tests.VectorTileConformanceTests.An_empty_tile_is_a_success_rather_than_a_failure" storage="c:\personal\projects\gis\tests\gisserver.conformance.tests\bin\release\net9.0\gisserver.conformance.tests.dll" id="f6388f5d-8896-cef4-b709-bf34fb455b66">
      <Execution id="8651de29-1803-4f5d-bb4d-c171eb83f748" />
      <TestMethod codeBase="C:\Personal\Projects\GIS\tests\GisServer.Conformance.Tests\bin\Release\net9.0\GisServer.Conformance.Tests.dll" adapterTypeName="executor://xunit/VsTestRunner2/netcoreapp" className="GisServer.Conformance.Tests.VectorTileConformanceTests" name="An_empty_tile_is_a_success_rather_than_a_failure" />
    </UnitTest>
    <UnitTest name="GisServer.Conformance.Tests.ArcGisDiscoveryTests.Step1_the_server_identifies_itself_and_says_how_to_authenticate" storage="c:\personal\projects\gis\tests\gisserver.conformance.tests\bin\release\net9.0\gisserver.conformance.tests.dll" id="f75e55b9-765e-27a7-c5bf-3fc5ead4984a">
      <Execution id="49f84fe0-2ef2-464d-9d86-b1974846c68b" />
      <TestMethod codeBase="C:\Personal\Projects\GIS\tests\GisServer.Conformance.Tests\bin\Release\net9.0\GisServer.Conformance.Tests.dll" adapterTypeName="executor://xunit/VsTestRunner2/netcoreapp" className="GisServer.Conformance.Tests.ArcGisDiscoveryTests" name="Step1_the_server_identifies_itself_and_says_how_to_authenticate" />
    </UnitTest>
    <UnitTest name="GisServer.Conformance.Tests.ArcGisDiscoveryTests.Step3_the_service_document_is_where_the_naming_convention_says" storage="c:\personal\projects\gis\tests\gisserver.conformance.tests\bin\release\net9.0\gisserver.conformance.tests.dll" id="8bda6c1a-8a16-f77b-607b-c0c56c3de8ac">
      <Execution id="159702e1-d2f3-4c83-b512-7e8b4c948b39" />
      <TestMethod codeBase="C:\Personal\Projects\GIS\tests\GisServer.Conformance.Tests\bin\Release\net9.0\GisServer.Conformance.Tests.dll" adapterTypeName="executor://xunit/VsTestRunner2/netcoreapp" className="GisServer.Conformance.Tests.ArcGisDiscoveryTests" name="Step3_the_service_document_is_where_the_naming_convention_says" />
    </UnitTest>
    <UnitTest name="GisServer.Conformance.Tests.GeometryServerConformanceTests.An_overlay_operation_answers_501_rather_than_404(operation: &quot;intersect&quot;)" storage="c:\personal\projects\gis\tests\gisserver.conformance.tests\bin\release\net9.0\gisserver.conformance.tests.dll" id="7bd01959-01a6-053a-2f85-f6f8e60a8bd8">
      <Execution id="0eb09d28-1270-4cee-a41a-eca64baab56d" />
      <TestMethod codeBase="C:\Personal\Projects\GIS\tests\GisServer.Conformance.Tests\bin\Release\net9.0\GisServer.Conformance.Tests.dll" adapterTypeName="executor://xunit/VsTestRunner2/netcoreapp" className="GisServer.Conformance.Tests.GeometryServerConformanceTests" name="An_overlay_operation_answers_501_rather_than_404" />
    </UnitTest>
    <UnitTest name="GisServer.Conformance.Tests.ArcGisDiscoveryTests.Step4a_the_extent_is_either_absent_or_actually_somewhere" storage="c:\personal\projects\gis\tests\gisserver.conformance.tests\bin\release\net9.0\gisserver.conformance.tests.dll" id="b21606c6-f70c-f574-af3a-53d715c03b4e">
      <Execution id="95c71fd1-66d1-4af0-9b20-d08ee4081e37" />
      <TestMethod codeBase="C:\Personal\Projects\GIS\tests\GisServer.Conformance.Tests\bin\Release\net9.0\GisServer.Conformance.Tests.dll" adapterTypeName="executor://xunit/VsTestRunner2/netcoreapp" className="GisServer.Conformance.Tests.ArcGisDiscoveryTests" name="Step4a_the_extent_is_either_absent_or_actually_somewhere" />
    </UnitTest>
    <UnitTest name="GisServer.Conformance.Tests.ArcGisConsistencyTests.The_object_id_is_emitted_as_a_number_because_it_is_declared_as_an_OID" storage="c:\personal\projects\gis\tests\gisserver.conformance.tests\bin\release\net9.0\gisserver.conformance.tests.dll" id="1baf40b9-30e2-75d0-f835-4a938c2ce4d5">
      <Execution id="18e0e0f8-1b95-49b6-bf90-af9d0a6ea6b8" />
      <TestMethod codeBase="C:\Personal\Projects\GIS\tests\GisServer.Conformance.Tests\bin\Release\net9.0\GisServer.Conformance.Tests.dll" adapterTypeName="executor://xunit/VsTestRunner2/netcoreapp" className="GisServer.Conformance.Tests.ArcGisConsistencyTests" name="The_object_id_is_emitted_as_a_number_because_it_is_declared_as_an_OID" />
    </UnitTest>
    <UnitTest name="GisServer.Conformance.Tests.ArcGisConsistencyTests.A_polygon_ring_is_closed_and_wound_the_way_ArcGIS_requires" storage="c:\personal\projects\gis\tests\gisserver.conformance.tests\bin\release\net9.0\gisserver.conformance.tests.dll" id="793edadf-0d63-a3c2-e84f-d3feb838e5ec">
      <Execution id="96a007f9-1d35-4bf0-8cfe-498756cf3c39" />
      <TestMethod codeBase="C:\Personal\Projects\GIS\tests\GisServer.Conformance.Tests\bin\Release\net9.0\GisServer.Conformance.Tests.dll" adapterTypeName="executor://xunit/VsTestRunner2/netcoreapp" className="GisServer.Conformance.Tests.ArcGisConsistencyTests" name="A_polygon_ring_is_closed_and_wound_the_way_ArcGIS_requires" />
    </UnitTest>
    <UnitTest name="GisServer.Conformance.Tests.VectorTileConformanceTests.Step2_the_tiling_scheme_is_complete_enough_to_place_a_tile" storage="c:\personal\projects\gis\tests\gisserver.conformance.tests\bin\release\net9.0\gisserver.conformance.tests.dll" id="016dfbb7-0d6b-b57d-68ba-d05d51caa549">
      <Execution id="f4d5444d-f6df-49a5-acfe-87f57ada191a" />
      <TestMethod codeBase="C:\Personal\Projects\GIS\tests\GisServer.Conformance.Tests\bin\Release\net9.0\GisServer.Conformance.Tests.dll" adapterTypeName="executor://xunit/VsTestRunner2/netcoreapp" className="GisServer.Conformance.Tests.VectorTileConformanceTests" name="Step2_the_tiling_scheme_is_complete_enough_to_place_a_tile" />
    </UnitTest>
    <UnitTest name="GisServer.Conformance.Tests.GeometryServerConformanceTests.The_service_lists_what_it_does_and_what_it_does_not" storage="c:\personal\projects\gis\tests\gisserver.conformance.tests\bin\release\net9.0\gisserver.conformance.tests.dll" id="1ecb4b55-5d3f-2602-badd-219d8905ade2">
      <Execution id="5cce1c08-1d73-4eec-b502-541339a8ca27" />
      <TestMethod codeBase="C:\Personal\Projects\GIS\tests\GisServer.Conformance.Tests\bin\Release\net9.0\GisServer.Conformance.Tests.dll" adapterTypeName="executor://xunit/VsTestRunner2/netcoreapp" className="GisServer.Conformance.Tests.GeometryServerConformanceTests" name="The_service_lists_what_it_does_and_what_it_does_not" />
    </UnitTest>
    <UnitTest name="GisServer.Conformance.Tests.ArcGisConsistencyTests.Every_attribute_returned_was_declared_as_a_field" storage="c:\personal\projects\gis\tests\gisserver.conformance.tests\bin\release\net9.0\gisserver.conformance.tests.dll" id="89e161d9-8ecb-0367-40ec-2da32ec4ab38">
      <Execution id="6d04e958-01e7-4808-8060-2618b409308d" />
      <TestMethod codeBase="C:\Personal\Projects\GIS\tests\GisServer.Conformance.Tests\bin\Release\net9.0\GisServer.Conformance.Tests.dll" adapterTypeName="executor://xunit/VsTestRunner2/netcoreapp" className="GisServer.Conformance.Tests.ArcGisConsistencyTests" name="Every_attribute_returned_was_declared_as_a_field" />
    </UnitTest>
    <UnitTest name="GisServer.Conformance.Tests.GeometryServerConformanceTests.An_overlay_operation_answers_501_rather_than_404(operation: &quot;difference&quot;)" storage="c:\personal\projects\gis\tests\gisserver.conformance.tests\bin\release\net9.0\gisserver.conformance.tests.dll" id="219fb1ba-5056-09e6-044e-0421877d647e">
      <Execution id="79b6dfd6-003f-4f45-b158-e8883e241252" />
      <TestMethod codeBase="C:\Personal\Projects\GIS\tests\GisServer.Conformance.Tests\bin\Release\net9.0\GisServer.Conformance.Tests.dll" adapterTypeName="executor://xunit/VsTestRunner2/netcoreapp" className="GisServer.Conformance.Tests.GeometryServerConformanceTests" name="An_overlay_operation_answers_501_rather_than_404" />
    </UnitTest>
    <UnitTest name="GisServer.Conformance.Tests.VectorTileConformanceTests.A_tile_is_served_with_a_content_type_a_client_recognises" storage="c:\personal\projects\gis\tests\gisserver.conformance.tests\bin\release\net9.0\gisserver.conformance.tests.dll" id="d240bb9b-03cf-7976-8e07-53deba3cf90b">
      <Execution id="f851a11e-aff9-41ce-8f73-2c6288a21e2c" />
      <TestMethod codeBase="C:\Personal\Projects\GIS\tests\GisServer.Conformance.Tests\bin\Release\net9.0\GisServer.Conformance.Tests.dll" adapterTypeName="executor://xunit/VsTestRunner2/netcoreapp" className="GisServer.Conformance.Tests.VectorTileConformanceTests" name="A_tile_is_served_with_a_content_type_a_client_recognises" />
    </UnitTest>
    <UnitTest name="GisServer.Conformance.Tests.GeometryServerConformanceTests.An_overlay_operation_answers_501_rather_than_404(operation: &quot;buffer&quot;)" storage="c:\personal\projects\gis\tests\gisserver.conformance.tests\bin\release\net9.0\gisserver.conformance.tests.dll" id="3efa8e38-46f1-4cdf-0717-dfd161dcee66">
      <Execution id="f65a2acf-513c-42bd-ac88-1d208e874f80" />
      <TestMethod codeBase="C:\Personal\Projects\GIS\tests\GisServer.Conformance.Tests\bin\Release\net9.0\GisServer.Conformance.Tests.dll" adapterTypeName="executor://xunit/VsTestRunner2/netcoreapp" className="GisServer.Conformance.Tests.GeometryServerConformanceTests" name="An_overlay_operation_answers_501_rather_than_404" />
    </UnitTest>
    <UnitTest name="GisServer.Conformance.Tests.GeometryServerConformanceTests.Measurements_say_out_loud_that_they_are_planar" storage="c:\personal\projects\gis\tests\gisserver.conformance.tests\bin\release\net9.0\gisserver.conformance.tests.dll" id="1dfa7a91-fc71-c954-c8ba-de3f5e278891">
      <Execution id="d3581a1e-a450-434d-b985-6d9055680210" />
      <TestMethod codeBase="C:\Personal\Projects\GIS\tests\GisServer.Conformance.Tests\bin\Release\net9.0\GisServer.Conformance.Tests.dll" adapterTypeName="executor://xunit/VsTestRunner2/netcoreapp" className="GisServer.Conformance.Tests.GeometryServerConformanceTests" name="Measurements_say_out_loud_that_they_are_planar" />
    </UnitTest>
    <UnitTest name="GisServer.Conformance.Tests.GeometryServerConformanceTests.A_label_point_lands_inside_a_C_shape_rather_than_in_its_notch" storage="c:\personal\projects\gis\tests\gisserver.conformance.tests\bin\release\net9.0\gisserver.conformance.tests.dll" id="37223844-854f-50c8-b881-f7b899d618bf">
      <Execution id="8fcb45df-efdc-431f-9746-7832795b5f46" />
      <TestMethod codeBase="C:\Personal\Projects\GIS\tests\GisServer.Conformance.Tests\bin\Release\net9.0\GisServer.Conformance.Tests.dll" adapterTypeName="executor://xunit/VsTestRunner2/netcoreapp" className="GisServer.Conformance.Tests.GeometryServerConformanceTests" name="A_label_point_lands_inside_a_C_shape_rather_than_in_its_notch" />
    </UnitTest>
    <UnitTest name="GisServer.Conformance.Tests.GeometryServerConformanceTests.A_refusal_explains_itself_and_says_where_the_reasoning_is" storage="c:\personal\projects\gis\tests\gisserver.conformance.tests\bin\release\net9.0\gisserver.conformance.tests.dll" id="3bb84e29-4e1c-e65f-1d1f-80e58ad39238">
      <Execution id="ee2b5734-3ebd-46a4-85b5-f12a46fd65e3" />
      <TestMethod codeBase="C:\Personal\Projects\GIS\tests\GisServer.Conformance.Tests\bin\Release\net9.0\GisServer.Conformance.Tests.dll" adapterTypeName="executor://xunit/VsTestRunner2/netcoreapp" className="GisServer.Conformance.Tests.GeometryServerConformanceTests" name="A_refusal_explains_itself_and_says_where_the_reasoning_is" />
    </UnitTest>
    <UnitTest name="GisServer.Conformance.Tests.ArcGisDiscoveryTests.Every_service_in_the_catalogue_can_actually_be_opened" storage="c:\personal\projects\gis\tests\gisserver.conformance.tests\bin\release\net9.0\gisserver.conformance.tests.dll" id="ed4b95fb-a6cf-a978-8da2-bcbfdb092fef">
      <Execution id="e5b4e037-82bd-4f4b-bb41-4a124e94ee1d" />
      <TestMethod codeBase="C:\Personal\Projects\GIS\tests\GisServer.Conformance.Tests\bin\Release\net9.0\GisServer.Conformance.Tests.dll" adapterTypeName="executor://xunit/VsTestRunner2/netcoreapp" className="GisServer.Conformance.Tests.ArcGisDiscoveryTests" name="Every_service_in_the_catalogue_can_actually_be_opened" />
    </UnitTest>
    <UnitTest name="GisServer.Conformance.Tests.VectorTileConformanceTests.Step1_the_service_document_says_where_the_tiles_are" storage="c:\personal\projects\gis\tests\gisserver.conformance.tests\bin\release\net9.0\gisserver.conformance.tests.dll" id="1c9b0c97-b927-da40-7d81-82426c821e00">
      <Execution id="c7cd9e54-7993-42f6-b8af-86e7860d6051" />
      <TestMethod codeBase="C:\Personal\Projects\GIS\tests\GisServer.Conformance.Tests\bin\Release\net9.0\GisServer.Conformance.Tests.dll" adapterTypeName="executor://xunit/VsTestRunner2/netcoreapp" className="GisServer.Conformance.Tests.VectorTileConformanceTests" name="Step1_the_service_document_says_where_the_tiles_are" />
    </UnitTest>
    <UnitTest name="GisServer.Conformance.Tests.ArcGisDiscoveryTests.Step5_a_query_built_from_the_documents_returns_features" storage="c:\personal\projects\gis\tests\gisserver.conformance.tests\bin\release\net9.0\gisserver.conformance.tests.dll" id="bdc655c3-7a98-cacf-0691-2880400f1ad8">
      <Execution id="8d792584-b44c-4f50-88d2-0ff2af883f37" />
      <TestMethod codeBase="C:\Personal\Projects\GIS\tests\GisServer.Conformance.Tests\bin\Release\net9.0\GisServer.Conformance.Tests.dll" adapterTypeName="executor://xunit/VsTestRunner2/netcoreapp" className="GisServer.Conformance.Tests.ArcGisDiscoveryTests" name="Step5_a_query_built_from_the_documents_returns_features" />
    </UnitTest>
    <UnitTest name="GisServer.Conformance.Tests.ArcGisConsistencyTests.Every_declared_field_type_matches_the_value_actually_sent" storage="c:\personal\projects\gis\tests\gisserver.conformance.tests\bin\release\net9.0\gisserver.conformance.tests.dll" id="1cfe333e-4729-d1d8-7f12-912e8fef4f66">
      <Execution id="822158d2-3f65-4f74-a603-78d02718c8b3" />
      <TestMethod codeBase="C:\Personal\Projects\GIS\tests\GisServer.Conformance.Tests\bin\Release\net9.0\GisServer.Conformance.Tests.dll" adapterTypeName="executor://xunit/VsTestRunner2/netcoreapp" className="GisServer.Conformance.Tests.ArcGisConsistencyTests" name="Every_declared_field_type_matches_the_value_actually_sent" />
    </UnitTest>
    <UnitTest name="GisServer.Conformance.Tests.ArcGisConsistencyTests.Requesting_a_named_field_returns_that_field_and_the_object_id" storage="c:\personal\projects\gis\tests\gisserver.conformance.tests\bin\release\net9.0\gisserver.conformance.tests.dll" id="47017594-f55a-1762-3344-ec04a652fc8a">
      <Execution id="57ee986a-a994-4f2c-92ba-7fb42061ccfb" />
      <TestMethod codeBase="C:\Personal\Projects\GIS\tests\GisServer.Conformance.Tests\bin\Release\net9.0\GisServer.Conformance.Tests.dll" adapterTypeName="executor://xunit/VsTestRunner2/netcoreapp" className="GisServer.Conformance.Tests.ArcGisConsistencyTests" name="Requesting_a_named_field_returns_that_field_and_the_object_id" />
    </UnitTest>
    <UnitTest name="GisServer.Conformance.Tests.GeometryServerConformanceTests.A_batch_comes_back_in_the_order_it_went_in" storage="c:\personal\projects\gis\tests\gisserver.conformance.tests\bin\release\net9.0\gisserver.conformance.tests.dll" id="da690835-0eeb-70b9-bad4-553f6cdaf546">
      <Execution id="73e5760c-7ea9-4297-845a-e932f63c270a" />
      <TestMethod codeBase="C:\Personal\Projects\GIS\tests\GisServer.Conformance.Tests\bin\Release\net9.0\GisServer.Conformance.Tests.dll" adapterTypeName="executor://xunit/VsTestRunner2/netcoreapp" className="GisServer.Conformance.Tests.GeometryServerConformanceTests" name="A_batch_comes_back_in_the_order_it_went_in" />
    </UnitTest>
    <UnitTest name="GisServer.Conformance.Tests.ArcGisConsistencyTests.The_query_names_the_same_object_id_field_the_layer_document_declares" storage="c:\personal\projects\gis\tests\gisserver.conformance.tests\bin\release\net9.0\gisserver.conformance.tests.dll" id="6ead9bfc-abe8-6aff-b120-9ad8ffdb9aeb">
      <Execution id="9373fdc3-5845-4ed2-85e3-e9a4f6765342" />
      <TestMethod codeBase="C:\Personal\Projects\GIS\tests\GisServer.Conformance.Tests\bin\Release\net9.0\GisServer.Conformance.Tests.dll" adapterTypeName="executor://xunit/VsTestRunner2/netcoreapp" className="GisServer.Conformance.Tests.ArcGisConsistencyTests" name="The_query_names_the_same_object_id_field_the_layer_document_declares" />
    </UnitTest>
    <UnitTest name="GisServer.Conformance.Tests.GeometryServerConformanceTests.Projecting_Istanbul_from_degrees_to_metres_lands_where_it_should" storage="c:\personal\projects\gis\tests\gisserver.conformance.tests\bin\release\net9.0\gisserver.conformance.tests.dll" id="f439f141-330a-330e-2c73-0bfd75fc4778">
      <Execution id="c9ca6ca0-5cc8-4a28-97df-3784083a89f3" />
      <TestMethod codeBase="C:\Personal\Projects\GIS\tests\GisServer.Conformance.Tests\bin\Release\net9.0\GisServer.Conformance.Tests.dll" adapterTypeName="executor://xunit/VsTestRunner2/netcoreapp" className="GisServer.Conformance.Tests.GeometryServerConformanceTests" name="Projecting_Istanbul_from_degrees_to_metres_lands_where_it_should" />
    </UnitTest>
    <UnitTest name="GisServer.Conformance.Tests.ArcGisConsistencyTests.The_query_returns_the_spatial_reference_the_layer_document_promised" storage="c:\personal\projects\gis\tests\gisserver.conformance.tests\bin\release\net9.0\gisserver.conformance.tests.dll" id="6fa4c14d-d3c1-54b5-70d4-2fed823abe16">
      <Execution id="bc54f781-bb24-44b7-a2de-91ffd21986d4" />
      <TestMethod codeBase="C:\Personal\Projects\GIS\tests\GisServer.Conformance.Tests\bin\Release\net9.0\GisServer.Conformance.Tests.dll" adapterTypeName="executor://xunit/VsTestRunner2/netcoreapp" className="GisServer.Conformance.Tests.ArcGisConsistencyTests" name="The_query_returns_the_spatial_reference_the_layer_document_promised" />
    </UnitTest>
    <UnitTest name="GisServer.Conformance.Tests.GeometryServerConformanceTests.Esris_own_code_for_Web_Mercator_is_accepted" storage="c:\personal\projects\gis\tests\gisserver.conformance.tests\bin\release\net9.0\gisserver.conformance.tests.dll" id="3fc91ad1-4698-1643-0067-3f0a79be4abc">
      <Execution id="4caac780-086e-4046-b110-70e77c32e0c8" />
      <TestMethod codeBase="C:\Personal\Projects\GIS\tests\GisServer.Conformance.Tests\bin\Release\net9.0\GisServer.Conformance.Tests.dll" adapterTypeName="executor://xunit/VsTestRunner2/netcoreapp" className="GisServer.Conformance.Tests.GeometryServerConformanceTests" name="Esris_own_code_for_Web_Mercator_is_accepted" />
    </UnitTest>
    <UnitTest name="GisServer.Conformance.Tests.GeometryServerConformanceTests.A_missing_spatial_reference_is_refused_with_the_field_name" storage="c:\personal\projects\gis\tests\gisserver.conformance.tests\bin\release\net9.0\gisserver.conformance.tests.dll" id="bcc47ad1-4158-a8e4-9a35-b1714ad9f486">
      <Execution id="ead62b52-3bb9-4bf2-b7e2-b03d95c62e9e" />
      <TestMethod codeBase="C:\Personal\Projects\GIS\tests\GisServer.Conformance.Tests\bin\Release\net9.0\GisServer.Conformance.Tests.dll" adapterTypeName="executor://xunit/VsTestRunner2/netcoreapp" className="GisServer.Conformance.Tests.GeometryServerConformanceTests" name="A_missing_spatial_reference_is_refused_with_the_field_name" />
    </UnitTest>
    <UnitTest name="GisServer.Conformance.Tests.VectorTileConformanceTests.Step5_the_source_layer_in_the_style_matches_the_layer_in_the_tile" storage="c:\personal\projects\gis\tests\gisserver.conformance.tests\bin\release\net9.0\gisserver.conformance.tests.dll" id="605e8b38-0344-8125-1e1d-de30da9c5ef6">
      <Execution id="11a12694-bb56-4b58-b7e1-ad92228e8ca9" />
      <TestMethod codeBase="C:\Personal\Projects\GIS\tests\GisServer.Conformance.Tests\bin\Release\net9.0\GisServer.Conformance.Tests.dll" adapterTypeName="executor://xunit/VsTestRunner2/netcoreapp" className="GisServer.Conformance.Tests.VectorTileConformanceTests" name="Step5_the_source_layer_in_the_style_matches_the_layer_in_the_tile" />
    </UnitTest>
  </TestDefinitions>
  <TestEntries>
    <TestEntry testId="98ab7df1-9817-4407-7e83-1033909fa33a" executionId="e614605e-7a1d-4000-96c5-1599ba0c5c74" testListId="8c84fa94-04c1-424b-9868-57a2d4851a1d" />
    <TestEntry testId="3bb84e29-4e1c-e65f-1d1f-80e58ad39238" executionId="ee2b5734-3ebd-46a4-85b5-f12a46fd65e3" testListId="8c84fa94-04c1-424b-9868-57a2d4851a1d" />
    <TestEntry testId="1baf40b9-30e2-75d0-f835-4a938c2ce4d5" executionId="18e0e0f8-1b95-49b6-bf90-af9d0a6ea6b8" testListId="8c84fa94-04c1-424b-9868-57a2d4851a1d" />
    <TestEntry testId="b21606c6-f70c-f574-af3a-53d715c03b4e" executionId="95c71fd1-66d1-4af0-9b20-d08ee4081e37" testListId="8c84fa94-04c1-424b-9868-57a2d4851a1d" />
    <TestEntry testId="219fb1ba-5056-09e6-044e-0421877d647e" executionId="79b6dfd6-003f-4f45-b158-e8883e241252" testListId="8c84fa94-04c1-424b-9868-57a2d4851a1d" />
    <TestEntry testId="6ead9bfc-abe8-6aff-b120-9ad8ffdb9aeb" executionId="9373fdc3-5845-4ed2-85e3-e9a4f6765342" testListId="8c84fa94-04c1-424b-9868-57a2d4851a1d" />
    <TestEntry testId="056f9daf-4ab1-7281-5960-46bb68c6c7d8" executionId="60b0b421-8ced-4f03-bbbb-3a63d6810534" testListId="8c84fa94-04c1-424b-9868-57a2d4851a1d" />
    <TestEntry testId="1c9b0c97-b927-da40-7d81-82426c821e00" executionId="c7cd9e54-7993-42f6-b8af-86e7860d6051" testListId="8c84fa94-04c1-424b-9868-57a2d4851a1d" />
    <TestEntry testId="c5dd5036-50b2-9ff5-83d7-c4fbb4755220" executionId="2dfb9331-6122-459e-91a6-adc633a65eb7" testListId="8c84fa94-04c1-424b-9868-57a2d4851a1d" />
    <TestEntry testId="ca818517-7478-8b17-fe6a-5cd6bea7c448" executionId="3a090882-e545-4096-b8e5-27427fca8c6d" testListId="8c84fa94-04c1-424b-9868-57a2d4851a1d" />
    <TestEntry testId="bcc47ad1-4158-a8e4-9a35-b1714ad9f486" executionId="ead62b52-3bb9-4bf2-b7e2-b03d95c62e9e" testListId="8c84fa94-04c1-424b-9868-57a2d4851a1d" />
    <TestEntry testId="f75e55b9-765e-27a7-c5bf-3fc5ead4984a" executionId="49f84fe0-2ef2-464d-9d86-b1974846c68b" testListId="8c84fa94-04c1-424b-9868-57a2d4851a1d" />
    <TestEntry testId="605e8b38-0344-8125-1e1d-de30da9c5ef6" executionId="11a12694-bb56-4b58-b7e1-ad92228e8ca9" testListId="8c84fa94-04c1-424b-9868-57a2d4851a1d" />
    <TestEntry testId="ed4b95fb-a6cf-a978-8da2-bcbfdb092fef" executionId="e5b4e037-82bd-4f4b-bb41-4a124e94ee1d" testListId="8c84fa94-04c1-424b-9868-57a2d4851a1d" />
    <TestEntry testId="016dfbb7-0d6b-b57d-68ba-d05d51caa549" executionId="f4d5444d-f6df-49a5-acfe-87f57ada191a" testListId="8c84fa94-04c1-424b-9868-57a2d4851a1d" />
    <TestEntry testId="d240bb9b-03cf-7976-8e07-53deba3cf90b" executionId="f851a11e-aff9-41ce-8f73-2c6288a21e2c" testListId="8c84fa94-04c1-424b-9868-57a2d4851a1d" />
    <TestEntry testId="bdc655c3-7a98-cacf-0691-2880400f1ad8" executionId="8d792584-b44c-4f50-88d2-0ff2af883f37" testListId="8c84fa94-04c1-424b-9868-57a2d4851a1d" />
    <TestEntry testId="7bd01959-01a6-053a-2f85-f6f8e60a8bd8" executionId="0eb09d28-1270-4cee-a41a-eca64baab56d" testListId="8c84fa94-04c1-424b-9868-57a2d4851a1d" />
    <TestEntry testId="793edadf-0d63-a3c2-e84f-d3feb838e5ec" executionId="96a007f9-1d35-4bf0-8cfe-498756cf3c39" testListId="8c84fa94-04c1-424b-9868-57a2d4851a1d" />
    <TestEntry testId="47017594-f55a-1762-3344-ec04a652fc8a" executionId="57ee986a-a994-4f2c-92ba-7fb42061ccfb" testListId="8c84fa94-04c1-424b-9868-57a2d4851a1d" />
    <TestEntry testId="89e161d9-8ecb-0367-40ec-2da32ec4ab38" executionId="6d04e958-01e7-4808-8060-2618b409308d" testListId="8c84fa94-04c1-424b-9868-57a2d4851a1d" />
    <TestEntry testId="1cfe333e-4729-d1d8-7f12-912e8fef4f66" executionId="822158d2-3f65-4f74-a603-78d02718c8b3" testListId="8c84fa94-04c1-424b-9868-57a2d4851a1d" />
    <TestEntry testId="d40cd553-f889-8fb3-6ada-6796f2b3f520" executionId="0f665fdf-586d-4247-8187-ce4ef0a333fa" testListId="8c84fa94-04c1-424b-9868-57a2d4851a1d" />
    <TestEntry testId="88f5a627-fc5a-9c8d-dcad-0b9efc266e5d" executionId="c4505c1e-bbd3-4fd6-898b-08a1b0bb5363" testListId="8c84fa94-04c1-424b-9868-57a2d4851a1d" />
    <TestEntry testId="6fa4c14d-d3c1-54b5-70d4-2fed823abe16" executionId="bc54f781-bb24-44b7-a2de-91ffd21986d4" testListId="8c84fa94-04c1-424b-9868-57a2d4851a1d" />
    <TestEntry testId="5d423d8a-7dcd-aa28-1674-129e07fdd611" executionId="b1ac3382-4cba-4ed8-ac7a-8f56f298a7c3" testListId="8c84fa94-04c1-424b-9868-57a2d4851a1d" />
    <TestEntry testId="1ecb4b55-5d3f-2602-badd-219d8905ade2" executionId="5cce1c08-1d73-4eec-b502-541339a8ca27" testListId="8c84fa94-04c1-424b-9868-57a2d4851a1d" />
    <TestEntry testId="3efa8e38-46f1-4cdf-0717-dfd161dcee66" executionId="f65a2acf-513c-42bd-ac88-1d208e874f80" testListId="8c84fa94-04c1-424b-9868-57a2d4851a1d" />
    <TestEntry testId="f439f141-330a-330e-2c73-0bfd75fc4778" executionId="c9ca6ca0-5cc8-4a28-97df-3784083a89f3" testListId="8c84fa94-04c1-424b-9868-57a2d4851a1d" />
    <TestEntry testId="9f065aee-1c10-3e6c-f143-b8a3dacc3eaf" executionId="5f277557-67e7-47e9-a51e-178589066058" testListId="8c84fa94-04c1-424b-9868-57a2d4851a1d" />
    <TestEntry testId="b1067354-2e66-2c52-3a63-6b97beb4083f" executionId="a36f6cba-e89b-441c-a0b9-70dc63592f79" testListId="8c84fa94-04c1-424b-9868-57a2d4851a1d" />
    <TestEntry testId="1c6201cb-c484-4244-a86f-7616f0fc4f04" executionId="b95c4445-fb70-4b80-ba00-b8c7cdd1e6d5" testListId="8c84fa94-04c1-424b-9868-57a2d4851a1d" />
    <TestEntry testId="f6388f5d-8896-cef4-b709-bf34fb455b66" executionId="8651de29-1803-4f5d-bb4d-c171eb83f748" testListId="8c84fa94-04c1-424b-9868-57a2d4851a1d" />
    <TestEntry testId="da690835-0eeb-70b9-bad4-553f6cdaf546" executionId="73e5760c-7ea9-4297-845a-e932f63c270a" testListId="8c84fa94-04c1-424b-9868-57a2d4851a1d" />
    <TestEntry testId="861d4b62-3657-5dbf-cee4-674ab79bc7c5" executionId="432a3dc2-40a8-46c7-9487-4146a72d7da2" testListId="8c84fa94-04c1-424b-9868-57a2d4851a1d" />
    <TestEntry testId="3fc91ad1-4698-1643-0067-3f0a79be4abc" executionId="4caac780-086e-4046-b110-70e77c32e0c8" testListId="8c84fa94-04c1-424b-9868-57a2d4851a1d" />
    <TestEntry testId="37223844-854f-50c8-b881-f7b899d618bf" executionId="8fcb45df-efdc-431f-9746-7832795b5f46" testListId="8c84fa94-04c1-424b-9868-57a2d4851a1d" />
    <TestEntry testId="97d04742-9a5b-6209-c622-bf0eb05cb8f9" executionId="4cb5df3a-cc9c-45d9-99cf-37a8274fb7e0" testListId="8c84fa94-04c1-424b-9868-57a2d4851a1d" />
    <TestEntry testId="1dfa7a91-fc71-c954-c8ba-de3f5e278891" executionId="d3581a1e-a450-434d-b985-6d9055680210" testListId="8c84fa94-04c1-424b-9868-57a2d4851a1d" />
    <TestEntry testId="8bda6c1a-8a16-f77b-607b-c0c56c3de8ac" executionId="159702e1-d2f3-4c83-b512-7e8b4c948b39" testListId="8c84fa94-04c1-424b-9868-57a2d4851a1d" />
  </TestEntries>
  <TestLists>
    <TestList name="Results Not in a List" id="8c84fa94-04c1-424b-9868-57a2d4851a1d" />
    <TestList name="All Loaded Results" id="19431567-8539-422a-85d7-44ee4e166bda" />
  </TestLists>
  <ResultSummary outcome="Completed">
    <Counters total="40" executed="40" passed="40" failed="0" error="0" timeout="0" aborted="0" inconclusive="0" passedButRunAborted="0" notRunnable="0" notExecuted="0" disconnected="0" warning="0" completed="0" inProgress="0" pending="0" />
    <Output>
      <StdOut>[xUnit.net 00:00:00.00] xUnit.net VSTest Adapter v2.8.2+699d445a1a (64-bit .NET 9.0.19)&#xD;
[xUnit.net 00:00:00.17]   Discovering: GisServer.Conformance.Tests&#xD;
[xUnit.net 00:00:00.30]   Discovered:  GisServer.Conformance.Tests&#xD;
[xUnit.net 00:00:00.31]   Starting:    GisServer.Conformance.Tests&#xD;
[xUnit.net 00:00:06.38]   Finished:    GisServer.Conformance.Tests&#xD;
</StdOut>
    </Output>
  </ResultSummary>
</TestRun>