<?xml version="1.0" encoding="utf-8"?>
<TestRun id="cbcd6844-16f0-4e8e-8fa4-18f1b4c03181" name="Erdinc@DESKTOP-M804G0L 2026-08-14 21:39:56" runUser="DESKTOP-M804G0L\Erdinc" xmlns="http://microsoft.com/schemas/VisualStudio/TeamTest/2010">
  <Times creation="2026-08-14T21:39:56.1559347+03:00" queuing="2026-08-14T21:39:56.1559354+03:00" start="2026-08-14T21:39:53.4443305+03:00" finish="2026-08-14T21:40:02.7741390+03:00" />
  <TestSettings name="default" id="86f121a4-bd9f-4e47-909d-31c4e85df2a0">
    <Deployment runDeploymentRoot="Erdinc_DESKTOP-M804G0L_2026-08-14_21_39_56" />
  </TestSettings>
  <Results>
    <UnitTestResult executionId="f5de0b6c-0adc-48b5-bba7-8e50affe94b3" testId="1baf40b9-30e2-75d0-f835-4a938c2ce4d5" testName="GisServer.Conformance.Tests.ArcGisConsistencyTests.The_object_id_is_emitted_as_a_number_because_it_is_declared_as_an_OID" computerName="DESKTOP-M804G0L" duration="00:00:01.2991497" startTime="2026-08-14T21:40:00.9882213+03:00" endTime="2026-08-14T21:40:00.9882214+03:00" testType="13cdc9d9-ddb5-4fa4-a97d-d965ccfc6d4b" outcome="Passed" testListId="8c84fa94-04c1-424b-9868-57a2d4851a1d" relativeResultsDirectory="f5de0b6c-0adc-48b5-bba7-8e50affe94b3" />
    <UnitTestResult executionId="318b462f-1b57-4d69-80b4-61aed9348d6c" testId="3efa8e38-46f1-4cdf-0717-dfd161dcee66" testName="GisServer.Conformance.Tests.GeometryServerConformanceTests.An_overlay_operation_answers_501_rather_than_404(operation: &quot;buffer&quot;)" computerName="DESKTOP-M804G0L" duration="00:00:00.2073660" startTime="2026-08-14T21:39:56.6478486+03:00" endTime="2026-08-14T21:39:56.6478505+03:00" testType="13cdc9d9-ddb5-4fa4-a97d-d965ccfc6d4b" outcome="Passed" testListId="8c84fa94-04c1-424b-9868-57a2d4851a1d" relativeResultsDirectory="318b462f-1b57-4d69-80b4-61aed9348d6c" />
    <UnitTestResult executionId="6dc443f7-5377-4160-8da2-dfed9e6ed5d9" testId="1cfe333e-4729-d1d8-7f12-912e8fef4f66" testName="GisServer.Conformance.Tests.ArcGisConsistencyTests.Every_declared_field_type_matches_the_value_actually_sent" computerName="DESKTOP-M804G0L" duration="00:00:01.1164355" startTime="2026-08-14T21:39:59.6884898+03:00" endTime="2026-08-14T21:39:59.6884911+03:00" testType="13cdc9d9-ddb5-4fa4-a97d-d965ccfc6d4b" outcome="Passed" testListId="8c84fa94-04c1-424b-9868-57a2d4851a1d" relativeResultsDirectory="6dc443f7-5377-4160-8da2-dfed9e6ed5d9" />
    <UnitTestResult executionId="1460b4e1-8821-4302-b576-747ac1b71534" testId="861d4b62-3657-5dbf-cee4-674ab79bc7c5" testName="GisServer.Conformance.Tests.GeometryServerConformanceTests.An_overlay_operation_answers_501_rather_than_404(operation: &quot;cut&quot;)" computerName="DESKTOP-M804G0L" duration="00:00:00.6330900" startTime="2026-08-14T21:39:55.9784289+03:00" endTime="2026-08-14T21:39:55.9784612+03:00" testType="13cdc9d9-ddb5-4fa4-a97d-d965ccfc6d4b" outcome="Passed" testListId="8c84fa94-04c1-424b-9868-57a2d4851a1d" relativeResultsDirectory="1460b4e1-8821-4302-b576-747ac1b71534" />
    <UnitTestResult executionId="9d64c8c8-744d-45a3-abf5-c95053f226a9" testId="f75e55b9-765e-27a7-c5bf-3fc5ead4984a" testName="GisServer.Conformance.Tests.ArcGisDiscoveryTests.Step1_the_server_identifies_itself_and_says_how_to_authenticate" computerName="DESKTOP-M804G0L" duration="00:00:00.1979623" startTime="2026-08-14T21:39:58.2696187+03:00" endTime="2026-08-14T21:39:58.2696194+03:00" testType="13cdc9d9-ddb5-4fa4-a97d-d965ccfc6d4b" outcome="Passed" testListId="8c84fa94-04c1-424b-9868-57a2d4851a1d" relativeResultsDirectory="9d64c8c8-744d-45a3-abf5-c95053f226a9" />
    <UnitTestResult executionId="045ccf73-a639-46e7-846a-2ac2b8bf07fd" testId="98ab7df1-9817-4407-7e83-1033909fa33a" testName="GisServer.Conformance.Tests.ArcGisDiscoveryTests.A_layer_that_is_not_shared_looks_exactly_like_one_that_does_not_exist" computerName="DESKTOP-M804G0L" duration="00:00:00.3824251" startTime="2026-08-14T21:39:58.0649579+03:00" endTime="2026-08-14T21:39:58.0649587+03:00" testType="13cdc9d9-ddb5-4fa4-a97d-d965ccfc6d4b" outcome="Passed" testListId="8c84fa94-04c1-424b-9868-57a2d4851a1d" relativeResultsDirectory="045ccf73-a639-46e7-846a-2ac2b8bf07fd" />
    <UnitTestResult executionId="d6f40672-9e94-44f8-8375-099ce8643b9e" testId="b21606c6-f70c-f574-af3a-53d715c03b4e" testName="GisServer.Conformance.Tests.ArcGisDiscoveryTests.Step4a_the_extent_is_either_absent_or_actually_somewhere" computerName="DESKTOP-M804G0L" duration="00:00:00.5795749" startTime="2026-08-14T21:39:59.8095886+03:00" endTime="2026-08-14T21:39:59.8095892+03:00" testType="13cdc9d9-ddb5-4fa4-a97d-d965ccfc6d4b" outcome="Passed" testListId="8c84fa94-04c1-424b-9868-57a2d4851a1d" relativeResultsDirectory="d6f40672-9e94-44f8-8375-099ce8643b9e" />
    <UnitTestResult executionId="175a52ef-3617-4e11-83f9-a70ae84d5cd8" testId="1c9b0c97-b927-da40-7d81-82426c821e00" testName="GisServer.Conformance.Tests.VectorTileConformanceTests.Step1_the_service_document_says_where_the_tiles_are" computerName="DESKTOP-M804G0L" duration="00:00:00.7185144" startTime="2026-08-14T21:39:56.0423251+03:00" endTime="2026-08-14T21:39:56.0423253+03:00" testType="13cdc9d9-ddb5-4fa4-a97d-d965ccfc6d4b" outcome="Passed" testListId="8c84fa94-04c1-424b-9868-57a2d4851a1d" relativeResultsDirectory="175a52ef-3617-4e11-83f9-a70ae84d5cd8" />
    <UnitTestResult executionId="30e90e5d-b03a-4296-9067-d9e0a6edeedb" testId="c5dd5036-50b2-9ff5-83d7-c4fbb4755220" testName="GisServer.Conformance.Tests.VectorTileConformanceTests.Step3_the_default_style_resolves_and_names_a_source_layer" computerName="DESKTOP-M804G0L" duration="00:00:00.6454141" startTime="2026-08-14T21:39:57.8858442+03:00" endTime="2026-08-14T21:39:57.8858448+03:00" testType="13cdc9d9-ddb5-4fa4-a97d-d965ccfc6d4b" outcome="Passed" testListId="8c84fa94-04c1-424b-9868-57a2d4851a1d" relativeResultsDirectory="30e90e5d-b03a-4296-9067-d9e0a6edeedb" />
    <UnitTestResult executionId="3dd3794e-f1d7-49d7-bc8f-9c29611e5d75" testId="89e161d9-8ecb-0367-40ec-2da32ec4ab38" testName="GisServer.Conformance.Tests.ArcGisConsistencyTests.Every_attribute_returned_was_declared_as_a_field" computerName="DESKTOP-M804G0L" duration="00:00:00.2890650" startTime="2026-08-14T21:40:02.6344604+03:00" endTime="2026-08-14T21:40:02.6344614+03:00" testType="13cdc9d9-ddb5-4fa4-a97d-d965ccfc6d4b" outcome="Passed" testListId="8c84fa94-04c1-424b-9868-57a2d4851a1d" relativeResultsDirectory="3dd3794e-f1d7-49d7-bc8f-9c29611e5d75" />
    <UnitTestResult executionId="72859e5d-a6ff-4495-bb74-cc360d5ea7be" testId="ed4b95fb-a6cf-a978-8da2-bcbfdb092fef" testName="GisServer.Conformance.Tests.ArcGisDiscoveryTests.Every_service_in_the_catalogue_can_actually_be_opened" computerName="DESKTOP-M804G0L" duration="00:00:00.8951788" startTime="2026-08-14T21:39:59.1923839+03:00" endTime="2026-08-14T21:39:59.1923851+03:00" testType="13cdc9d9-ddb5-4fa4-a97d-d965ccfc6d4b" outcome="Passed" testListId="8c84fa94-04c1-424b-9868-57a2d4851a1d" relativeResultsDirectory="72859e5d-a6ff-4495-bb74-cc360d5ea7be" />
    <UnitTestResult executionId="12ac9755-1a6d-471d-867a-267a8f771eac" testId="d240bb9b-03cf-7976-8e07-53deba3cf90b" testName="GisServer.Conformance.Tests.VectorTileConformanceTests.A_tile_is_served_with_a_content_type_a_client_recognises" computerName="DESKTOP-M804G0L" duration="00:00:01.4508252" startTime="2026-08-14T21:40:00.3775097+03:00" endTime="2026-08-14T21:40:00.3775105+03:00" testType="13cdc9d9-ddb5-4fa4-a97d-d965ccfc6d4b" outcome="Passed" testListId="8c84fa94-04c1-424b-9868-57a2d4851a1d" relativeResultsDirectory="12ac9755-1a6d-471d-867a-267a8f771eac" />
    <UnitTestResult executionId="af5f815c-ae0a-4ebc-9141-961596e6af9f" testId="ca818517-7478-8b17-fe6a-5cd6bea7c448" testName="GisServer.Conformance.Tests.VectorTileConformanceTests.An_address_outside_the_pyramid_is_refused_rather_than_faulted" computerName="DESKTOP-M804G0L" duration="00:00:00.3983364" startTime="2026-08-14T21:39:58.2919729+03:00" endTime="2026-08-14T21:39:58.2919747+03:00" testType="13cdc9d9-ddb5-4fa4-a97d-d965ccfc6d4b" outcome="Passed" testListId="8c84fa94-04c1-424b-9868-57a2d4851a1d" relativeResultsDirectory="af5f815c-ae0a-4ebc-9141-961596e6af9f" />
    <UnitTestResult executionId="df383892-d6af-447a-a3b7-ebc8c94c4821" testId="d40cd553-f889-8fb3-6ada-6796f2b3f520" testName="GisServer.Conformance.Tests.VectorTileConformanceTests.Step4_a_tile_built_from_the_documents_decodes_to_real_geometry" computerName="DESKTOP-M804G0L" duration="00:00:01.2399148" startTime="2026-08-14T21:39:57.2391609+03:00" endTime="2026-08-14T21:39:57.2391620+03:00" testType="13cdc9d9-ddb5-4fa4-a97d-d965ccfc6d4b" outcome="Passed" testListId="8c84fa94-04c1-424b-9868-57a2d4851a1d" relativeResultsDirectory="df383892-d6af-447a-a3b7-ebc8c94c4821" />
    <UnitTestResult executionId="1e58d843-f3b7-4bb0-ad6b-24694b3ac2f1" testId="1dfa7a91-fc71-c954-c8ba-de3f5e278891" testName="GisServer.Conformance.Tests.GeometryServerConformanceTests.Measurements_say_out_loud_that_they_are_planar" computerName="DESKTOP-M804G0L" duration="00:00:00.1674655" startTime="2026-08-14T21:39:58.2963281+03:00" endTime="2026-08-14T21:39:58.2963283+03:00" testType="13cdc9d9-ddb5-4fa4-a97d-d965ccfc6d4b" outcome="Passed" testListId="8c84fa94-04c1-424b-9868-57a2d4851a1d" relativeResultsDirectory="1e58d843-f3b7-4bb0-ad6b-24694b3ac2f1" />
    <UnitTestResult executionId="85c11e78-f2ce-4b9e-b18e-54e65679ebb8" testId="f6388f5d-8896-cef4-b709-bf34fb455b66" testName="GisServer.Conformance.Tests.VectorTileConformanceTests.An_empty_tile_is_a_success_rather_than_a_failure" computerName="DESKTOP-M804G0L" duration="00:00:00.7372038" startTime="2026-08-14T21:40:01.1237509+03:00" endTime="2026-08-14T21:40:01.1237529+03:00" testType="13cdc9d9-ddb5-4fa4-a97d-d965ccfc6d4b" outcome="Passed" testListId="8c84fa94-04c1-424b-9868-57a2d4851a1d" relativeResultsDirectory="85c11e78-f2ce-4b9e-b18e-54e65679ebb8" />
    <UnitTestResult executionId="970f3cfc-d6e4-4837-9482-31b1175ea165" testId="793edadf-0d63-a3c2-e84f-d3feb838e5ec" testName="GisServer.Conformance.Tests.ArcGisConsistencyTests.A_polygon_ring_is_closed_and_wound_the_way_ArcGIS_requires" computerName="DESKTOP-M804G0L" duration="00:00:00.5781546" startTime="2026-08-14T21:39:57.9659700+03:00" endTime="2026-08-14T21:39:57.9659710+03:00" testType="13cdc9d9-ddb5-4fa4-a97d-d965ccfc6d4b" outcome="Passed" testListId="8c84fa94-04c1-424b-9868-57a2d4851a1d" relativeResultsDirectory="970f3cfc-d6e4-4837-9482-31b1175ea165" />
    <UnitTestResult executionId="b0f12b28-6146-43c2-bc07-60fb148cf43c" testId="37223844-854f-50c8-b881-f7b899d618bf" testName="GisServer.Conformance.Tests.GeometryServerConformanceTests.A_label_point_lands_inside_a_C_shape_rather_than_in_its_notch" computerName="DESKTOP-M804G0L" duration="00:00:00.3161398" startTime="2026-08-14T21:39:57.6211600+03:00" endTime="2026-08-14T21:39:57.6211606+03:00" testType="13cdc9d9-ddb5-4fa4-a97d-d965ccfc6d4b" outcome="Passed" testListId="8c84fa94-04c1-424b-9868-57a2d4851a1d" relativeResultsDirectory="b0f12b28-6146-43c2-bc07-60fb148cf43c" />
    <UnitTestResult executionId="ab77c124-5905-4744-93ae-fff00df8f53d" testId="605e8b38-0344-8125-1e1d-de30da9c5ef6" testName="GisServer.Conformance.Tests.VectorTileConformanceTests.Step5_the_source_layer_in_the_style_matches_the_layer_in_the_tile" computerName="DESKTOP-M804G0L" duration="00:00:00.5342957" startTime="2026-08-14T21:40:01.6593410+03:00" endTime="2026-08-14T21:40:01.6593413+03:00" testType="13cdc9d9-ddb5-4fa4-a97d-d965ccfc6d4b" outcome="Passed" testListId="8c84fa94-04c1-424b-9868-57a2d4851a1d" relativeResultsDirectory="ab77c124-5905-4744-93ae-fff00df8f53d" />
    <UnitTestResult executionId="dd8b0b7e-9cba-4757-8a74-80d66e448014" testId="1ecb4b55-5d3f-2602-badd-219d8905ade2" testName="GisServer.Conformance.Tests.GeometryServerConformanceTests.The_service_lists_what_it_does_and_what_it_does_not" computerName="DESKTOP-M804G0L" duration="00:00:00.1493141" startTime="2026-08-14T21:39:57.7741243+03:00" endTime="2026-08-14T21:39:57.7741248+03:00" testType="13cdc9d9-ddb5-4fa4-a97d-d965ccfc6d4b" outcome="Passed" testListId="8c84fa94-04c1-424b-9868-57a2d4851a1d" relativeResultsDirectory="dd8b0b7e-9cba-4757-8a74-80d66e448014" />
    <UnitTestResult executionId="f3d9a3f3-a127-434f-a67e-4f619afb47ef" testId="1c6201cb-c484-4244-a86f-7616f0fc4f04" testName="GisServer.Conformance.Tests.GeometryServerConformanceTests.A_projection_says_which_engine_did_it" computerName="DESKTOP-M804G0L" duration="00:00:00.5949896" startTime="2026-08-14T21:39:59.2221252+03:00" endTime="2026-08-14T21:39:59.2221258+03:00" testType="13cdc9d9-ddb5-4fa4-a97d-d965ccfc6d4b" outcome="Passed" testListId="8c84fa94-04c1-424b-9868-57a2d4851a1d" relativeResultsDirectory="f3d9a3f3-a127-434f-a67e-4f619afb47ef" />
    <UnitTestResult executionId="0a9dd7a0-30de-4ca0-93ff-2405ea5af380" testId="b1067354-2e66-2c52-3a63-6b97beb4083f" testName="GisServer.Conformance.Tests.GeometryServerConformanceTests.A_square_with_a_hole_measures_what_arithmetic_says" computerName="DESKTOP-M804G0L" duration="00:00:00.1992166" startTime="2026-08-14T21:40:00.0682106+03:00" endTime="2026-08-14T21:40:00.0682113+03:00" testType="13cdc9d9-ddb5-4fa4-a97d-d965ccfc6d4b" outcome="Passed" testListId="8c84fa94-04c1-424b-9868-57a2d4851a1d" relativeResultsDirectory="0a9dd7a0-30de-4ca0-93ff-2405ea5af380" />
    <UnitTestResult executionId="65a6e42e-c961-44db-9c79-21e3209a8318" testId="7bd01959-01a6-053a-2f85-f6f8e60a8bd8" testName="GisServer.Conformance.Tests.GeometryServerConformanceTests.An_overlay_operation_answers_501_rather_than_404(operation: &quot;intersect&quot;)" computerName="DESKTOP-M804G0L" duration="00:00:00.4028915" startTime="2026-08-14T21:39:56.4390319+03:00" endTime="2026-08-14T21:39:56.4390324+03:00" testType="13cdc9d9-ddb5-4fa4-a97d-d965ccfc6d4b" outcome="Passed" testListId="8c84fa94-04c1-424b-9868-57a2d4851a1d" relativeResultsDirectory="65a6e42e-c961-44db-9c79-21e3209a8318" />
    <UnitTestResult executionId="5cc3e61c-d1ca-4228-ab49-e7874377eed6" testId="88f5a627-fc5a-9c8d-dcad-0b9efc266e5d" testName="GisServer.Conformance.Tests.ArcGisConsistencyTests.The_advertised_maximum_is_not_exceeded_by_a_request_for_more" computerName="DESKTOP-M804G0L" duration="00:00:00.7489815" startTime="2026-08-14T21:40:02.3444852+03:00" endTime="2026-08-14T21:40:02.3444856+03:00" testType="13cdc9d9-ddb5-4fa4-a97d-d965ccfc6d4b" outcome="Passed" testListId="8c84fa94-04c1-424b-9868-57a2d4851a1d" relativeResultsDirectory="5cc3e61c-d1ca-4228-ab49-e7874377eed6" />
    <UnitTestResult executionId="0f468c8e-5348-459d-b83a-b6e8891efde3" testId="97d04742-9a5b-6209-c622-bf0eb05cb8f9" testName="GisServer.Conformance.Tests.GeometryServerConformanceTests.An_overlay_operation_answers_501_rather_than_404(operation: &quot;union&quot;)" computerName="DESKTOP-M804G0L" duration="00:00:00.1768228" startTime="2026-08-14T21:39:57.2763750+03:00" endTime="2026-08-14T21:39:57.2763756+03:00" testType="13cdc9d9-ddb5-4fa4-a97d-d965ccfc6d4b" outcome="Passed" testListId="8c84fa94-04c1-424b-9868-57a2d4851a1d" relativeResultsDirectory="0f468c8e-5348-459d-b83a-b6e8891efde3" />
    <UnitTestResult executionId="407831fb-6ae8-4c3c-a2cf-45e726e4f554" testId="3bb84e29-4e1c-e65f-1d1f-80e58ad39238" testName="GisServer.Conformance.Tests.GeometryServerConformanceTests.A_refusal_explains_itself_and_says_where_the_reasoning_is" computerName="DESKTOP-M804G0L" duration="00:00:00.3130654" startTime="2026-08-14T21:39:58.6227834+03:00" endTime="2026-08-14T21:39:58.6227840+03:00" testType="13cdc9d9-ddb5-4fa4-a97d-d965ccfc6d4b" outcome="Passed" testListId="8c84fa94-04c1-424b-9868-57a2d4851a1d" relativeResultsDirectory="407831fb-6ae8-4c3c-a2cf-45e726e4f554" />
    <UnitTestResult executionId="60b3d027-775b-4a00-952a-fa1c3f9eafdc" testId="6ead9bfc-abe8-6aff-b120-9ad8ffdb9aeb" testName="GisServer.Conformance.Tests.ArcGisConsistencyTests.The_query_names_the_same_object_id_field_the_layer_document_declares" computerName="DESKTOP-M804G0L" duration="00:00:00.6055121" startTime="2026-08-14T21:40:01.5945131+03:00" endTime="2026-08-14T21:40:01.5945135+03:00" testType="13cdc9d9-ddb5-4fa4-a97d-d965ccfc6d4b" outcome="Passed" testListId="8c84fa94-04c1-424b-9868-57a2d4851a1d" relativeResultsDirectory="60b3d027-775b-4a00-952a-fa1c3f9eafdc" />
    <UnitTestResult executionId="fce7fafb-66e5-4658-8d66-3399cc1cfff9" testId="219fb1ba-5056-09e6-044e-0421877d647e" testName="GisServer.Conformance.Tests.GeometryServerConformanceTests.An_overlay_operation_answers_501_rather_than_404(operation: &quot;difference&quot;)" computerName="DESKTOP-M804G0L" duration="00:00:00.4329794" startTime="2026-08-14T21:39:57.0878320+03:00" endTime="2026-08-14T21:39:57.0878327+03:00" testType="13cdc9d9-ddb5-4fa4-a97d-d965ccfc6d4b" outcome="Passed" testListId="8c84fa94-04c1-424b-9868-57a2d4851a1d" relativeResultsDirectory="fce7fafb-66e5-4658-8d66-3399cc1cfff9" />
    <UnitTestResult executionId="e09f15e9-60fd-46fd-b842-418b0c0222f1" testId="5d423d8a-7dcd-aa28-1674-129e07fdd611" testName="GisServer.Conformance.Tests.ArcGisDiscoveryTests.Step4_the_layer_document_carries_everything_needed_to_add_the_layer" computerName="DESKTOP-M804G0L" duration="00:00:00.7238796" startTime="2026-08-14T21:39:56.2295251+03:00" endTime="2026-08-14T21:39:56.2295254+03:00" testType="13cdc9d9-ddb5-4fa4-a97d-d965ccfc6d4b" outcome="Passed" testListId="8c84fa94-04c1-424b-9868-57a2d4851a1d" relativeResultsDirectory="e09f15e9-60fd-46fd-b842-418b0c0222f1" />
    <UnitTestResult executionId="9a8d575b-b975-460d-a018-9110bb560647" testId="6fa4c14d-d3c1-54b5-70d4-2fed823abe16" testName="GisServer.Conformance.Tests.ArcGisConsistencyTests.The_query_returns_the_spatial_reference_the_layer_document_promised" computerName="DESKTOP-M804G0L" duration="00:00:00.9810778" startTime="2026-08-14T21:39:57.3729719+03:00" endTime="2026-08-14T21:39:57.3729726+03:00" testType="13cdc9d9-ddb5-4fa4-a97d-d965ccfc6d4b" outcome="Passed" testListId="8c84fa94-04c1-424b-9868-57a2d4851a1d" relativeResultsDirectory="9a8d575b-b975-460d-a018-9110bb560647" />
    <UnitTestResult executionId="5642720c-53db-4b0a-b9cb-8ed3e4efa6ea" testId="da690835-0eeb-70b9-bad4-553f6cdaf546" testName="GisServer.Conformance.Tests.GeometryServerConformanceTests.A_batch_comes_back_in_the_order_it_went_in" computerName="DESKTOP-M804G0L" duration="00:00:00.9187842" startTime="2026-08-14T21:40:00.9881321+03:00" endTime="2026-08-14T21:40:00.9881333+03:00" testType="13cdc9d9-ddb5-4fa4-a97d-d965ccfc6d4b" outcome="Passed" testListId="8c84fa94-04c1-424b-9868-57a2d4851a1d" relativeResultsDirectory="5642720c-53db-4b0a-b9cb-8ed3e4efa6ea" />
    <UnitTestResult executionId="ed5d1f74-d59d-43b3-bfeb-bccf79b9afb2" testId="016dfbb7-0d6b-b57d-68ba-d05d51caa549" testName="GisServer.Conformance.Tests.VectorTileConformanceTests.Step2_the_tiling_scheme_is_complete_enough_to_place_a_tile" computerName="DESKTOP-M804G0L" duration="00:00:00.5518345" startTime="2026-08-14T21:39:58.9164509+03:00" endTime="2026-08-14T21:39:58.9164516+03:00" testType="13cdc9d9-ddb5-4fa4-a97d-d965ccfc6d4b" outcome="Passed" testListId="8c84fa94-04c1-424b-9868-57a2d4851a1d" relativeResultsDirectory="ed5d1f74-d59d-43b3-bfeb-bccf79b9afb2" />
    <UnitTestResult executionId="71d56c75-27d7-420a-a957-6e50744e361f" testId="056f9daf-4ab1-7281-5960-46bb68c6c7d8" testName="GisServer.Conformance.Tests.ArcGisConsistencyTests.The_query_returns_the_geometry_type_the_layer_document_promised" computerName="DESKTOP-M804G0L" duration="00:00:00.5519339" startTime="2026-08-14T21:39:58.5674799+03:00" endTime="2026-08-14T21:39:58.5674805+03:00" testType="13cdc9d9-ddb5-4fa4-a97d-d965ccfc6d4b" outcome="Passed" testListId="8c84fa94-04c1-424b-9868-57a2d4851a1d" relativeResultsDirectory="71d56c75-27d7-420a-a957-6e50744e361f" />
    <UnitTestResult executionId="5c195ad4-83c7-4982-8bfe-3add79bb8006" testId="bcc47ad1-4158-a8e4-9a35-b1714ad9f486" testName="GisServer.Conformance.Tests.GeometryServerConformanceTests.A_missing_spatial_reference_is_refused_with_the_field_name" computerName="DESKTOP-M804G0L" duration="00:00:00.2371444" startTime="2026-08-14T21:39:59.8677717+03:00" endTime="2026-08-14T21:39:59.8677729+03:00" testType="13cdc9d9-ddb5-4fa4-a97d-d965ccfc6d4b" outcome="Passed" testListId="8c84fa94-04c1-424b-9868-57a2d4851a1d" relativeResultsDirectory="5c195ad4-83c7-4982-8bfe-3add79bb8006" />
    <UnitTestResult executionId="bf2f6821-0d9f-4ba8-9648-1d3389c9f224" testId="3fc91ad1-4698-1643-0067-3f0a79be4abc" testName="GisServer.Conformance.Tests.GeometryServerConformanceTests.Esris_own_code_for_Web_Mercator_is_accepted" computerName="DESKTOP-M804G0L" duration="00:00:00.3425356" startTime="2026-08-14T21:39:59.6264674+03:00" endTime="2026-08-14T21:39:59.6264680+03:00" testType="13cdc9d9-ddb5-4fa4-a97d-d965ccfc6d4b" outcome="Passed" testListId="8c84fa94-04c1-424b-9868-57a2d4851a1d" relativeResultsDirectory="bf2f6821-0d9f-4ba8-9648-1d3389c9f224" />
    <UnitTestResult executionId="270abd9f-c69c-4ad6-b4f2-869819fcf144" testId="47017594-f55a-1762-3344-ec04a652fc8a" testName="GisServer.Conformance.Tests.ArcGisConsistencyTests.Requesting_a_named_field_returns_that_field_and_the_object_id" computerName="DESKTOP-M804G0L" duration="00:00:00.9867996" startTime="2026-08-14T21:39:56.3659501+03:00" endTime="2026-08-14T21:39:56.3659507+03:00" testType="13cdc9d9-ddb5-4fa4-a97d-d965ccfc6d4b" outcome="Passed" testListId="8c84fa94-04c1-424b-9868-57a2d4851a1d" relativeResultsDirectory="270abd9f-c69c-4ad6-b4f2-869819fcf144" />
    <UnitTestResult executionId="f9273b6c-3aea-4af5-83d8-75d1d83d0cc1" testId="f439f141-330a-330e-2c73-0bfd75fc4778" testName="GisServer.Conformance.Tests.GeometryServerConformanceTests.Projecting_Istanbul_from_degrees_to_metres_lands_where_it_should" computerName="DESKTOP-M804G0L" duration="00:00:00.3293178" startTime="2026-08-14T21:39:58.1241045+03:00" endTime="2026-08-14T21:39:58.1241053+03:00" testType="13cdc9d9-ddb5-4fa4-a97d-d965ccfc6d4b" outcome="Passed" testListId="8c84fa94-04c1-424b-9868-57a2d4851a1d" relativeResultsDirectory="f9273b6c-3aea-4af5-83d8-75d1d83d0cc1" />
    <UnitTestResult executionId="cfd44900-b587-4a98-a50a-0c0098052606" testId="8bda6c1a-8a16-f77b-607b-c0c56c3de8ac" testName="GisServer.Conformance.Tests.ArcGisDiscoveryTests.Step3_the_service_document_is_where_the_naming_convention_says" computerName="DESKTOP-M804G0L" duration="00:00:00.3312014" startTime="2026-08-14T21:39:57.6807473+03:00" endTime="2026-08-14T21:39:57.6807492+03:00" testType="13cdc9d9-ddb5-4fa4-a97d-d965ccfc6d4b" outcome="Passed" testListId="8c84fa94-04c1-424b-9868-57a2d4851a1d" relativeResultsDirectory="cfd44900-b587-4a98-a50a-0c0098052606" />
    <UnitTestResult executionId="f7e10f44-1a79-4c52-8a02-164257b4cf6f" testId="bdc655c3-7a98-cacf-0691-2880400f1ad8" testName="GisServer.Conformance.Tests.ArcGisDiscoveryTests.Step5_a_query_built_from_the_documents_returns_features" computerName="DESKTOP-M804G0L" duration="00:00:00.8197780" startTime="2026-08-14T21:39:57.0508431+03:00" endTime="2026-08-14T21:39:57.0508438+03:00" testType="13cdc9d9-ddb5-4fa4-a97d-d965ccfc6d4b" outcome="Passed" testListId="8c84fa94-04c1-424b-9868-57a2d4851a1d" relativeResultsDirectory="f7e10f44-1a79-4c52-8a02-164257b4cf6f" />
    <UnitTestResult executionId="af4e9fbb-f531-456e-b5c2-7adf00bcca11" testId="9f065aee-1c10-3e6c-f143-b8a3dacc3eaf" testName="GisServer.Conformance.Tests.ArcGisDiscoveryTests.Step2_the_catalogue_lists_services_a_client_can_address" computerName="DESKTOP-M804G0L" duration="00:00:00.2951031" startTime="2026-08-14T21:39:57.3475811+03:00" endTime="2026-08-14T21:39:57.3475822+03:00" testType="13cdc9d9-ddb5-4fa4-a97d-d965ccfc6d4b" outcome="Passed" testListId="8c84fa94-04c1-424b-9868-57a2d4851a1d" relativeResultsDirectory="af4e9fbb-f531-456e-b5c2-7adf00bcca11" />
  </Results>
  <TestDefinitions>
    <UnitTest name="GisServer.Conformance.Tests.GeometryServerConformanceTests.An_overlay_operation_answers_501_rather_than_404(operation: &quot;union&quot;)" storage="c:\personal\projects\gis\tests\gisserver.conformance.tests\bin\release\net9.0\gisserver.conformance.tests.dll" id="97d04742-9a5b-6209-c622-bf0eb05cb8f9">
      <Execution id="0f468c8e-5348-459d-b83a-b6e8891efde3" />
      <TestMethod codeBase="C:\Personal\Projects\GIS\tests\GisServer.Conformance.Tests\bin\Release\net9.0\GisServer.Conformance.Tests.dll" adapterTypeName="executor://xunit/VsTestRunner2/netcoreapp" className="GisServer.Conformance.Tests.GeometryServerConformanceTests" name="An_overlay_operation_answers_501_rather_than_404" />
    </UnitTest>
    <UnitTest name="GisServer.Conformance.Tests.ArcGisDiscoveryTests.A_layer_that_is_not_shared_looks_exactly_like_one_that_does_not_exist" storage="c:\personal\projects\gis\tests\gisserver.conformance.tests\bin\release\net9.0\gisserver.conformance.tests.dll" id="98ab7df1-9817-4407-7e83-1033909fa33a">
      <Execution id="045ccf73-a639-46e7-846a-2ac2b8bf07fd" />
      <TestMethod codeBase="C:\Personal\Projects\GIS\tests\GisServer.Conformance.Tests\bin\Release\net9.0\GisServer.Conformance.Tests.dll" adapterTypeName="executor://xunit/VsTestRunner2/netcoreapp" className="GisServer.Conformance.Tests.ArcGisDiscoveryTests" name="A_layer_that_is_not_shared_looks_exactly_like_one_that_does_not_exist" />
    </UnitTest>
    <UnitTest name="GisServer.Conformance.Tests.ArcGisDiscoveryTests.Step4_the_layer_document_carries_everything_needed_to_add_the_layer" storage="c:\personal\projects\gis\tests\gisserver.conformance.tests\bin\release\net9.0\gisserver.conformance.tests.dll" id="5d423d8a-7dcd-aa28-1674-129e07fdd611">
      <Execution id="e09f15e9-60fd-46fd-b842-418b0c0222f1" />
      <TestMethod codeBase="C:\Personal\Projects\GIS\tests\GisServer.Conformance.Tests\bin\Release\net9.0\GisServer.Conformance.Tests.dll" adapterTypeName="executor://xunit/VsTestRunner2/netcoreapp" className="GisServer.Conformance.Tests.ArcGisDiscoveryTests" name="Step4_the_layer_document_carries_everything_needed_to_add_the_layer" />
    </UnitTest>
    <UnitTest name="GisServer.Conformance.Tests.VectorTileConformanceTests.Step3_the_default_style_resolves_and_names_a_source_layer" storage="c:\personal\projects\gis\tests\gisserver.conformance.tests\bin\release\net9.0\gisserver.conformance.tests.dll" id="c5dd5036-50b2-9ff5-83d7-c4fbb4755220">
      <Execution id="30e90e5d-b03a-4296-9067-d9e0a6edeedb" />
      <TestMethod codeBase="C:\Personal\Projects\GIS\tests\GisServer.Conformance.Tests\bin\Release\net9.0\GisServer.Conformance.Tests.dll" adapterTypeName="executor://xunit/VsTestRunner2/netcoreapp" className="GisServer.Conformance.Tests.VectorTileConformanceTests" name="Step3_the_default_style_resolves_and_names_a_source_layer" />
    </UnitTest>
    <UnitTest name="GisServer.Conformance.Tests.GeometryServerConformanceTests.An_overlay_operation_answers_501_rather_than_404(operation: &quot;cut&quot;)" storage="c:\personal\projects\gis\tests\gisserver.conformance.tests\bin\release\net9.0\gisserver.conformance.tests.dll" id="861d4b62-3657-5dbf-cee4-674ab79bc7c5">
      <Execution id="1460b4e1-8821-4302-b576-747ac1b71534" />
      <TestMethod codeBase="C:\Personal\Projects\GIS\tests\GisServer.Conformance.Tests\bin\Release\net9.0\GisServer.Conformance.Tests.dll" adapterTypeName="executor://xunit/VsTestRunner2/netcoreapp" className="GisServer.Conformance.Tests.GeometryServerConformanceTests" name="An_overlay_operation_answers_501_rather_than_404" />
    </UnitTest>
    <UnitTest name="GisServer.Conformance.Tests.GeometryServerConformanceTests.A_square_with_a_hole_measures_what_arithmetic_says" storage="c:\personal\projects\gis\tests\gisserver.conformance.tests\bin\release\net9.0\gisserver.conformance.tests.dll" id="b1067354-2e66-2c52-3a63-6b97beb4083f">
      <Execution id="0a9dd7a0-30de-4ca0-93ff-2405ea5af380" />
      <TestMethod codeBase="C:\Personal\Projects\GIS\tests\GisServer.Conformance.Tests\bin\Release\net9.0\GisServer.Conformance.Tests.dll" adapterTypeName="executor://xunit/VsTestRunner2/netcoreapp" className="GisServer.Conformance.Tests.GeometryServerConformanceTests" name="A_square_with_a_hole_measures_what_arithmetic_says" />
    </UnitTest>
    <UnitTest name="GisServer.Conformance.Tests.VectorTileConformanceTests.An_address_outside_the_pyramid_is_refused_rather_than_faulted" storage="c:\personal\projects\gis\tests\gisserver.conformance.tests\bin\release\net9.0\gisserver.conformance.tests.dll" id="ca818517-7478-8b17-fe6a-5cd6bea7c448">
      <Execution id="af5f815c-ae0a-4ebc-9141-961596e6af9f" />
      <TestMethod codeBase="C:\Personal\Projects\GIS\tests\GisServer.Conformance.Tests\bin\Release\net9.0\GisServer.Conformance.Tests.dll" adapterTypeName="executor://xunit/VsTestRunner2/netcoreapp" className="GisServer.Conformance.Tests.VectorTileConformanceTests" name="An_address_outside_the_pyramid_is_refused_rather_than_faulted" />
    </UnitTest>
    <UnitTest name="GisServer.Conformance.Tests.VectorTileConformanceTests.Step4_a_tile_built_from_the_documents_decodes_to_real_geometry" storage="c:\personal\projects\gis\tests\gisserver.conformance.tests\bin\release\net9.0\gisserver.conformance.tests.dll" id="d40cd553-f889-8fb3-6ada-6796f2b3f520">
      <Execution id="df383892-d6af-447a-a3b7-ebc8c94c4821" />
      <TestMethod codeBase="C:\Personal\Projects\GIS\tests\GisServer.Conformance.Tests\bin\Release\net9.0\GisServer.Conformance.Tests.dll" adapterTypeName="executor://xunit/VsTestRunner2/netcoreapp" className="GisServer.Conformance.Tests.VectorTileConformanceTests" name="Step4_a_tile_built_from_the_documents_decodes_to_real_geometry" />
    </UnitTest>
    <UnitTest name="GisServer.Conformance.Tests.ArcGisDiscoveryTests.Step2_the_catalogue_lists_services_a_client_can_address" storage="c:\personal\projects\gis\tests\gisserver.conformance.tests\bin\release\net9.0\gisserver.conformance.tests.dll" id="9f065aee-1c10-3e6c-f143-b8a3dacc3eaf">
      <Execution id="af4e9fbb-f531-456e-b5c2-7adf00bcca11" />
      <TestMethod codeBase="C:\Personal\Projects\GIS\tests\GisServer.Conformance.Tests\bin\Release\net9.0\GisServer.Conformance.Tests.dll" adapterTypeName="executor://xunit/VsTestRunner2/netcoreapp" className="GisServer.Conformance.Tests.ArcGisDiscoveryTests" name="Step2_the_catalogue_lists_services_a_client_can_address" />
    </UnitTest>
    <UnitTest name="GisServer.Conformance.Tests.GeometryServerConformanceTests.A_projection_says_which_engine_did_it" storage="c:\personal\projects\gis\tests\gisserver.conformance.tests\bin\release\net9.0\gisserver.conformance.tests.dll" id="1c6201cb-c484-4244-a86f-7616f0fc4f04">
      <Execution id="f3d9a3f3-a127-434f-a67e-4f619afb47ef" />
      <TestMethod codeBase="C:\Personal\Projects\GIS\tests\GisServer.Conformance.Tests\bin\Release\net9.0\GisServer.Conformance.Tests.dll" adapterTypeName="executor://xunit/VsTestRunner2/netcoreapp" className="GisServer.Conformance.Tests.GeometryServerConformanceTests" name="A_projection_says_which_engine_did_it" />
    </UnitTest>
    <UnitTest name="GisServer.Conformance.Tests.ArcGisConsistencyTests.The_advertised_maximum_is_not_exceeded_by_a_request_for_more" storage="c:\personal\projects\gis\tests\gisserver.conformance.tests\bin\release\net9.0\gisserver.conformance.tests.dll" id="88f5a627-fc5a-9c8d-dcad-0b9efc266e5d">
      <Execution id="5cc3e61c-d1ca-4228-ab49-e7874377eed6" />
      <TestMethod codeBase="C:\Personal\Projects\GIS\tests\GisServer.Conformance.Tests\bin\Release\net9.0\GisServer.Conformance.Tests.dll" adapterTypeName="executor://xunit/VsTestRunner2/netcoreapp" className="GisServer.Conformance.Tests.ArcGisConsistencyTests" name="The_advertised_maximum_is_not_exceeded_by_a_request_for_more" />
    </UnitTest>
    <UnitTest name="GisServer.Conformance.Tests.ArcGisConsistencyTests.The_query_returns_the_geometry_type_the_layer_document_promised" storage="c:\personal\projects\gis\tests\gisserver.conformance.tests\bin\release\net9.0\gisserver.conformance.tests.dll" id="056f9daf-4ab1-7281-5960-46bb68c6c7d8">
      <Execution id="71d56c75-27d7-420a-a957-6e50744e361f" />
      <TestMethod codeBase="C:\Personal\Projects\GIS\tests\GisServer.Conformance.Tests\bin\Release\net9.0\GisServer.Conformance.Tests.dll" adapterTypeName="executor://xunit/VsTestRunner2/netcoreapp" className="GisServer.Conformance.Tests.ArcGisConsistencyTests" name="The_query_returns_the_geometry_type_the_layer_document_promised" />
    </UnitTest>
    <UnitTest name="GisServer.Conformance.Tests.VectorTileConformanceTests.An_empty_tile_is_a_success_rather_than_a_failure" storage="c:\personal\projects\gis\tests\gisserver.conformance.tests\bin\release\net9.0\gisserver.conformance.tests.dll" id="f6388f5d-8896-cef4-b709-bf34fb455b66">
      <Execution id="85c11e78-f2ce-4b9e-b18e-54e65679ebb8" />
      <TestMethod codeBase="C:\Personal\Projects\GIS\tests\GisServer.Conformance.Tests\bin\Release\net9.0\GisServer.Conformance.Tests.dll" adapterTypeName="executor://xunit/VsTestRunner2/netcoreapp" className="GisServer.Conformance.Tests.VectorTileConformanceTests" name="An_empty_tile_is_a_success_rather_than_a_failure" />
    </UnitTest>
    <UnitTest name="GisServer.Conformance.Tests.ArcGisDiscoveryTests.Step1_the_server_identifies_itself_and_says_how_to_authenticate" storage="c:\personal\projects\gis\tests\gisserver.conformance.tests\bin\release\net9.0\gisserver.conformance.tests.dll" id="f75e55b9-765e-27a7-c5bf-3fc5ead4984a">
      <Execution id="9d64c8c8-744d-45a3-abf5-c95053f226a9" />
      <TestMethod codeBase="C:\Personal\Projects\GIS\tests\GisServer.Conformance.Tests\bin\Release\net9.0\GisServer.Conformance.Tests.dll" adapterTypeName="executor://xunit/VsTestRunner2/netcoreapp" className="GisServer.Conformance.Tests.ArcGisDiscoveryTests" name="Step1_the_server_identifies_itself_and_says_how_to_authenticate" />
    </UnitTest>
    <UnitTest name="GisServer.Conformance.Tests.ArcGisDiscoveryTests.Step3_the_service_document_is_where_the_naming_convention_says" storage="c:\personal\projects\gis\tests\gisserver.conformance.tests\bin\release\net9.0\gisserver.conformance.tests.dll" id="8bda6c1a-8a16-f77b-607b-c0c56c3de8ac">
      <Execution id="cfd44900-b587-4a98-a50a-0c0098052606" />
      <TestMethod codeBase="C:\Personal\Projects\GIS\tests\GisServer.Conformance.Tests\bin\Release\net9.0\GisServer.Conformance.Tests.dll" adapterTypeName="executor://xunit/VsTestRunner2/netcoreapp" className="GisServer.Conformance.Tests.ArcGisDiscoveryTests" name="Step3_the_service_document_is_where_the_naming_convention_says" />
    </UnitTest>
    <UnitTest name="GisServer.Conformance.Tests.GeometryServerConformanceTests.An_overlay_operation_answers_501_rather_than_404(operation: &quot;intersect&quot;)" storage="c:\personal\projects\gis\tests\gisserver.conformance.tests\bin\release\net9.0\gisserver.conformance.tests.dll" id="7bd01959-01a6-053a-2f85-f6f8e60a8bd8">
      <Execution id="65a6e42e-c961-44db-9c79-21e3209a8318" />
      <TestMethod codeBase="C:\Personal\Projects\GIS\tests\GisServer.Conformance.Tests\bin\Release\net9.0\GisServer.Conformance.Tests.dll" adapterTypeName="executor://xunit/VsTestRunner2/netcoreapp" className="GisServer.Conformance.Tests.GeometryServerConformanceTests" name="An_overlay_operation_answers_501_rather_than_404" />
    </UnitTest>
    <UnitTest name="GisServer.Conformance.Tests.ArcGisDiscoveryTests.Step4a_the_extent_is_either_absent_or_actually_somewhere" storage="c:\personal\projects\gis\tests\gisserver.conformance.tests\bin\release\net9.0\gisserver.conformance.tests.dll" id="b21606c6-f70c-f574-af3a-53d715c03b4e">
      <Execution id="d6f40672-9e94-44f8-8375-099ce8643b9e" />
      <TestMethod codeBase="C:\Personal\Projects\GIS\tests\GisServer.Conformance.Tests\bin\Release\net9.0\GisServer.Conformance.Tests.dll" adapterTypeName="executor://xunit/VsTestRunner2/netcoreapp" className="GisServer.Conformance.Tests.ArcGisDiscoveryTests" name="Step4a_the_extent_is_either_absent_or_actually_somewhere" />
    </UnitTest>
    <UnitTest name="GisServer.Conformance.Tests.ArcGisConsistencyTests.The_object_id_is_emitted_as_a_number_because_it_is_declared_as_an_OID" storage="c:\personal\projects\gis\tests\gisserver.conformance.tests\bin\release\net9.0\gisserver.conformance.tests.dll" id="1baf40b9-30e2-75d0-f835-4a938c2ce4d5">
      <Execution id="f5de0b6c-0adc-48b5-bba7-8e50affe94b3" />
      <TestMethod codeBase="C:\Personal\Projects\GIS\tests\GisServer.Conformance.Tests\bin\Release\net9.0\GisServer.Conformance.Tests.dll" adapterTypeName="executor://xunit/VsTestRunner2/netcoreapp" className="GisServer.Conformance.Tests.ArcGisConsistencyTests" name="The_object_id_is_emitted_as_a_number_because_it_is_declared_as_an_OID" />
    </UnitTest>
    <UnitTest name="GisServer.Conformance.Tests.ArcGisConsistencyTests.A_polygon_ring_is_closed_and_wound_the_way_ArcGIS_requires" storage="c:\personal\projects\gis\tests\gisserver.conformance.tests\bin\release\net9.0\gisserver.conformance.tests.dll" id="793edadf-0d63-a3c2-e84f-d3feb838e5ec">
      <Execution id="970f3cfc-d6e4-4837-9482-31b1175ea165" />
      <TestMethod codeBase="C:\Personal\Projects\GIS\tests\GisServer.Conformance.Tests\bin\Release\net9.0\GisServer.Conformance.Tests.dll" adapterTypeName="executor://xunit/VsTestRunner2/netcoreapp" className="GisServer.Conformance.Tests.ArcGisConsistencyTests" name="A_polygon_ring_is_closed_and_wound_the_way_ArcGIS_requires" />
    </UnitTest>
    <UnitTest name="GisServer.Conformance.Tests.VectorTileConformanceTests.Step2_the_tiling_scheme_is_complete_enough_to_place_a_tile" storage="c:\personal\projects\gis\tests\gisserver.conformance.tests\bin\release\net9.0\gisserver.conformance.tests.dll" id="016dfbb7-0d6b-b57d-68ba-d05d51caa549">
      <Execution id="ed5d1f74-d59d-43b3-bfeb-bccf79b9afb2" />
      <TestMethod codeBase="C:\Personal\Projects\GIS\tests\GisServer.Conformance.Tests\bin\Release\net9.0\GisServer.Conformance.Tests.dll" adapterTypeName="executor://xunit/VsTestRunner2/netcoreapp" className="GisServer.Conformance.Tests.VectorTileConformanceTests" name="Step2_the_tiling_scheme_is_complete_enough_to_place_a_tile" />
    </UnitTest>
    <UnitTest name="GisServer.Conformance.Tests.GeometryServerConformanceTests.The_service_lists_what_it_does_and_what_it_does_not" storage="c:\personal\projects\gis\tests\gisserver.conformance.tests\bin\release\net9.0\gisserver.conformance.tests.dll" id="1ecb4b55-5d3f-2602-badd-219d8905ade2">
      <Execution id="dd8b0b7e-9cba-4757-8a74-80d66e448014" />
      <TestMethod codeBase="C:\Personal\Projects\GIS\tests\GisServer.Conformance.Tests\bin\Release\net9.0\GisServer.Conformance.Tests.dll" adapterTypeName="executor://xunit/VsTestRunner2/netcoreapp" className="GisServer.Conformance.Tests.GeometryServerConformanceTests" name="The_service_lists_what_it_does_and_what_it_does_not" />
    </UnitTest>
    <UnitTest name="GisServer.Conformance.Tests.ArcGisConsistencyTests.Every_attribute_returned_was_declared_as_a_field" storage="c:\personal\projects\gis\tests\gisserver.conformance.tests\bin\release\net9.0\gisserver.conformance.tests.dll" id="89e161d9-8ecb-0367-40ec-2da32ec4ab38">
      <Execution id="3dd3794e-f1d7-49d7-bc8f-9c29611e5d75" />
      <TestMethod codeBase="C:\Personal\Projects\GIS\tests\GisServer.Conformance.Tests\bin\Release\net9.0\GisServer.Conformance.Tests.dll" adapterTypeName="executor://xunit/VsTestRunner2/netcoreapp" className="GisServer.Conformance.Tests.ArcGisConsistencyTests" name="Every_attribute_returned_was_declared_as_a_field" />
    </UnitTest>
    <UnitTest name="GisServer.Conformance.Tests.GeometryServerConformanceTests.An_overlay_operation_answers_501_rather_than_404(operation: &quot;difference&quot;)" storage="c:\personal\projects\gis\tests\gisserver.conformance.tests\bin\release\net9.0\gisserver.conformance.tests.dll" id="219fb1ba-5056-09e6-044e-0421877d647e">
      <Execution id="fce7fafb-66e5-4658-8d66-3399cc1cfff9" />
      <TestMethod codeBase="C:\Personal\Projects\GIS\tests\GisServer.Conformance.Tests\bin\Release\net9.0\GisServer.Conformance.Tests.dll" adapterTypeName="executor://xunit/VsTestRunner2/netcoreapp" className="GisServer.Conformance.Tests.GeometryServerConformanceTests" name="An_overlay_operation_answers_501_rather_than_404" />
    </UnitTest>
    <UnitTest name="GisServer.Conformance.Tests.VectorTileConformanceTests.A_tile_is_served_with_a_content_type_a_client_recognises" storage="c:\personal\projects\gis\tests\gisserver.conformance.tests\bin\release\net9.0\gisserver.conformance.tests.dll" id="d240bb9b-03cf-7976-8e07-53deba3cf90b">
      <Execution id="12ac9755-1a6d-471d-867a-267a8f771eac" />
      <TestMethod codeBase="C:\Personal\Projects\GIS\tests\GisServer.Conformance.Tests\bin\Release\net9.0\GisServer.Conformance.Tests.dll" adapterTypeName="executor://xunit/VsTestRunner2/netcoreapp" className="GisServer.Conformance.Tests.VectorTileConformanceTests" name="A_tile_is_served_with_a_content_type_a_client_recognises" />
    </UnitTest>
    <UnitTest name="GisServer.Conformance.Tests.GeometryServerConformanceTests.Measurements_say_out_loud_that_they_are_planar" storage="c:\personal\projects\gis\tests\gisserver.conformance.tests\bin\release\net9.0\gisserver.conformance.tests.dll" id="1dfa7a91-fc71-c954-c8ba-de3f5e278891">
      <Execution id="1e58d843-f3b7-4bb0-ad6b-24694b3ac2f1" />
      <TestMethod codeBase="C:\Personal\Projects\GIS\tests\GisServer.Conformance.Tests\bin\Release\net9.0\GisServer.Conformance.Tests.dll" adapterTypeName="executor://xunit/VsTestRunner2/netcoreapp" className="GisServer.Conformance.Tests.GeometryServerConformanceTests" name="Measurements_say_out_loud_that_they_are_planar" />
    </UnitTest>
    <UnitTest name="GisServer.Conformance.Tests.GeometryServerConformanceTests.An_overlay_operation_answers_501_rather_than_404(operation: &quot;buffer&quot;)" storage="c:\personal\projects\gis\tests\gisserver.conformance.tests\bin\release\net9.0\gisserver.conformance.tests.dll" id="3efa8e38-46f1-4cdf-0717-dfd161dcee66">
      <Execution id="318b462f-1b57-4d69-80b4-61aed9348d6c" />
      <TestMethod codeBase="C:\Personal\Projects\GIS\tests\GisServer.Conformance.Tests\bin\Release\net9.0\GisServer.Conformance.Tests.dll" adapterTypeName="executor://xunit/VsTestRunner2/netcoreapp" className="GisServer.Conformance.Tests.GeometryServerConformanceTests" name="An_overlay_operation_answers_501_rather_than_404" />
    </UnitTest>
    <UnitTest name="GisServer.Conformance.Tests.GeometryServerConformanceTests.A_label_point_lands_inside_a_C_shape_rather_than_in_its_notch" storage="c:\personal\projects\gis\tests\gisserver.conformance.tests\bin\release\net9.0\gisserver.conformance.tests.dll" id="37223844-854f-50c8-b881-f7b899d618bf">
      <Execution id="b0f12b28-6146-43c2-bc07-60fb148cf43c" />
      <TestMethod codeBase="C:\Personal\Projects\GIS\tests\GisServer.Conformance.Tests\bin\Release\net9.0\GisServer.Conformance.Tests.dll" adapterTypeName="executor://xunit/VsTestRunner2/netcoreapp" className="GisServer.Conformance.Tests.GeometryServerConformanceTests" name="A_label_point_lands_inside_a_C_shape_rather_than_in_its_notch" />
    </UnitTest>
    <UnitTest name="GisServer.Conformance.Tests.GeometryServerConformanceTests.A_refusal_explains_itself_and_says_where_the_reasoning_is" storage="c:\personal\projects\gis\tests\gisserver.conformance.tests\bin\release\net9.0\gisserver.conformance.tests.dll" id="3bb84e29-4e1c-e65f-1d1f-80e58ad39238">
      <Execution id="407831fb-6ae8-4c3c-a2cf-45e726e4f554" />
      <TestMethod codeBase="C:\Personal\Projects\GIS\tests\GisServer.Conformance.Tests\bin\Release\net9.0\GisServer.Conformance.Tests.dll" adapterTypeName="executor://xunit/VsTestRunner2/netcoreapp" className="GisServer.Conformance.Tests.GeometryServerConformanceTests" name="A_refusal_explains_itself_and_says_where_the_reasoning_is" />
    </UnitTest>
    <UnitTest name="GisServer.Conformance.Tests.ArcGisDiscoveryTests.Every_service_in_the_catalogue_can_actually_be_opened" storage="c:\personal\projects\gis\tests\gisserver.conformance.tests\bin\release\net9.0\gisserver.conformance.tests.dll" id="ed4b95fb-a6cf-a978-8da2-bcbfdb092fef">
      <Execution id="72859e5d-a6ff-4495-bb74-cc360d5ea7be" />
      <TestMethod codeBase="C:\Personal\Projects\GIS\tests\GisServer.Conformance.Tests\bin\Release\net9.0\GisServer.Conformance.Tests.dll" adapterTypeName="executor://xunit/VsTestRunner2/netcoreapp" className="GisServer.Conformance.Tests.ArcGisDiscoveryTests" name="Every_service_in_the_catalogue_can_actually_be_opened" />
    </UnitTest>
    <UnitTest name="GisServer.Conformance.Tests.VectorTileConformanceTests.Step1_the_service_document_says_where_the_tiles_are" storage="c:\personal\projects\gis\tests\gisserver.conformance.tests\bin\release\net9.0\gisserver.conformance.tests.dll" id="1c9b0c97-b927-da40-7d81-82426c821e00">
      <Execution id="175a52ef-3617-4e11-83f9-a70ae84d5cd8" />
      <TestMethod codeBase="C:\Personal\Projects\GIS\tests\GisServer.Conformance.Tests\bin\Release\net9.0\GisServer.Conformance.Tests.dll" adapterTypeName="executor://xunit/VsTestRunner2/netcoreapp" className="GisServer.Conformance.Tests.VectorTileConformanceTests" name="Step1_the_service_document_says_where_the_tiles_are" />
    </UnitTest>
    <UnitTest name="GisServer.Conformance.Tests.ArcGisDiscoveryTests.Step5_a_query_built_from_the_documents_returns_features" storage="c:\personal\projects\gis\tests\gisserver.conformance.tests\bin\release\net9.0\gisserver.conformance.tests.dll" id="bdc655c3-7a98-cacf-0691-2880400f1ad8">
      <Execution id="f7e10f44-1a79-4c52-8a02-164257b4cf6f" />
      <TestMethod codeBase="C:\Personal\Projects\GIS\tests\GisServer.Conformance.Tests\bin\Release\net9.0\GisServer.Conformance.Tests.dll" adapterTypeName="executor://xunit/VsTestRunner2/netcoreapp" className="GisServer.Conformance.Tests.ArcGisDiscoveryTests" name="Step5_a_query_built_from_the_documents_returns_features" />
    </UnitTest>
    <UnitTest name="GisServer.Conformance.Tests.ArcGisConsistencyTests.Every_declared_field_type_matches_the_value_actually_sent" storage="c:\personal\projects\gis\tests\gisserver.conformance.tests\bin\release\net9.0\gisserver.conformance.tests.dll" id="1cfe333e-4729-d1d8-7f12-912e8fef4f66">
      <Execution id="6dc443f7-5377-4160-8da2-dfed9e6ed5d9" />
      <TestMethod codeBase="C:\Personal\Projects\GIS\tests\GisServer.Conformance.Tests\bin\Release\net9.0\GisServer.Conformance.Tests.dll" adapterTypeName="executor://xunit/VsTestRunner2/netcoreapp" className="GisServer.Conformance.Tests.ArcGisConsistencyTests" name="Every_declared_field_type_matches_the_value_actually_sent" />
    </UnitTest>
    <UnitTest name="GisServer.Conformance.Tests.ArcGisConsistencyTests.Requesting_a_named_field_returns_that_field_and_the_object_id" storage="c:\personal\projects\gis\tests\gisserver.conformance.tests\bin\release\net9.0\gisserver.conformance.tests.dll" id="47017594-f55a-1762-3344-ec04a652fc8a">
      <Execution id="270abd9f-c69c-4ad6-b4f2-869819fcf144" />
      <TestMethod codeBase="C:\Personal\Projects\GIS\tests\GisServer.Conformance.Tests\bin\Release\net9.0\GisServer.Conformance.Tests.dll" adapterTypeName="executor://xunit/VsTestRunner2/netcoreapp" className="GisServer.Conformance.Tests.ArcGisConsistencyTests" name="Requesting_a_named_field_returns_that_field_and_the_object_id" />
    </UnitTest>
    <UnitTest name="GisServer.Conformance.Tests.GeometryServerConformanceTests.A_batch_comes_back_in_the_order_it_went_in" storage="c:\personal\projects\gis\tests\gisserver.conformance.tests\bin\release\net9.0\gisserver.conformance.tests.dll" id="da690835-0eeb-70b9-bad4-553f6cdaf546">
      <Execution id="5642720c-53db-4b0a-b9cb-8ed3e4efa6ea" />
      <TestMethod codeBase="C:\Personal\Projects\GIS\tests\GisServer.Conformance.Tests\bin\Release\net9.0\GisServer.Conformance.Tests.dll" adapterTypeName="executor://xunit/VsTestRunner2/netcoreapp" className="GisServer.Conformance.Tests.GeometryServerConformanceTests" name="A_batch_comes_back_in_the_order_it_went_in" />
    </UnitTest>
    <UnitTest name="GisServer.Conformance.Tests.ArcGisConsistencyTests.The_query_names_the_same_object_id_field_the_layer_document_declares" storage="c:\personal\projects\gis\tests\gisserver.conformance.tests\bin\release\net9.0\gisserver.conformance.tests.dll" id="6ead9bfc-abe8-6aff-b120-9ad8ffdb9aeb">
      <Execution id="60b3d027-775b-4a00-952a-fa1c3f9eafdc" />
      <TestMethod codeBase="C:\Personal\Projects\GIS\tests\GisServer.Conformance.Tests\bin\Release\net9.0\GisServer.Conformance.Tests.dll" adapterTypeName="executor://xunit/VsTestRunner2/netcoreapp" className="GisServer.Conformance.Tests.ArcGisConsistencyTests" name="The_query_names_the_same_object_id_field_the_layer_document_declares" />
    </UnitTest>
    <UnitTest name="GisServer.Conformance.Tests.GeometryServerConformanceTests.Projecting_Istanbul_from_degrees_to_metres_lands_where_it_should" storage="c:\personal\projects\gis\tests\gisserver.conformance.tests\bin\release\net9.0\gisserver.conformance.tests.dll" id="f439f141-330a-330e-2c73-0bfd75fc4778">
      <Execution id="f9273b6c-3aea-4af5-83d8-75d1d83d0cc1" />
      <TestMethod codeBase="C:\Personal\Projects\GIS\tests\GisServer.Conformance.Tests\bin\Release\net9.0\GisServer.Conformance.Tests.dll" adapterTypeName="executor://xunit/VsTestRunner2/netcoreapp" className="GisServer.Conformance.Tests.GeometryServerConformanceTests" name="Projecting_Istanbul_from_degrees_to_metres_lands_where_it_should" />
    </UnitTest>
    <UnitTest name="GisServer.Conformance.Tests.ArcGisConsistencyTests.The_query_returns_the_spatial_reference_the_layer_document_promised" storage="c:\personal\projects\gis\tests\gisserver.conformance.tests\bin\release\net9.0\gisserver.conformance.tests.dll" id="6fa4c14d-d3c1-54b5-70d4-2fed823abe16">
      <Execution id="9a8d575b-b975-460d-a018-9110bb560647" />
      <TestMethod codeBase="C:\Personal\Projects\GIS\tests\GisServer.Conformance.Tests\bin\Release\net9.0\GisServer.Conformance.Tests.dll" adapterTypeName="executor://xunit/VsTestRunner2/netcoreapp" className="GisServer.Conformance.Tests.ArcGisConsistencyTests" name="The_query_returns_the_spatial_reference_the_layer_document_promised" />
    </UnitTest>
    <UnitTest name="GisServer.Conformance.Tests.GeometryServerConformanceTests.Esris_own_code_for_Web_Mercator_is_accepted" storage="c:\personal\projects\gis\tests\gisserver.conformance.tests\bin\release\net9.0\gisserver.conformance.tests.dll" id="3fc91ad1-4698-1643-0067-3f0a79be4abc">
      <Execution id="bf2f6821-0d9f-4ba8-9648-1d3389c9f224" />
      <TestMethod codeBase="C:\Personal\Projects\GIS\tests\GisServer.Conformance.Tests\bin\Release\net9.0\GisServer.Conformance.Tests.dll" adapterTypeName="executor://xunit/VsTestRunner2/netcoreapp" className="GisServer.Conformance.Tests.GeometryServerConformanceTests" name="Esris_own_code_for_Web_Mercator_is_accepted" />
    </UnitTest>
    <UnitTest name="GisServer.Conformance.Tests.GeometryServerConformanceTests.A_missing_spatial_reference_is_refused_with_the_field_name" storage="c:\personal\projects\gis\tests\gisserver.conformance.tests\bin\release\net9.0\gisserver.conformance.tests.dll" id="bcc47ad1-4158-a8e4-9a35-b1714ad9f486">
      <Execution id="5c195ad4-83c7-4982-8bfe-3add79bb8006" />
      <TestMethod codeBase="C:\Personal\Projects\GIS\tests\GisServer.Conformance.Tests\bin\Release\net9.0\GisServer.Conformance.Tests.dll" adapterTypeName="executor://xunit/VsTestRunner2/netcoreapp" className="GisServer.Conformance.Tests.GeometryServerConformanceTests" name="A_missing_spatial_reference_is_refused_with_the_field_name" />
    </UnitTest>
    <UnitTest name="GisServer.Conformance.Tests.VectorTileConformanceTests.Step5_the_source_layer_in_the_style_matches_the_layer_in_the_tile" storage="c:\personal\projects\gis\tests\gisserver.conformance.tests\bin\release\net9.0\gisserver.conformance.tests.dll" id="605e8b38-0344-8125-1e1d-de30da9c5ef6">
      <Execution id="ab77c124-5905-4744-93ae-fff00df8f53d" />
      <TestMethod codeBase="C:\Personal\Projects\GIS\tests\GisServer.Conformance.Tests\bin\Release\net9.0\GisServer.Conformance.Tests.dll" adapterTypeName="executor://xunit/VsTestRunner2/netcoreapp" className="GisServer.Conformance.Tests.VectorTileConformanceTests" name="Step5_the_source_layer_in_the_style_matches_the_layer_in_the_tile" />
    </UnitTest>
  </TestDefinitions>
  <TestEntries>
    <TestEntry testId="1baf40b9-30e2-75d0-f835-4a938c2ce4d5" executionId="f5de0b6c-0adc-48b5-bba7-8e50affe94b3" testListId="8c84fa94-04c1-424b-9868-57a2d4851a1d" />
    <TestEntry testId="3efa8e38-46f1-4cdf-0717-dfd161dcee66" executionId="318b462f-1b57-4d69-80b4-61aed9348d6c" testListId="8c84fa94-04c1-424b-9868-57a2d4851a1d" />
    <TestEntry testId="1cfe333e-4729-d1d8-7f12-912e8fef4f66" executionId="6dc443f7-5377-4160-8da2-dfed9e6ed5d9" testListId="8c84fa94-04c1-424b-9868-57a2d4851a1d" />
    <TestEntry testId="861d4b62-3657-5dbf-cee4-674ab79bc7c5" executionId="1460b4e1-8821-4302-b576-747ac1b71534" testListId="8c84fa94-04c1-424b-9868-57a2d4851a1d" />
    <TestEntry testId="f75e55b9-765e-27a7-c5bf-3fc5ead4984a" executionId="9d64c8c8-744d-45a3-abf5-c95053f226a9" testListId="8c84fa94-04c1-424b-9868-57a2d4851a1d" />
    <TestEntry testId="98ab7df1-9817-4407-7e83-1033909fa33a" executionId="045ccf73-a639-46e7-846a-2ac2b8bf07fd" testListId="8c84fa94-04c1-424b-9868-57a2d4851a1d" />
    <TestEntry testId="b21606c6-f70c-f574-af3a-53d715c03b4e" executionId="d6f40672-9e94-44f8-8375-099ce8643b9e" testListId="8c84fa94-04c1-424b-9868-57a2d4851a1d" />
    <TestEntry testId="1c9b0c97-b927-da40-7d81-82426c821e00" executionId="175a52ef-3617-4e11-83f9-a70ae84d5cd8" testListId="8c84fa94-04c1-424b-9868-57a2d4851a1d" />
    <TestEntry testId="c5dd5036-50b2-9ff5-83d7-c4fbb4755220" executionId="30e90e5d-b03a-4296-9067-d9e0a6edeedb" testListId="8c84fa94-04c1-424b-9868-57a2d4851a1d" />
    <TestEntry testId="89e161d9-8ecb-0367-40ec-2da32ec4ab38" executionId="3dd3794e-f1d7-49d7-bc8f-9c29611e5d75" testListId="8c84fa94-04c1-424b-9868-57a2d4851a1d" />
    <TestEntry testId="ed4b95fb-a6cf-a978-8da2-bcbfdb092fef" executionId="72859e5d-a6ff-4495-bb74-cc360d5ea7be" testListId="8c84fa94-04c1-424b-9868-57a2d4851a1d" />
    <TestEntry testId="d240bb9b-03cf-7976-8e07-53deba3cf90b" executionId="12ac9755-1a6d-471d-867a-267a8f771eac" testListId="8c84fa94-04c1-424b-9868-57a2d4851a1d" />
    <TestEntry testId="ca818517-7478-8b17-fe6a-5cd6bea7c448" executionId="af5f815c-ae0a-4ebc-9141-961596e6af9f" testListId="8c84fa94-04c1-424b-9868-57a2d4851a1d" />
    <TestEntry testId="d40cd553-f889-8fb3-6ada-6796f2b3f520" executionId="df383892-d6af-447a-a3b7-ebc8c94c4821" testListId="8c84fa94-04c1-424b-9868-57a2d4851a1d" />
    <TestEntry testId="1dfa7a91-fc71-c954-c8ba-de3f5e278891" executionId="1e58d843-f3b7-4bb0-ad6b-24694b3ac2f1" testListId="8c84fa94-04c1-424b-9868-57a2d4851a1d" />
    <TestEntry testId="f6388f5d-8896-cef4-b709-bf34fb455b66" executionId="85c11e78-f2ce-4b9e-b18e-54e65679ebb8" testListId="8c84fa94-04c1-424b-9868-57a2d4851a1d" />
    <TestEntry testId="793edadf-0d63-a3c2-e84f-d3feb838e5ec" executionId="970f3cfc-d6e4-4837-9482-31b1175ea165" testListId="8c84fa94-04c1-424b-9868-57a2d4851a1d" />
    <TestEntry testId="37223844-854f-50c8-b881-f7b899d618bf" executionId="b0f12b28-6146-43c2-bc07-60fb148cf43c" testListId="8c84fa94-04c1-424b-9868-57a2d4851a1d" />
    <TestEntry testId="605e8b38-0344-8125-1e1d-de30da9c5ef6" executionId="ab77c124-5905-4744-93ae-fff00df8f53d" testListId="8c84fa94-04c1-424b-9868-57a2d4851a1d" />
    <TestEntry testId="1ecb4b55-5d3f-2602-badd-219d8905ade2" executionId="dd8b0b7e-9cba-4757-8a74-80d66e448014" testListId="8c84fa94-04c1-424b-9868-57a2d4851a1d" />
    <TestEntry testId="1c6201cb-c484-4244-a86f-7616f0fc4f04" executionId="f3d9a3f3-a127-434f-a67e-4f619afb47ef" testListId="8c84fa94-04c1-424b-9868-57a2d4851a1d" />
    <TestEntry testId="b1067354-2e66-2c52-3a63-6b97beb4083f" executionId="0a9dd7a0-30de-4ca0-93ff-2405ea5af380" testListId="8c84fa94-04c1-424b-9868-57a2d4851a1d" />
    <TestEntry testId="7bd01959-01a6-053a-2f85-f6f8e60a8bd8" executionId="65a6e42e-c961-44db-9c79-21e3209a8318" testListId="8c84fa94-04c1-424b-9868-57a2d4851a1d" />
    <TestEntry testId="88f5a627-fc5a-9c8d-dcad-0b9efc266e5d" executionId="5cc3e61c-d1ca-4228-ab49-e7874377eed6" testListId="8c84fa94-04c1-424b-9868-57a2d4851a1d" />
    <TestEntry testId="97d04742-9a5b-6209-c622-bf0eb05cb8f9" executionId="0f468c8e-5348-459d-b83a-b6e8891efde3" testListId="8c84fa94-04c1-424b-9868-57a2d4851a1d" />
    <TestEntry testId="3bb84e29-4e1c-e65f-1d1f-80e58ad39238" executionId="407831fb-6ae8-4c3c-a2cf-45e726e4f554" testListId="8c84fa94-04c1-424b-9868-57a2d4851a1d" />
    <TestEntry testId="6ead9bfc-abe8-6aff-b120-9ad8ffdb9aeb" executionId="60b3d027-775b-4a00-952a-fa1c3f9eafdc" testListId="8c84fa94-04c1-424b-9868-57a2d4851a1d" />
    <TestEntry testId="219fb1ba-5056-09e6-044e-0421877d647e" executionId="fce7fafb-66e5-4658-8d66-3399cc1cfff9" testListId="8c84fa94-04c1-424b-9868-57a2d4851a1d" />
    <TestEntry testId="5d423d8a-7dcd-aa28-1674-129e07fdd611" executionId="e09f15e9-60fd-46fd-b842-418b0c0222f1" testListId="8c84fa94-04c1-424b-9868-57a2d4851a1d" />
    <TestEntry testId="6fa4c14d-d3c1-54b5-70d4-2fed823abe16" executionId="9a8d575b-b975-460d-a018-9110bb560647" testListId="8c84fa94-04c1-424b-9868-57a2d4851a1d" />
    <TestEntry testId="da690835-0eeb-70b9-bad4-553f6cdaf546" executionId="5642720c-53db-4b0a-b9cb-8ed3e4efa6ea" testListId="8c84fa94-04c1-424b-9868-57a2d4851a1d" />
    <TestEntry testId="016dfbb7-0d6b-b57d-68ba-d05d51caa549" executionId="ed5d1f74-d59d-43b3-bfeb-bccf79b9afb2" testListId="8c84fa94-04c1-424b-9868-57a2d4851a1d" />
    <TestEntry testId="056f9daf-4ab1-7281-5960-46bb68c6c7d8" executionId="71d56c75-27d7-420a-a957-6e50744e361f" testListId="8c84fa94-04c1-424b-9868-57a2d4851a1d" />
    <TestEntry testId="bcc47ad1-4158-a8e4-9a35-b1714ad9f486" executionId="5c195ad4-83c7-4982-8bfe-3add79bb8006" testListId="8c84fa94-04c1-424b-9868-57a2d4851a1d" />
    <TestEntry testId="3fc91ad1-4698-1643-0067-3f0a79be4abc" executionId="bf2f6821-0d9f-4ba8-9648-1d3389c9f224" testListId="8c84fa94-04c1-424b-9868-57a2d4851a1d" />
    <TestEntry testId="47017594-f55a-1762-3344-ec04a652fc8a" executionId="270abd9f-c69c-4ad6-b4f2-869819fcf144" testListId="8c84fa94-04c1-424b-9868-57a2d4851a1d" />
    <TestEntry testId="f439f141-330a-330e-2c73-0bfd75fc4778" executionId="f9273b6c-3aea-4af5-83d8-75d1d83d0cc1" testListId="8c84fa94-04c1-424b-9868-57a2d4851a1d" />
    <TestEntry testId="8bda6c1a-8a16-f77b-607b-c0c56c3de8ac" executionId="cfd44900-b587-4a98-a50a-0c0098052606" testListId="8c84fa94-04c1-424b-9868-57a2d4851a1d" />
    <TestEntry testId="bdc655c3-7a98-cacf-0691-2880400f1ad8" executionId="f7e10f44-1a79-4c52-8a02-164257b4cf6f" testListId="8c84fa94-04c1-424b-9868-57a2d4851a1d" />
    <TestEntry testId="9f065aee-1c10-3e6c-f143-b8a3dacc3eaf" executionId="af4e9fbb-f531-456e-b5c2-7adf00bcca11" testListId="8c84fa94-04c1-424b-9868-57a2d4851a1d" />
  </TestEntries>
  <TestLists>
    <TestList name="Results Not in a List" id="8c84fa94-04c1-424b-9868-57a2d4851a1d" />
    <TestList name="All Loaded Results" id="19431567-8539-422a-85d7-44ee4e166bda" />
  </TestLists>
  <ResultSummary outcome="Completed">
    <Counters total="40" executed="40" passed="40" failed="0" error="0" timeout="0" aborted="0" inconclusive="0" passedButRunAborted="0" notRunnable="0" notExecuted="0" disconnected="0" warning="0" completed="0" inProgress="0" pending="0" />
    <Output>
      <StdOut>[xUnit.net 00:00:00.00] xUnit.net VSTest Adapter v2.8.2+699d445a1a (64-bit .NET 9.0.19)&#xD;
[xUnit.net 00:00:00.33]   Discovering: GisServer.Conformance.Tests&#xD;
[xUnit.net 00:00:00.50]   Discovered:  GisServer.Conformance.Tests&#xD;
[xUnit.net 00:00:00.57]   Starting:    GisServer.Conformance.Tests&#xD;
[xUnit.net 00:00:08.05]   Finished:    GisServer.Conformance.Tests&#xD;
</StdOut>
    </Output>
  </ResultSummary>
</TestRun>