<?xml version="1.0" encoding="utf-8"?>
<TestRun id="150e75db-7905-4681-ae92-e65c08e6c5ed" name="Erdinc@DESKTOP-M804G0L 2026-08-14 21:38:03" runUser="DESKTOP-M804G0L\Erdinc" xmlns="http://microsoft.com/schemas/VisualStudio/TeamTest/2010">
  <Times creation="2026-08-14T21:38:03.1473333+03:00" queuing="2026-08-14T21:38:03.1473339+03:00" start="2026-08-14T21:38:00.6224338+03:00" finish="2026-08-14T21:38:09.2994480+03:00" />
  <TestSettings name="default" id="0544c45b-7a30-4e4a-a498-fad64392ecba">
    <Deployment runDeploymentRoot="Erdinc_DESKTOP-M804G0L_2026-08-14_21_38_03" />
  </TestSettings>
  <Results>
    <UnitTestResult executionId="f1696ffc-774c-4f74-ba6f-8fc86707c02c" testId="605e8b38-0344-8125-1e1d-de30da9c5ef6" testName="GisServer.Conformance.Tests.VectorTileConformanceTests.Step5_the_source_layer_in_the_style_matches_the_layer_in_the_tile" computerName="DESKTOP-M804G0L" duration="00:00:01.8441177" startTime="2026-08-14T21:38:08.7844704+03:00" endTime="2026-08-14T21:38:08.7844709+03:00" testType="13cdc9d9-ddb5-4fa4-a97d-d965ccfc6d4b" outcome="Passed" testListId="8c84fa94-04c1-424b-9868-57a2d4851a1d" relativeResultsDirectory="f1696ffc-774c-4f74-ba6f-8fc86707c02c" />
    <UnitTestResult executionId="a6542fe4-ceba-47f9-9265-1501191aa09b" testId="b1067354-2e66-2c52-3a63-6b97beb4083f" testName="GisServer.Conformance.Tests.GeometryServerConformanceTests.A_square_with_a_hole_measures_what_arithmetic_says" computerName="DESKTOP-M804G0L" duration="00:00:00.0374938" startTime="2026-08-14T21:38:05.4920071+03:00" endTime="2026-08-14T21:38:05.4920090+03:00" testType="13cdc9d9-ddb5-4fa4-a97d-d965ccfc6d4b" outcome="Passed" testListId="8c84fa94-04c1-424b-9868-57a2d4851a1d" relativeResultsDirectory="a6542fe4-ceba-47f9-9265-1501191aa09b" />
    <UnitTestResult executionId="7069305a-9b34-4f37-b73f-31c0d6ea518f" testId="3efa8e38-46f1-4cdf-0717-dfd161dcee66" testName="GisServer.Conformance.Tests.GeometryServerConformanceTests.An_overlay_operation_answers_501_rather_than_404(operation: &quot;buffer&quot;)" computerName="DESKTOP-M804G0L" duration="00:00:00.3453493" startTime="2026-08-14T21:38:03.3916716+03:00" endTime="2026-08-14T21:38:03.3916725+03:00" testType="13cdc9d9-ddb5-4fa4-a97d-d965ccfc6d4b" outcome="Passed" testListId="8c84fa94-04c1-424b-9868-57a2d4851a1d" relativeResultsDirectory="7069305a-9b34-4f37-b73f-31c0d6ea518f" />
    <UnitTestResult executionId="5b44c184-3c0c-4507-93e2-3f014251dde1" testId="1c9b0c97-b927-da40-7d81-82426c821e00" testName="GisServer.Conformance.Tests.VectorTileConformanceTests.Step1_the_service_document_says_where_the_tiles_are" computerName="DESKTOP-M804G0L" duration="00:00:00.8862551" startTime="2026-08-14T21:38:03.0901223+03:00" endTime="2026-08-14T21:38:03.0901231+03:00" testType="13cdc9d9-ddb5-4fa4-a97d-d965ccfc6d4b" outcome="Passed" testListId="8c84fa94-04c1-424b-9868-57a2d4851a1d" relativeResultsDirectory="5b44c184-3c0c-4507-93e2-3f014251dde1" />
    <UnitTestResult executionId="286f646f-5519-45a9-9a78-01fdd4a549f9" testId="47017594-f55a-1762-3344-ec04a652fc8a" testName="GisServer.Conformance.Tests.ArcGisConsistencyTests.Requesting_a_named_field_returns_that_field_and_the_object_id" computerName="DESKTOP-M804G0L" duration="00:00:01.1965263" startTime="2026-08-14T21:38:03.3568539+03:00" endTime="2026-08-14T21:38:03.3568557+03:00" testType="13cdc9d9-ddb5-4fa4-a97d-d965ccfc6d4b" outcome="Passed" testListId="8c84fa94-04c1-424b-9868-57a2d4851a1d" relativeResultsDirectory="286f646f-5519-45a9-9a78-01fdd4a549f9" />
    <UnitTestResult executionId="2c6cc176-0d2b-440e-91db-217ebb9ea18c" testId="bcc47ad1-4158-a8e4-9a35-b1714ad9f486" testName="GisServer.Conformance.Tests.GeometryServerConformanceTests.A_missing_spatial_reference_is_refused_with_the_field_name" computerName="DESKTOP-M804G0L" duration="00:00:00.0627352" startTime="2026-08-14T21:38:05.4534515+03:00" endTime="2026-08-14T21:38:05.4534541+03:00" testType="13cdc9d9-ddb5-4fa4-a97d-d965ccfc6d4b" outcome="Passed" testListId="8c84fa94-04c1-424b-9868-57a2d4851a1d" relativeResultsDirectory="2c6cc176-0d2b-440e-91db-217ebb9ea18c" />
    <UnitTestResult executionId="43e0288e-ebc0-4486-a237-eaf187e5cf8b" testId="bdc655c3-7a98-cacf-0691-2880400f1ad8" testName="GisServer.Conformance.Tests.ArcGisDiscoveryTests.Step5_a_query_built_from_the_documents_returns_features" computerName="DESKTOP-M804G0L" duration="00:00:00.8091128" startTime="2026-08-14T21:38:03.9003820+03:00" endTime="2026-08-14T21:38:03.9003827+03:00" testType="13cdc9d9-ddb5-4fa4-a97d-d965ccfc6d4b" outcome="Passed" testListId="8c84fa94-04c1-424b-9868-57a2d4851a1d" relativeResultsDirectory="43e0288e-ebc0-4486-a237-eaf187e5cf8b" />
    <UnitTestResult executionId="604a257d-7ed0-42dd-b596-fddc8ecb9d08" testId="861d4b62-3657-5dbf-cee4-674ab79bc7c5" testName="GisServer.Conformance.Tests.GeometryServerConformanceTests.An_overlay_operation_answers_501_rather_than_404(operation: &quot;cut&quot;)" computerName="DESKTOP-M804G0L" duration="00:00:00.5204212" startTime="2026-08-14T21:38:02.7617005+03:00" endTime="2026-08-14T21:38:02.7617249+03:00" testType="13cdc9d9-ddb5-4fa4-a97d-d965ccfc6d4b" outcome="Passed" testListId="8c84fa94-04c1-424b-9868-57a2d4851a1d" relativeResultsDirectory="604a257d-7ed0-42dd-b596-fddc8ecb9d08" />
    <UnitTestResult executionId="29653e35-35dc-453b-83f5-edb0b395b73c" testId="37223844-854f-50c8-b881-f7b899d618bf" testName="GisServer.Conformance.Tests.GeometryServerConformanceTests.A_label_point_lands_inside_a_C_shape_rather_than_in_its_notch" computerName="DESKTOP-M804G0L" duration="00:00:00.3196513" startTime="2026-08-14T21:38:04.3252742+03:00" endTime="2026-08-14T21:38:04.3252751+03:00" testType="13cdc9d9-ddb5-4fa4-a97d-d965ccfc6d4b" outcome="Passed" testListId="8c84fa94-04c1-424b-9868-57a2d4851a1d" relativeResultsDirectory="29653e35-35dc-453b-83f5-edb0b395b73c" />
    <UnitTestResult executionId="68268b8b-8c0f-4360-91f2-fc44402241e0" testId="5d423d8a-7dcd-aa28-1674-129e07fdd611" testName="GisServer.Conformance.Tests.ArcGisDiscoveryTests.Step4_the_layer_document_carries_everything_needed_to_add_the_layer" computerName="DESKTOP-M804G0L" duration="00:00:00.8686092" startTime="2026-08-14T21:38:03.0881147+03:00" endTime="2026-08-14T21:38:03.0881154+03:00" testType="13cdc9d9-ddb5-4fa4-a97d-d965ccfc6d4b" outcome="Passed" testListId="8c84fa94-04c1-424b-9868-57a2d4851a1d" relativeResultsDirectory="68268b8b-8c0f-4360-91f2-fc44402241e0" />
    <UnitTestResult executionId="222e03da-2864-4ed2-aef4-05d9abf59604" testId="b21606c6-f70c-f574-af3a-53d715c03b4e" testName="GisServer.Conformance.Tests.ArcGisDiscoveryTests.Step4a_the_extent_is_either_absent_or_actually_somewhere" computerName="DESKTOP-M804G0L" duration="00:00:00.3400831" startTime="2026-08-14T21:38:05.8181462+03:00" endTime="2026-08-14T21:38:05.8181477+03:00" testType="13cdc9d9-ddb5-4fa4-a97d-d965ccfc6d4b" outcome="Passed" testListId="8c84fa94-04c1-424b-9868-57a2d4851a1d" relativeResultsDirectory="222e03da-2864-4ed2-aef4-05d9abf59604" />
    <UnitTestResult executionId="877f65d3-10dd-460b-9bd8-fc159f33f791" testId="1c6201cb-c484-4244-a86f-7616f0fc4f04" testName="GisServer.Conformance.Tests.GeometryServerConformanceTests.A_projection_says_which_engine_did_it" computerName="DESKTOP-M804G0L" duration="00:00:00.2750395" startTime="2026-08-14T21:38:05.2997345+03:00" endTime="2026-08-14T21:38:05.2997350+03:00" testType="13cdc9d9-ddb5-4fa4-a97d-d965ccfc6d4b" outcome="Passed" testListId="8c84fa94-04c1-424b-9868-57a2d4851a1d" relativeResultsDirectory="877f65d3-10dd-460b-9bd8-fc159f33f791" />
    <UnitTestResult executionId="d47a3815-9c37-49a1-bf8c-cbcc82fcaa0b" testId="f6388f5d-8896-cef4-b709-bf34fb455b66" testName="GisServer.Conformance.Tests.VectorTileConformanceTests.An_empty_tile_is_a_success_rather_than_a_failure" computerName="DESKTOP-M804G0L" duration="00:00:00.5041625" startTime="2026-08-14T21:38:06.9009914+03:00" endTime="2026-08-14T21:38:06.9009918+03:00" testType="13cdc9d9-ddb5-4fa4-a97d-d965ccfc6d4b" outcome="Passed" testListId="8c84fa94-04c1-424b-9868-57a2d4851a1d" relativeResultsDirectory="d47a3815-9c37-49a1-bf8c-cbcc82fcaa0b" />
    <UnitTestResult executionId="dbf25973-4f8a-4ea4-b984-e6b706549af1" testId="1baf40b9-30e2-75d0-f835-4a938c2ce4d5" testName="GisServer.Conformance.Tests.ArcGisConsistencyTests.The_object_id_is_emitted_as_a_number_because_it_is_declared_as_an_OID" computerName="DESKTOP-M804G0L" duration="00:00:00.3835572" startTime="2026-08-14T21:38:05.7976039+03:00" endTime="2026-08-14T21:38:05.7976055+03:00" testType="13cdc9d9-ddb5-4fa4-a97d-d965ccfc6d4b" outcome="Passed" testListId="8c84fa94-04c1-424b-9868-57a2d4851a1d" relativeResultsDirectory="dbf25973-4f8a-4ea4-b984-e6b706549af1" />
    <UnitTestResult executionId="afa2c663-339b-483f-8b63-147c631e049b" testId="016dfbb7-0d6b-b57d-68ba-d05d51caa549" testName="GisServer.Conformance.Tests.VectorTileConformanceTests.Step2_the_tiling_scheme_is_complete_enough_to_place_a_tile" computerName="DESKTOP-M804G0L" duration="00:00:00.1688483" startTime="2026-08-14T21:38:05.3229605+03:00" endTime="2026-08-14T21:38:05.3229611+03:00" testType="13cdc9d9-ddb5-4fa4-a97d-d965ccfc6d4b" outcome="Passed" testListId="8c84fa94-04c1-424b-9868-57a2d4851a1d" relativeResultsDirectory="afa2c663-339b-483f-8b63-147c631e049b" />
    <UnitTestResult executionId="c73a9331-7c2c-467d-a554-8af6b09c35f1" testId="98ab7df1-9817-4407-7e83-1033909fa33a" testName="GisServer.Conformance.Tests.ArcGisDiscoveryTests.A_layer_that_is_not_shared_looks_exactly_like_one_that_does_not_exist" computerName="DESKTOP-M804G0L" duration="00:00:00.3729160" startTime="2026-08-14T21:38:05.0279220+03:00" endTime="2026-08-14T21:38:05.0279231+03:00" testType="13cdc9d9-ddb5-4fa4-a97d-d965ccfc6d4b" outcome="Passed" testListId="8c84fa94-04c1-424b-9868-57a2d4851a1d" relativeResultsDirectory="c73a9331-7c2c-467d-a554-8af6b09c35f1" />
    <UnitTestResult executionId="898b21ea-e1b6-41f8-b758-9d13432069a3" testId="f75e55b9-765e-27a7-c5bf-3fc5ead4984a" testName="GisServer.Conformance.Tests.ArcGisDiscoveryTests.Step1_the_server_identifies_itself_and_says_how_to_authenticate" computerName="DESKTOP-M804G0L" duration="00:00:00.1903163" startTime="2026-08-14T21:38:05.2208845+03:00" endTime="2026-08-14T21:38:05.2208851+03:00" testType="13cdc9d9-ddb5-4fa4-a97d-d965ccfc6d4b" outcome="Passed" testListId="8c84fa94-04c1-424b-9868-57a2d4851a1d" relativeResultsDirectory="898b21ea-e1b6-41f8-b758-9d13432069a3" />
    <UnitTestResult executionId="babac5d7-9ed4-4d6d-822d-d0bd18fa4eb1" testId="97d04742-9a5b-6209-c622-bf0eb05cb8f9" testName="GisServer.Conformance.Tests.GeometryServerConformanceTests.An_overlay_operation_answers_501_rather_than_404(operation: &quot;union&quot;)" computerName="DESKTOP-M804G0L" duration="00:00:00.2660974" startTime="2026-08-14T21:38:04.0045991+03:00" endTime="2026-08-14T21:38:04.0045998+03:00" testType="13cdc9d9-ddb5-4fa4-a97d-d965ccfc6d4b" outcome="Passed" testListId="8c84fa94-04c1-424b-9868-57a2d4851a1d" relativeResultsDirectory="babac5d7-9ed4-4d6d-822d-d0bd18fa4eb1" />
    <UnitTestResult executionId="398e8350-d67d-481a-ab76-57132623d839" testId="056f9daf-4ab1-7281-5960-46bb68c6c7d8" testName="GisServer.Conformance.Tests.ArcGisConsistencyTests.The_query_returns_the_geometry_type_the_layer_document_promised" computerName="DESKTOP-M804G0L" duration="00:00:00.4312353" startTime="2026-08-14T21:38:05.1070613+03:00" endTime="2026-08-14T21:38:05.1070619+03:00" testType="13cdc9d9-ddb5-4fa4-a97d-d965ccfc6d4b" outcome="Passed" testListId="8c84fa94-04c1-424b-9868-57a2d4851a1d" relativeResultsDirectory="398e8350-d67d-481a-ab76-57132623d839" />
    <UnitTestResult executionId="bb902d93-a99c-4430-9fde-b8e59e19187e" testId="3fc91ad1-4698-1643-0067-3f0a79be4abc" testName="GisServer.Conformance.Tests.GeometryServerConformanceTests.Esris_own_code_for_Web_Mercator_is_accepted" computerName="DESKTOP-M804G0L" duration="00:00:00.0822495" startTime="2026-08-14T21:38:05.3843562+03:00" endTime="2026-08-14T21:38:05.3843568+03:00" testType="13cdc9d9-ddb5-4fa4-a97d-d965ccfc6d4b" outcome="Passed" testListId="8c84fa94-04c1-424b-9868-57a2d4851a1d" relativeResultsDirectory="bb902d93-a99c-4430-9fde-b8e59e19187e" />
    <UnitTestResult executionId="a429182d-2e2f-429d-b28c-8bd7fba72c9d" testId="6ead9bfc-abe8-6aff-b120-9ad8ffdb9aeb" testName="GisServer.Conformance.Tests.ArcGisConsistencyTests.The_query_names_the_same_object_id_field_the_layer_document_declares" computerName="DESKTOP-M804G0L" duration="00:00:00.5844125" startTime="2026-08-14T21:38:06.3978316+03:00" endTime="2026-08-14T21:38:06.3978322+03:00" testType="13cdc9d9-ddb5-4fa4-a97d-d965ccfc6d4b" outcome="Passed" testListId="8c84fa94-04c1-424b-9868-57a2d4851a1d" relativeResultsDirectory="a429182d-2e2f-429d-b28c-8bd7fba72c9d" />
    <UnitTestResult executionId="82e19ba1-d6e7-4824-a125-72be6bd027ae" testId="1ecb4b55-5d3f-2602-badd-219d8905ade2" testName="GisServer.Conformance.Tests.GeometryServerConformanceTests.The_service_lists_what_it_does_and_what_it_does_not" computerName="DESKTOP-M804G0L" duration="00:00:00.1926153" startTime="2026-08-14T21:38:04.5226128+03:00" endTime="2026-08-14T21:38:04.5226138+03:00" testType="13cdc9d9-ddb5-4fa4-a97d-d965ccfc6d4b" outcome="Passed" testListId="8c84fa94-04c1-424b-9868-57a2d4851a1d" relativeResultsDirectory="82e19ba1-d6e7-4824-a125-72be6bd027ae" />
    <UnitTestResult executionId="f4b0b51d-397f-4eb1-b251-804543893bc3" testId="1cfe333e-4729-d1d8-7f12-912e8fef4f66" testName="GisServer.Conformance.Tests.ArcGisConsistencyTests.Every_declared_field_type_matches_the_value_actually_sent" computerName="DESKTOP-M804G0L" duration="00:00:00.2982454" startTime="2026-08-14T21:38:05.4132478+03:00" endTime="2026-08-14T21:38:05.4132488+03:00" testType="13cdc9d9-ddb5-4fa4-a97d-d965ccfc6d4b" outcome="Passed" testListId="8c84fa94-04c1-424b-9868-57a2d4851a1d" relativeResultsDirectory="f4b0b51d-397f-4eb1-b251-804543893bc3" />
    <UnitTestResult executionId="e4b8f67e-8edf-4570-96b5-4d90e25b2642" testId="7bd01959-01a6-053a-2f85-f6f8e60a8bd8" testName="GisServer.Conformance.Tests.GeometryServerConformanceTests.An_overlay_operation_answers_501_rather_than_404(operation: &quot;intersect&quot;)" computerName="DESKTOP-M804G0L" duration="00:00:00.2497619" startTime="2026-08-14T21:38:03.0435028+03:00" endTime="2026-08-14T21:38:03.0435032+03:00" testType="13cdc9d9-ddb5-4fa4-a97d-d965ccfc6d4b" outcome="Passed" testListId="8c84fa94-04c1-424b-9868-57a2d4851a1d" relativeResultsDirectory="e4b8f67e-8edf-4570-96b5-4d90e25b2642" />
    <UnitTestResult executionId="48562232-abe9-436a-b12d-f810ed4adfbd" testId="793edadf-0d63-a3c2-e84f-d3feb838e5ec" testName="GisServer.Conformance.Tests.ArcGisConsistencyTests.A_polygon_ring_is_closed_and_wound_the_way_ArcGIS_requires" computerName="DESKTOP-M804G0L" duration="00:00:00.3165378" startTime="2026-08-14T21:38:04.6748658+03:00" endTime="2026-08-14T21:38:04.6748683+03:00" testType="13cdc9d9-ddb5-4fa4-a97d-d965ccfc6d4b" outcome="Passed" testListId="8c84fa94-04c1-424b-9868-57a2d4851a1d" relativeResultsDirectory="48562232-abe9-436a-b12d-f810ed4adfbd" />
    <UnitTestResult executionId="2d3d365f-d31a-477c-b0f3-120288cef7fb" testId="3bb84e29-4e1c-e65f-1d1f-80e58ad39238" testName="GisServer.Conformance.Tests.GeometryServerConformanceTests.A_refusal_explains_itself_and_says_where_the_reasoning_is" computerName="DESKTOP-M804G0L" duration="00:00:00.0594951" startTime="2026-08-14T21:38:05.0156889+03:00" endTime="2026-08-14T21:38:05.0156901+03:00" testType="13cdc9d9-ddb5-4fa4-a97d-d965ccfc6d4b" outcome="Passed" testListId="8c84fa94-04c1-424b-9868-57a2d4851a1d" relativeResultsDirectory="2d3d365f-d31a-477c-b0f3-120288cef7fb" />
    <UnitTestResult executionId="17e38209-71a3-40ff-9822-2e1220b0bdb2" testId="9f065aee-1c10-3e6c-f143-b8a3dacc3eaf" testName="GisServer.Conformance.Tests.ArcGisDiscoveryTests.Step2_the_catalogue_lists_services_a_client_can_address" computerName="DESKTOP-M804G0L" duration="00:00:00.3763732" startTime="2026-08-14T21:38:04.2813442+03:00" endTime="2026-08-14T21:38:04.2813451+03:00" testType="13cdc9d9-ddb5-4fa4-a97d-d965ccfc6d4b" outcome="Passed" testListId="8c84fa94-04c1-424b-9868-57a2d4851a1d" relativeResultsDirectory="17e38209-71a3-40ff-9822-2e1220b0bdb2" />
    <UnitTestResult executionId="6aa2595e-a101-4e83-9013-4d1b7a82483b" testId="6fa4c14d-d3c1-54b5-70d4-2fed823abe16" testName="GisServer.Conformance.Tests.ArcGisConsistencyTests.The_query_returns_the_spatial_reference_the_layer_document_promised" computerName="DESKTOP-M804G0L" duration="00:00:00.9924960" startTime="2026-08-14T21:38:04.3533378+03:00" endTime="2026-08-14T21:38:04.3533396+03:00" testType="13cdc9d9-ddb5-4fa4-a97d-d965ccfc6d4b" outcome="Passed" testListId="8c84fa94-04c1-424b-9868-57a2d4851a1d" relativeResultsDirectory="6aa2595e-a101-4e83-9013-4d1b7a82483b" />
    <UnitTestResult executionId="d7aaf426-3d33-406b-b3e0-b04b8908675f" testId="88f5a627-fc5a-9c8d-dcad-0b9efc266e5d" testName="GisServer.Conformance.Tests.ArcGisConsistencyTests.The_advertised_maximum_is_not_exceeded_by_a_request_for_more" computerName="DESKTOP-M804G0L" duration="00:00:01.4038679" startTime="2026-08-14T21:38:07.8289231+03:00" endTime="2026-08-14T21:38:07.8289234+03:00" testType="13cdc9d9-ddb5-4fa4-a97d-d965ccfc6d4b" outcome="Passed" testListId="8c84fa94-04c1-424b-9868-57a2d4851a1d" relativeResultsDirectory="d7aaf426-3d33-406b-b3e0-b04b8908675f" />
    <UnitTestResult executionId="459d69c3-74ab-46e3-baf1-978710368fda" testId="1dfa7a91-fc71-c954-c8ba-de3f5e278891" testName="GisServer.Conformance.Tests.GeometryServerConformanceTests.Measurements_say_out_loud_that_they_are_planar" computerName="DESKTOP-M804G0L" duration="00:00:00.0608052" startTime="2026-08-14T21:38:04.9511754+03:00" endTime="2026-08-14T21:38:04.9511767+03:00" testType="13cdc9d9-ddb5-4fa4-a97d-d965ccfc6d4b" outcome="Passed" testListId="8c84fa94-04c1-424b-9868-57a2d4851a1d" relativeResultsDirectory="459d69c3-74ab-46e3-baf1-978710368fda" />
    <UnitTestResult executionId="e459b2fb-7171-4fbb-8927-0850faf00b7a" testId="d40cd553-f889-8fb3-6ada-6796f2b3f520" testName="GisServer.Conformance.Tests.VectorTileConformanceTests.Step4_a_tile_built_from_the_documents_decodes_to_real_geometry" computerName="DESKTOP-M804G0L" duration="00:00:01.2162084" startTime="2026-08-14T21:38:04.3110540+03:00" endTime="2026-08-14T21:38:04.3110555+03:00" testType="13cdc9d9-ddb5-4fa4-a97d-d965ccfc6d4b" outcome="Passed" testListId="8c84fa94-04c1-424b-9868-57a2d4851a1d" relativeResultsDirectory="e459b2fb-7171-4fbb-8927-0850faf00b7a" />
    <UnitTestResult executionId="d8ce40f2-7372-4a12-a1e0-4629f6c61e2d" testId="ed4b95fb-a6cf-a978-8da2-bcbfdb092fef" testName="GisServer.Conformance.Tests.ArcGisDiscoveryTests.Every_service_in_the_catalogue_can_actually_be_opened" computerName="DESKTOP-M804G0L" duration="00:00:00.2460470" startTime="2026-08-14T21:38:05.4683439+03:00" endTime="2026-08-14T21:38:05.4683446+03:00" testType="13cdc9d9-ddb5-4fa4-a97d-d965ccfc6d4b" outcome="Passed" testListId="8c84fa94-04c1-424b-9868-57a2d4851a1d" relativeResultsDirectory="d8ce40f2-7372-4a12-a1e0-4629f6c61e2d" />
    <UnitTestResult executionId="98dc4501-d1a9-479c-b645-1e2e8db827e1" testId="da690835-0eeb-70b9-bad4-553f6cdaf546" testName="GisServer.Conformance.Tests.GeometryServerConformanceTests.A_batch_comes_back_in_the_order_it_went_in" computerName="DESKTOP-M804G0L" duration="00:00:00.1095699" startTime="2026-08-14T21:38:05.6027923+03:00" endTime="2026-08-14T21:38:05.6027933+03:00" testType="13cdc9d9-ddb5-4fa4-a97d-d965ccfc6d4b" outcome="Passed" testListId="8c84fa94-04c1-424b-9868-57a2d4851a1d" relativeResultsDirectory="98dc4501-d1a9-479c-b645-1e2e8db827e1" />
    <UnitTestResult executionId="0a346fd7-6f70-45e6-92c9-d3973df156b9" testId="89e161d9-8ecb-0367-40ec-2da32ec4ab38" testName="GisServer.Conformance.Tests.ArcGisConsistencyTests.Every_attribute_returned_was_declared_as_a_field" computerName="DESKTOP-M804G0L" duration="00:00:01.1243454" startTime="2026-08-14T21:38:08.9601512+03:00" endTime="2026-08-14T21:38:08.9601523+03:00" testType="13cdc9d9-ddb5-4fa4-a97d-d965ccfc6d4b" outcome="Passed" testListId="8c84fa94-04c1-424b-9868-57a2d4851a1d" relativeResultsDirectory="0a346fd7-6f70-45e6-92c9-d3973df156b9" />
    <UnitTestResult executionId="c358fecd-41bc-412f-b77a-fc4eb820356c" testId="c5dd5036-50b2-9ff5-83d7-c4fbb4755220" testName="GisServer.Conformance.Tests.VectorTileConformanceTests.Step3_the_default_style_resolves_and_names_a_source_layer" computerName="DESKTOP-M804G0L" duration="00:00:00.5456716" startTime="2026-08-14T21:38:04.8608045+03:00" endTime="2026-08-14T21:38:04.8608055+03:00" testType="13cdc9d9-ddb5-4fa4-a97d-d965ccfc6d4b" outcome="Passed" testListId="8c84fa94-04c1-424b-9868-57a2d4851a1d" relativeResultsDirectory="c358fecd-41bc-412f-b77a-fc4eb820356c" />
    <UnitTestResult executionId="2435f15f-a86f-4a8a-b85c-54b585a43c1f" testId="ca818517-7478-8b17-fe6a-5cd6bea7c448" testName="GisServer.Conformance.Tests.VectorTileConformanceTests.An_address_outside_the_pyramid_is_refused_rather_than_faulted" computerName="DESKTOP-M804G0L" duration="00:00:00.2846922" startTime="2026-08-14T21:38:05.1519168+03:00" endTime="2026-08-14T21:38:05.1519175+03:00" testType="13cdc9d9-ddb5-4fa4-a97d-d965ccfc6d4b" outcome="Passed" testListId="8c84fa94-04c1-424b-9868-57a2d4851a1d" relativeResultsDirectory="2435f15f-a86f-4a8a-b85c-54b585a43c1f" />
    <UnitTestResult executionId="7eeb28e7-de18-4416-8482-a924bf269a38" testId="8bda6c1a-8a16-f77b-607b-c0c56c3de8ac" testName="GisServer.Conformance.Tests.ArcGisDiscoveryTests.Step3_the_service_document_is_where_the_naming_convention_says" computerName="DESKTOP-M804G0L" duration="00:00:00.3327667" startTime="2026-08-14T21:38:04.6539408+03:00" endTime="2026-08-14T21:38:04.6539416+03:00" testType="13cdc9d9-ddb5-4fa4-a97d-d965ccfc6d4b" outcome="Passed" testListId="8c84fa94-04c1-424b-9868-57a2d4851a1d" relativeResultsDirectory="7eeb28e7-de18-4416-8482-a924bf269a38" />
    <UnitTestResult executionId="46b0d69a-1150-4f93-b3f9-0445ef79a01b" testId="f439f141-330a-330e-2c73-0bfd75fc4778" testName="GisServer.Conformance.Tests.GeometryServerConformanceTests.Projecting_Istanbul_from_degrees_to_metres_lands_where_it_should" computerName="DESKTOP-M804G0L" duration="00:00:00.3467781" startTime="2026-08-14T21:38:04.8789310+03:00" endTime="2026-08-14T21:38:04.8789317+03:00" testType="13cdc9d9-ddb5-4fa4-a97d-d965ccfc6d4b" outcome="Passed" testListId="8c84fa94-04c1-424b-9868-57a2d4851a1d" relativeResultsDirectory="46b0d69a-1150-4f93-b3f9-0445ef79a01b" />
    <UnitTestResult executionId="4eac6e22-8162-4e87-8d9d-de880e17fc8d" testId="219fb1ba-5056-09e6-044e-0421877d647e" testName="GisServer.Conformance.Tests.GeometryServerConformanceTests.An_overlay_operation_answers_501_rather_than_404(operation: &quot;difference&quot;)" computerName="DESKTOP-M804G0L" duration="00:00:00.3149625" startTime="2026-08-14T21:38:03.7168731+03:00" endTime="2026-08-14T21:38:03.7168737+03:00" testType="13cdc9d9-ddb5-4fa4-a97d-d965ccfc6d4b" outcome="Passed" testListId="8c84fa94-04c1-424b-9868-57a2d4851a1d" relativeResultsDirectory="4eac6e22-8162-4e87-8d9d-de880e17fc8d" />
    <UnitTestResult executionId="71f523d7-b1f9-4771-933b-33e6478b3e3a" testId="d240bb9b-03cf-7976-8e07-53deba3cf90b" testName="GisServer.Conformance.Tests.VectorTileConformanceTests.A_tile_is_served_with_a_content_type_a_client_recognises" computerName="DESKTOP-M804G0L" duration="00:00:01.0572117" startTime="2026-08-14T21:38:06.3899337+03:00" endTime="2026-08-14T21:38:06.3899341+03:00" testType="13cdc9d9-ddb5-4fa4-a97d-d965ccfc6d4b" outcome="Passed" testListId="8c84fa94-04c1-424b-9868-57a2d4851a1d" relativeResultsDirectory="71f523d7-b1f9-4771-933b-33e6478b3e3a" />
  </Results>
  <TestDefinitions>
    <UnitTest name="GisServer.Conformance.Tests.ArcGisConsistencyTests.The_object_id_is_emitted_as_a_number_because_it_is_declared_as_an_OID" storage="c:\personal\projects\gis\tests\gisserver.conformance.tests\bin\release\net9.0\gisserver.conformance.tests.dll" id="1baf40b9-30e2-75d0-f835-4a938c2ce4d5">
      <Execution id="dbf25973-4f8a-4ea4-b984-e6b706549af1" />
      <TestMethod codeBase="C:\Personal\Projects\GIS\tests\GisServer.Conformance.Tests\bin\Release\net9.0\GisServer.Conformance.Tests.dll" adapterTypeName="executor://xunit/VsTestRunner2/netcoreapp" className="GisServer.Conformance.Tests.ArcGisConsistencyTests" name="The_object_id_is_emitted_as_a_number_because_it_is_declared_as_an_OID" />
    </UnitTest>
    <UnitTest name="GisServer.Conformance.Tests.ArcGisConsistencyTests.A_polygon_ring_is_closed_and_wound_the_way_ArcGIS_requires" storage="c:\personal\projects\gis\tests\gisserver.conformance.tests\bin\release\net9.0\gisserver.conformance.tests.dll" id="793edadf-0d63-a3c2-e84f-d3feb838e5ec">
      <Execution id="48562232-abe9-436a-b12d-f810ed4adfbd" />
      <TestMethod codeBase="C:\Personal\Projects\GIS\tests\GisServer.Conformance.Tests\bin\Release\net9.0\GisServer.Conformance.Tests.dll" adapterTypeName="executor://xunit/VsTestRunner2/netcoreapp" className="GisServer.Conformance.Tests.ArcGisConsistencyTests" name="A_polygon_ring_is_closed_and_wound_the_way_ArcGIS_requires" />
    </UnitTest>
    <UnitTest name="GisServer.Conformance.Tests.GeometryServerConformanceTests.A_refusal_explains_itself_and_says_where_the_reasoning_is" storage="c:\personal\projects\gis\tests\gisserver.conformance.tests\bin\release\net9.0\gisserver.conformance.tests.dll" id="3bb84e29-4e1c-e65f-1d1f-80e58ad39238">
      <Execution id="2d3d365f-d31a-477c-b0f3-120288cef7fb" />
      <TestMethod codeBase="C:\Personal\Projects\GIS\tests\GisServer.Conformance.Tests\bin\Release\net9.0\GisServer.Conformance.Tests.dll" adapterTypeName="executor://xunit/VsTestRunner2/netcoreapp" className="GisServer.Conformance.Tests.GeometryServerConformanceTests" name="A_refusal_explains_itself_and_says_where_the_reasoning_is" />
    </UnitTest>
    <UnitTest name="GisServer.Conformance.Tests.ArcGisConsistencyTests.The_advertised_maximum_is_not_exceeded_by_a_request_for_more" storage="c:\personal\projects\gis\tests\gisserver.conformance.tests\bin\release\net9.0\gisserver.conformance.tests.dll" id="88f5a627-fc5a-9c8d-dcad-0b9efc266e5d">
      <Execution id="d7aaf426-3d33-406b-b3e0-b04b8908675f" />
      <TestMethod codeBase="C:\Personal\Projects\GIS\tests\GisServer.Conformance.Tests\bin\Release\net9.0\GisServer.Conformance.Tests.dll" adapterTypeName="executor://xunit/VsTestRunner2/netcoreapp" className="GisServer.Conformance.Tests.ArcGisConsistencyTests" name="The_advertised_maximum_is_not_exceeded_by_a_request_for_more" />
    </UnitTest>
    <UnitTest name="GisServer.Conformance.Tests.GeometryServerConformanceTests.An_overlay_operation_answers_501_rather_than_404(operation: &quot;cut&quot;)" storage="c:\personal\projects\gis\tests\gisserver.conformance.tests\bin\release\net9.0\gisserver.conformance.tests.dll" id="861d4b62-3657-5dbf-cee4-674ab79bc7c5">
      <Execution id="604a257d-7ed0-42dd-b596-fddc8ecb9d08" />
      <TestMethod codeBase="C:\Personal\Projects\GIS\tests\GisServer.Conformance.Tests\bin\Release\net9.0\GisServer.Conformance.Tests.dll" adapterTypeName="executor://xunit/VsTestRunner2/netcoreapp" className="GisServer.Conformance.Tests.GeometryServerConformanceTests" name="An_overlay_operation_answers_501_rather_than_404" />
    </UnitTest>
    <UnitTest name="GisServer.Conformance.Tests.ArcGisConsistencyTests.The_query_returns_the_geometry_type_the_layer_document_promised" storage="c:\personal\projects\gis\tests\gisserver.conformance.tests\bin\release\net9.0\gisserver.conformance.tests.dll" id="056f9daf-4ab1-7281-5960-46bb68c6c7d8">
      <Execution id="398e8350-d67d-481a-ab76-57132623d839" />
      <TestMethod codeBase="C:\Personal\Projects\GIS\tests\GisServer.Conformance.Tests\bin\Release\net9.0\GisServer.Conformance.Tests.dll" adapterTypeName="executor://xunit/VsTestRunner2/netcoreapp" className="GisServer.Conformance.Tests.ArcGisConsistencyTests" name="The_query_returns_the_geometry_type_the_layer_document_promised" />
    </UnitTest>
    <UnitTest name="GisServer.Conformance.Tests.GeometryServerConformanceTests.A_projection_says_which_engine_did_it" storage="c:\personal\projects\gis\tests\gisserver.conformance.tests\bin\release\net9.0\gisserver.conformance.tests.dll" id="1c6201cb-c484-4244-a86f-7616f0fc4f04">
      <Execution id="877f65d3-10dd-460b-9bd8-fc159f33f791" />
      <TestMethod codeBase="C:\Personal\Projects\GIS\tests\GisServer.Conformance.Tests\bin\Release\net9.0\GisServer.Conformance.Tests.dll" adapterTypeName="executor://xunit/VsTestRunner2/netcoreapp" className="GisServer.Conformance.Tests.GeometryServerConformanceTests" name="A_projection_says_which_engine_did_it" />
    </UnitTest>
    <UnitTest name="GisServer.Conformance.Tests.VectorTileConformanceTests.Step4_a_tile_built_from_the_documents_decodes_to_real_geometry" storage="c:\personal\projects\gis\tests\gisserver.conformance.tests\bin\release\net9.0\gisserver.conformance.tests.dll" id="d40cd553-f889-8fb3-6ada-6796f2b3f520">
      <Execution id="e459b2fb-7171-4fbb-8927-0850faf00b7a" />
      <TestMethod codeBase="C:\Personal\Projects\GIS\tests\GisServer.Conformance.Tests\bin\Release\net9.0\GisServer.Conformance.Tests.dll" adapterTypeName="executor://xunit/VsTestRunner2/netcoreapp" className="GisServer.Conformance.Tests.VectorTileConformanceTests" name="Step4_a_tile_built_from_the_documents_decodes_to_real_geometry" />
    </UnitTest>
    <UnitTest name="GisServer.Conformance.Tests.ArcGisDiscoveryTests.Step4_the_layer_document_carries_everything_needed_to_add_the_layer" storage="c:\personal\projects\gis\tests\gisserver.conformance.tests\bin\release\net9.0\gisserver.conformance.tests.dll" id="5d423d8a-7dcd-aa28-1674-129e07fdd611">
      <Execution id="68268b8b-8c0f-4360-91f2-fc44402241e0" />
      <TestMethod codeBase="C:\Personal\Projects\GIS\tests\GisServer.Conformance.Tests\bin\Release\net9.0\GisServer.Conformance.Tests.dll" adapterTypeName="executor://xunit/VsTestRunner2/netcoreapp" className="GisServer.Conformance.Tests.ArcGisDiscoveryTests" name="Step4_the_layer_document_carries_everything_needed_to_add_the_layer" />
    </UnitTest>
    <UnitTest name="GisServer.Conformance.Tests.GeometryServerConformanceTests.An_overlay_operation_answers_501_rather_than_404(operation: &quot;buffer&quot;)" storage="c:\personal\projects\gis\tests\gisserver.conformance.tests\bin\release\net9.0\gisserver.conformance.tests.dll" id="3efa8e38-46f1-4cdf-0717-dfd161dcee66">
      <Execution id="7069305a-9b34-4f37-b73f-31c0d6ea518f" />
      <TestMethod codeBase="C:\Personal\Projects\GIS\tests\GisServer.Conformance.Tests\bin\Release\net9.0\GisServer.Conformance.Tests.dll" adapterTypeName="executor://xunit/VsTestRunner2/netcoreapp" className="GisServer.Conformance.Tests.GeometryServerConformanceTests" name="An_overlay_operation_answers_501_rather_than_404" />
    </UnitTest>
    <UnitTest name="GisServer.Conformance.Tests.ArcGisDiscoveryTests.Step1_the_server_identifies_itself_and_says_how_to_authenticate" storage="c:\personal\projects\gis\tests\gisserver.conformance.tests\bin\release\net9.0\gisserver.conformance.tests.dll" id="f75e55b9-765e-27a7-c5bf-3fc5ead4984a">
      <Execution id="898b21ea-e1b6-41f8-b758-9d13432069a3" />
      <TestMethod codeBase="C:\Personal\Projects\GIS\tests\GisServer.Conformance.Tests\bin\Release\net9.0\GisServer.Conformance.Tests.dll" adapterTypeName="executor://xunit/VsTestRunner2/netcoreapp" className="GisServer.Conformance.Tests.ArcGisDiscoveryTests" name="Step1_the_server_identifies_itself_and_says_how_to_authenticate" />
    </UnitTest>
    <UnitTest name="GisServer.Conformance.Tests.GeometryServerConformanceTests.An_overlay_operation_answers_501_rather_than_404(operation: &quot;union&quot;)" storage="c:\personal\projects\gis\tests\gisserver.conformance.tests\bin\release\net9.0\gisserver.conformance.tests.dll" id="97d04742-9a5b-6209-c622-bf0eb05cb8f9">
      <Execution id="babac5d7-9ed4-4d6d-822d-d0bd18fa4eb1" />
      <TestMethod codeBase="C:\Personal\Projects\GIS\tests\GisServer.Conformance.Tests\bin\Release\net9.0\GisServer.Conformance.Tests.dll" adapterTypeName="executor://xunit/VsTestRunner2/netcoreapp" className="GisServer.Conformance.Tests.GeometryServerConformanceTests" name="An_overlay_operation_answers_501_rather_than_404" />
    </UnitTest>
    <UnitTest name="GisServer.Conformance.Tests.ArcGisConsistencyTests.The_query_returns_the_spatial_reference_the_layer_document_promised" storage="c:\personal\projects\gis\tests\gisserver.conformance.tests\bin\release\net9.0\gisserver.conformance.tests.dll" id="6fa4c14d-d3c1-54b5-70d4-2fed823abe16">
      <Execution id="6aa2595e-a101-4e83-9013-4d1b7a82483b" />
      <TestMethod codeBase="C:\Personal\Projects\GIS\tests\GisServer.Conformance.Tests\bin\Release\net9.0\GisServer.Conformance.Tests.dll" adapterTypeName="executor://xunit/VsTestRunner2/netcoreapp" className="GisServer.Conformance.Tests.ArcGisConsistencyTests" name="The_query_returns_the_spatial_reference_the_layer_document_promised" />
    </UnitTest>
    <UnitTest name="GisServer.Conformance.Tests.GeometryServerConformanceTests.The_service_lists_what_it_does_and_what_it_does_not" storage="c:\personal\projects\gis\tests\gisserver.conformance.tests\bin\release\net9.0\gisserver.conformance.tests.dll" id="1ecb4b55-5d3f-2602-badd-219d8905ade2">
      <Execution id="82e19ba1-d6e7-4824-a125-72be6bd027ae" />
      <TestMethod codeBase="C:\Personal\Projects\GIS\tests\GisServer.Conformance.Tests\bin\Release\net9.0\GisServer.Conformance.Tests.dll" adapterTypeName="executor://xunit/VsTestRunner2/netcoreapp" className="GisServer.Conformance.Tests.GeometryServerConformanceTests" name="The_service_lists_what_it_does_and_what_it_does_not" />
    </UnitTest>
    <UnitTest name="GisServer.Conformance.Tests.VectorTileConformanceTests.Step2_the_tiling_scheme_is_complete_enough_to_place_a_tile" storage="c:\personal\projects\gis\tests\gisserver.conformance.tests\bin\release\net9.0\gisserver.conformance.tests.dll" id="016dfbb7-0d6b-b57d-68ba-d05d51caa549">
      <Execution id="afa2c663-339b-483f-8b63-147c631e049b" />
      <TestMethod codeBase="C:\Personal\Projects\GIS\tests\GisServer.Conformance.Tests\bin\Release\net9.0\GisServer.Conformance.Tests.dll" adapterTypeName="executor://xunit/VsTestRunner2/netcoreapp" className="GisServer.Conformance.Tests.VectorTileConformanceTests" name="Step2_the_tiling_scheme_is_complete_enough_to_place_a_tile" />
    </UnitTest>
    <UnitTest name="GisServer.Conformance.Tests.VectorTileConformanceTests.Step1_the_service_document_says_where_the_tiles_are" storage="c:\personal\projects\gis\tests\gisserver.conformance.tests\bin\release\net9.0\gisserver.conformance.tests.dll" id="1c9b0c97-b927-da40-7d81-82426c821e00">
      <Execution id="5b44c184-3c0c-4507-93e2-3f014251dde1" />
      <TestMethod codeBase="C:\Personal\Projects\GIS\tests\GisServer.Conformance.Tests\bin\Release\net9.0\GisServer.Conformance.Tests.dll" adapterTypeName="executor://xunit/VsTestRunner2/netcoreapp" className="GisServer.Conformance.Tests.VectorTileConformanceTests" name="Step1_the_service_document_says_where_the_tiles_are" />
    </UnitTest>
    <UnitTest name="GisServer.Conformance.Tests.ArcGisConsistencyTests.Every_declared_field_type_matches_the_value_actually_sent" storage="c:\personal\projects\gis\tests\gisserver.conformance.tests\bin\release\net9.0\gisserver.conformance.tests.dll" id="1cfe333e-4729-d1d8-7f12-912e8fef4f66">
      <Execution id="f4b0b51d-397f-4eb1-b251-804543893bc3" />
      <TestMethod codeBase="C:\Personal\Projects\GIS\tests\GisServer.Conformance.Tests\bin\Release\net9.0\GisServer.Conformance.Tests.dll" adapterTypeName="executor://xunit/VsTestRunner2/netcoreapp" className="GisServer.Conformance.Tests.ArcGisConsistencyTests" name="Every_declared_field_type_matches_the_value_actually_sent" />
    </UnitTest>
    <UnitTest name="GisServer.Conformance.Tests.ArcGisConsistencyTests.Every_attribute_returned_was_declared_as_a_field" storage="c:\personal\projects\gis\tests\gisserver.conformance.tests\bin\release\net9.0\gisserver.conformance.tests.dll" id="89e161d9-8ecb-0367-40ec-2da32ec4ab38">
      <Execution id="0a346fd7-6f70-45e6-92c9-d3973df156b9" />
      <TestMethod codeBase="C:\Personal\Projects\GIS\tests\GisServer.Conformance.Tests\bin\Release\net9.0\GisServer.Conformance.Tests.dll" adapterTypeName="executor://xunit/VsTestRunner2/netcoreapp" className="GisServer.Conformance.Tests.ArcGisConsistencyTests" name="Every_attribute_returned_was_declared_as_a_field" />
    </UnitTest>
    <UnitTest name="GisServer.Conformance.Tests.GeometryServerConformanceTests.A_square_with_a_hole_measures_what_arithmetic_says" storage="c:\personal\projects\gis\tests\gisserver.conformance.tests\bin\release\net9.0\gisserver.conformance.tests.dll" id="b1067354-2e66-2c52-3a63-6b97beb4083f">
      <Execution id="a6542fe4-ceba-47f9-9265-1501191aa09b" />
      <TestMethod codeBase="C:\Personal\Projects\GIS\tests\GisServer.Conformance.Tests\bin\Release\net9.0\GisServer.Conformance.Tests.dll" adapterTypeName="executor://xunit/VsTestRunner2/netcoreapp" className="GisServer.Conformance.Tests.GeometryServerConformanceTests" name="A_square_with_a_hole_measures_what_arithmetic_says" />
    </UnitTest>
    <UnitTest name="GisServer.Conformance.Tests.VectorTileConformanceTests.A_tile_is_served_with_a_content_type_a_client_recognises" storage="c:\personal\projects\gis\tests\gisserver.conformance.tests\bin\release\net9.0\gisserver.conformance.tests.dll" id="d240bb9b-03cf-7976-8e07-53deba3cf90b">
      <Execution id="71f523d7-b1f9-4771-933b-33e6478b3e3a" />
      <TestMethod codeBase="C:\Personal\Projects\GIS\tests\GisServer.Conformance.Tests\bin\Release\net9.0\GisServer.Conformance.Tests.dll" adapterTypeName="executor://xunit/VsTestRunner2/netcoreapp" className="GisServer.Conformance.Tests.VectorTileConformanceTests" name="A_tile_is_served_with_a_content_type_a_client_recognises" />
    </UnitTest>
    <UnitTest name="GisServer.Conformance.Tests.VectorTileConformanceTests.An_empty_tile_is_a_success_rather_than_a_failure" storage="c:\personal\projects\gis\tests\gisserver.conformance.tests\bin\release\net9.0\gisserver.conformance.tests.dll" id="f6388f5d-8896-cef4-b709-bf34fb455b66">
      <Execution id="d47a3815-9c37-49a1-bf8c-cbcc82fcaa0b" />
      <TestMethod codeBase="C:\Personal\Projects\GIS\tests\GisServer.Conformance.Tests\bin\Release\net9.0\GisServer.Conformance.Tests.dll" adapterTypeName="executor://xunit/VsTestRunner2/netcoreapp" className="GisServer.Conformance.Tests.VectorTileConformanceTests" name="An_empty_tile_is_a_success_rather_than_a_failure" />
    </UnitTest>
    <UnitTest name="GisServer.Conformance.Tests.VectorTileConformanceTests.An_address_outside_the_pyramid_is_refused_rather_than_faulted" storage="c:\personal\projects\gis\tests\gisserver.conformance.tests\bin\release\net9.0\gisserver.conformance.tests.dll" id="ca818517-7478-8b17-fe6a-5cd6bea7c448">
      <Execution id="2435f15f-a86f-4a8a-b85c-54b585a43c1f" />
      <TestMethod codeBase="C:\Personal\Projects\GIS\tests\GisServer.Conformance.Tests\bin\Release\net9.0\GisServer.Conformance.Tests.dll" adapterTypeName="executor://xunit/VsTestRunner2/netcoreapp" className="GisServer.Conformance.Tests.VectorTileConformanceTests" name="An_address_outside_the_pyramid_is_refused_rather_than_faulted" />
    </UnitTest>
    <UnitTest name="GisServer.Conformance.Tests.VectorTileConformanceTests.Step3_the_default_style_resolves_and_names_a_source_layer" storage="c:\personal\projects\gis\tests\gisserver.conformance.tests\bin\release\net9.0\gisserver.conformance.tests.dll" id="c5dd5036-50b2-9ff5-83d7-c4fbb4755220">
      <Execution id="c358fecd-41bc-412f-b77a-fc4eb820356c" />
      <TestMethod codeBase="C:\Personal\Projects\GIS\tests\GisServer.Conformance.Tests\bin\Release\net9.0\GisServer.Conformance.Tests.dll" adapterTypeName="executor://xunit/VsTestRunner2/netcoreapp" className="GisServer.Conformance.Tests.VectorTileConformanceTests" name="Step3_the_default_style_resolves_and_names_a_source_layer" />
    </UnitTest>
    <UnitTest name="GisServer.Conformance.Tests.GeometryServerConformanceTests.A_missing_spatial_reference_is_refused_with_the_field_name" storage="c:\personal\projects\gis\tests\gisserver.conformance.tests\bin\release\net9.0\gisserver.conformance.tests.dll" id="bcc47ad1-4158-a8e4-9a35-b1714ad9f486">
      <Execution id="2c6cc176-0d2b-440e-91db-217ebb9ea18c" />
      <TestMethod codeBase="C:\Personal\Projects\GIS\tests\GisServer.Conformance.Tests\bin\Release\net9.0\GisServer.Conformance.Tests.dll" adapterTypeName="executor://xunit/VsTestRunner2/netcoreapp" className="GisServer.Conformance.Tests.GeometryServerConformanceTests" name="A_missing_spatial_reference_is_refused_with_the_field_name" />
    </UnitTest>
    <UnitTest name="GisServer.Conformance.Tests.ArcGisConsistencyTests.The_query_names_the_same_object_id_field_the_layer_document_declares" storage="c:\personal\projects\gis\tests\gisserver.conformance.tests\bin\release\net9.0\gisserver.conformance.tests.dll" id="6ead9bfc-abe8-6aff-b120-9ad8ffdb9aeb">
      <Execution id="a429182d-2e2f-429d-b28c-8bd7fba72c9d" />
      <TestMethod codeBase="C:\Personal\Projects\GIS\tests\GisServer.Conformance.Tests\bin\Release\net9.0\GisServer.Conformance.Tests.dll" adapterTypeName="executor://xunit/VsTestRunner2/netcoreapp" className="GisServer.Conformance.Tests.ArcGisConsistencyTests" name="The_query_names_the_same_object_id_field_the_layer_document_declares" />
    </UnitTest>
    <UnitTest name="GisServer.Conformance.Tests.VectorTileConformanceTests.Step5_the_source_layer_in_the_style_matches_the_layer_in_the_tile" storage="c:\personal\projects\gis\tests\gisserver.conformance.tests\bin\release\net9.0\gisserver.conformance.tests.dll" id="605e8b38-0344-8125-1e1d-de30da9c5ef6">
      <Execution id="f1696ffc-774c-4f74-ba6f-8fc86707c02c" />
      <TestMethod codeBase="C:\Personal\Projects\GIS\tests\GisServer.Conformance.Tests\bin\Release\net9.0\GisServer.Conformance.Tests.dll" adapterTypeName="executor://xunit/VsTestRunner2/netcoreapp" className="GisServer.Conformance.Tests.VectorTileConformanceTests" name="Step5_the_source_layer_in_the_style_matches_the_layer_in_the_tile" />
    </UnitTest>
    <UnitTest name="GisServer.Conformance.Tests.ArcGisDiscoveryTests.Step2_the_catalogue_lists_services_a_client_can_address" storage="c:\personal\projects\gis\tests\gisserver.conformance.tests\bin\release\net9.0\gisserver.conformance.tests.dll" id="9f065aee-1c10-3e6c-f143-b8a3dacc3eaf">
      <Execution id="17e38209-71a3-40ff-9822-2e1220b0bdb2" />
      <TestMethod codeBase="C:\Personal\Projects\GIS\tests\GisServer.Conformance.Tests\bin\Release\net9.0\GisServer.Conformance.Tests.dll" adapterTypeName="executor://xunit/VsTestRunner2/netcoreapp" className="GisServer.Conformance.Tests.ArcGisDiscoveryTests" name="Step2_the_catalogue_lists_services_a_client_can_address" />
    </UnitTest>
    <UnitTest name="GisServer.Conformance.Tests.GeometryServerConformanceTests.An_overlay_operation_answers_501_rather_than_404(operation: &quot;difference&quot;)" storage="c:\personal\projects\gis\tests\gisserver.conformance.tests\bin\release\net9.0\gisserver.conformance.tests.dll" id="219fb1ba-5056-09e6-044e-0421877d647e">
      <Execution id="4eac6e22-8162-4e87-8d9d-de880e17fc8d" />
      <TestMethod codeBase="C:\Personal\Projects\GIS\tests\GisServer.Conformance.Tests\bin\Release\net9.0\GisServer.Conformance.Tests.dll" adapterTypeName="executor://xunit/VsTestRunner2/netcoreapp" className="GisServer.Conformance.Tests.GeometryServerConformanceTests" name="An_overlay_operation_answers_501_rather_than_404" />
    </UnitTest>
    <UnitTest name="GisServer.Conformance.Tests.GeometryServerConformanceTests.Esris_own_code_for_Web_Mercator_is_accepted" storage="c:\personal\projects\gis\tests\gisserver.conformance.tests\bin\release\net9.0\gisserver.conformance.tests.dll" id="3fc91ad1-4698-1643-0067-3f0a79be4abc">
      <Execution id="bb902d93-a99c-4430-9fde-b8e59e19187e" />
      <TestMethod codeBase="C:\Personal\Projects\GIS\tests\GisServer.Conformance.Tests\bin\Release\net9.0\GisServer.Conformance.Tests.dll" adapterTypeName="executor://xunit/VsTestRunner2/netcoreapp" className="GisServer.Conformance.Tests.GeometryServerConformanceTests" name="Esris_own_code_for_Web_Mercator_is_accepted" />
    </UnitTest>
    <UnitTest name="GisServer.Conformance.Tests.ArcGisDiscoveryTests.Step5_a_query_built_from_the_documents_returns_features" storage="c:\personal\projects\gis\tests\gisserver.conformance.tests\bin\release\net9.0\gisserver.conformance.tests.dll" id="bdc655c3-7a98-cacf-0691-2880400f1ad8">
      <Execution id="43e0288e-ebc0-4486-a237-eaf187e5cf8b" />
      <TestMethod codeBase="C:\Personal\Projects\GIS\tests\GisServer.Conformance.Tests\bin\Release\net9.0\GisServer.Conformance.Tests.dll" adapterTypeName="executor://xunit/VsTestRunner2/netcoreapp" className="GisServer.Conformance.Tests.ArcGisDiscoveryTests" name="Step5_a_query_built_from_the_documents_returns_features" />
    </UnitTest>
    <UnitTest name="GisServer.Conformance.Tests.GeometryServerConformanceTests.Projecting_Istanbul_from_degrees_to_metres_lands_where_it_should" storage="c:\personal\projects\gis\tests\gisserver.conformance.tests\bin\release\net9.0\gisserver.conformance.tests.dll" id="f439f141-330a-330e-2c73-0bfd75fc4778">
      <Execution id="46b0d69a-1150-4f93-b3f9-0445ef79a01b" />
      <TestMethod codeBase="C:\Personal\Projects\GIS\tests\GisServer.Conformance.Tests\bin\Release\net9.0\GisServer.Conformance.Tests.dll" adapterTypeName="executor://xunit/VsTestRunner2/netcoreapp" className="GisServer.Conformance.Tests.GeometryServerConformanceTests" name="Projecting_Istanbul_from_degrees_to_metres_lands_where_it_should" />
    </UnitTest>
    <UnitTest name="GisServer.Conformance.Tests.ArcGisConsistencyTests.Requesting_a_named_field_returns_that_field_and_the_object_id" storage="c:\personal\projects\gis\tests\gisserver.conformance.tests\bin\release\net9.0\gisserver.conformance.tests.dll" id="47017594-f55a-1762-3344-ec04a652fc8a">
      <Execution id="286f646f-5519-45a9-9a78-01fdd4a549f9" />
      <TestMethod codeBase="C:\Personal\Projects\GIS\tests\GisServer.Conformance.Tests\bin\Release\net9.0\GisServer.Conformance.Tests.dll" adapterTypeName="executor://xunit/VsTestRunner2/netcoreapp" className="GisServer.Conformance.Tests.ArcGisConsistencyTests" name="Requesting_a_named_field_returns_that_field_and_the_object_id" />
    </UnitTest>
    <UnitTest name="GisServer.Conformance.Tests.GeometryServerConformanceTests.An_overlay_operation_answers_501_rather_than_404(operation: &quot;intersect&quot;)" storage="c:\personal\projects\gis\tests\gisserver.conformance.tests\bin\release\net9.0\gisserver.conformance.tests.dll" id="7bd01959-01a6-053a-2f85-f6f8e60a8bd8">
      <Execution id="e4b8f67e-8edf-4570-96b5-4d90e25b2642" />
      <TestMethod codeBase="C:\Personal\Projects\GIS\tests\GisServer.Conformance.Tests\bin\Release\net9.0\GisServer.Conformance.Tests.dll" adapterTypeName="executor://xunit/VsTestRunner2/netcoreapp" className="GisServer.Conformance.Tests.GeometryServerConformanceTests" name="An_overlay_operation_answers_501_rather_than_404" />
    </UnitTest>
    <UnitTest name="GisServer.Conformance.Tests.GeometryServerConformanceTests.A_label_point_lands_inside_a_C_shape_rather_than_in_its_notch" storage="c:\personal\projects\gis\tests\gisserver.conformance.tests\bin\release\net9.0\gisserver.conformance.tests.dll" id="37223844-854f-50c8-b881-f7b899d618bf">
      <Execution id="29653e35-35dc-453b-83f5-edb0b395b73c" />
      <TestMethod codeBase="C:\Personal\Projects\GIS\tests\GisServer.Conformance.Tests\bin\Release\net9.0\GisServer.Conformance.Tests.dll" adapterTypeName="executor://xunit/VsTestRunner2/netcoreapp" className="GisServer.Conformance.Tests.GeometryServerConformanceTests" name="A_label_point_lands_inside_a_C_shape_rather_than_in_its_notch" />
    </UnitTest>
    <UnitTest name="GisServer.Conformance.Tests.GeometryServerConformanceTests.Measurements_say_out_loud_that_they_are_planar" storage="c:\personal\projects\gis\tests\gisserver.conformance.tests\bin\release\net9.0\gisserver.conformance.tests.dll" id="1dfa7a91-fc71-c954-c8ba-de3f5e278891">
      <Execution id="459d69c3-74ab-46e3-baf1-978710368fda" />
      <TestMethod codeBase="C:\Personal\Projects\GIS\tests\GisServer.Conformance.Tests\bin\Release\net9.0\GisServer.Conformance.Tests.dll" adapterTypeName="executor://xunit/VsTestRunner2/netcoreapp" className="GisServer.Conformance.Tests.GeometryServerConformanceTests" name="Measurements_say_out_loud_that_they_are_planar" />
    </UnitTest>
    <UnitTest name="GisServer.Conformance.Tests.ArcGisDiscoveryTests.Step4a_the_extent_is_either_absent_or_actually_somewhere" storage="c:\personal\projects\gis\tests\gisserver.conformance.tests\bin\release\net9.0\gisserver.conformance.tests.dll" id="b21606c6-f70c-f574-af3a-53d715c03b4e">
      <Execution id="222e03da-2864-4ed2-aef4-05d9abf59604" />
      <TestMethod codeBase="C:\Personal\Projects\GIS\tests\GisServer.Conformance.Tests\bin\Release\net9.0\GisServer.Conformance.Tests.dll" adapterTypeName="executor://xunit/VsTestRunner2/netcoreapp" className="GisServer.Conformance.Tests.ArcGisDiscoveryTests" name="Step4a_the_extent_is_either_absent_or_actually_somewhere" />
    </UnitTest>
    <UnitTest name="GisServer.Conformance.Tests.ArcGisDiscoveryTests.Every_service_in_the_catalogue_can_actually_be_opened" storage="c:\personal\projects\gis\tests\gisserver.conformance.tests\bin\release\net9.0\gisserver.conformance.tests.dll" id="ed4b95fb-a6cf-a978-8da2-bcbfdb092fef">
      <Execution id="d8ce40f2-7372-4a12-a1e0-4629f6c61e2d" />
      <TestMethod codeBase="C:\Personal\Projects\GIS\tests\GisServer.Conformance.Tests\bin\Release\net9.0\GisServer.Conformance.Tests.dll" adapterTypeName="executor://xunit/VsTestRunner2/netcoreapp" className="GisServer.Conformance.Tests.ArcGisDiscoveryTests" name="Every_service_in_the_catalogue_can_actually_be_opened" />
    </UnitTest>
    <UnitTest name="GisServer.Conformance.Tests.ArcGisDiscoveryTests.Step3_the_service_document_is_where_the_naming_convention_says" storage="c:\personal\projects\gis\tests\gisserver.conformance.tests\bin\release\net9.0\gisserver.conformance.tests.dll" id="8bda6c1a-8a16-f77b-607b-c0c56c3de8ac">
      <Execution id="7eeb28e7-de18-4416-8482-a924bf269a38" />
      <TestMethod codeBase="C:\Personal\Projects\GIS\tests\GisServer.Conformance.Tests\bin\Release\net9.0\GisServer.Conformance.Tests.dll" adapterTypeName="executor://xunit/VsTestRunner2/netcoreapp" className="GisServer.Conformance.Tests.ArcGisDiscoveryTests" name="Step3_the_service_document_is_where_the_naming_convention_says" />
    </UnitTest>
    <UnitTest name="GisServer.Conformance.Tests.ArcGisDiscoveryTests.A_layer_that_is_not_shared_looks_exactly_like_one_that_does_not_exist" storage="c:\personal\projects\gis\tests\gisserver.conformance.tests\bin\release\net9.0\gisserver.conformance.tests.dll" id="98ab7df1-9817-4407-7e83-1033909fa33a">
      <Execution id="c73a9331-7c2c-467d-a554-8af6b09c35f1" />
      <TestMethod codeBase="C:\Personal\Projects\GIS\tests\GisServer.Conformance.Tests\bin\Release\net9.0\GisServer.Conformance.Tests.dll" adapterTypeName="executor://xunit/VsTestRunner2/netcoreapp" className="GisServer.Conformance.Tests.ArcGisDiscoveryTests" name="A_layer_that_is_not_shared_looks_exactly_like_one_that_does_not_exist" />
    </UnitTest>
    <UnitTest name="GisServer.Conformance.Tests.GeometryServerConformanceTests.A_batch_comes_back_in_the_order_it_went_in" storage="c:\personal\projects\gis\tests\gisserver.conformance.tests\bin\release\net9.0\gisserver.conformance.tests.dll" id="da690835-0eeb-70b9-bad4-553f6cdaf546">
      <Execution id="98dc4501-d1a9-479c-b645-1e2e8db827e1" />
      <TestMethod codeBase="C:\Personal\Projects\GIS\tests\GisServer.Conformance.Tests\bin\Release\net9.0\GisServer.Conformance.Tests.dll" adapterTypeName="executor://xunit/VsTestRunner2/netcoreapp" className="GisServer.Conformance.Tests.GeometryServerConformanceTests" name="A_batch_comes_back_in_the_order_it_went_in" />
    </UnitTest>
  </TestDefinitions>
  <TestEntries>
    <TestEntry testId="605e8b38-0344-8125-1e1d-de30da9c5ef6" executionId="f1696ffc-774c-4f74-ba6f-8fc86707c02c" testListId="8c84fa94-04c1-424b-9868-57a2d4851a1d" />
    <TestEntry testId="b1067354-2e66-2c52-3a63-6b97beb4083f" executionId="a6542fe4-ceba-47f9-9265-1501191aa09b" testListId="8c84fa94-04c1-424b-9868-57a2d4851a1d" />
    <TestEntry testId="3efa8e38-46f1-4cdf-0717-dfd161dcee66" executionId="7069305a-9b34-4f37-b73f-31c0d6ea518f" testListId="8c84fa94-04c1-424b-9868-57a2d4851a1d" />
    <TestEntry testId="1c9b0c97-b927-da40-7d81-82426c821e00" executionId="5b44c184-3c0c-4507-93e2-3f014251dde1" testListId="8c84fa94-04c1-424b-9868-57a2d4851a1d" />
    <TestEntry testId="47017594-f55a-1762-3344-ec04a652fc8a" executionId="286f646f-5519-45a9-9a78-01fdd4a549f9" testListId="8c84fa94-04c1-424b-9868-57a2d4851a1d" />
    <TestEntry testId="bcc47ad1-4158-a8e4-9a35-b1714ad9f486" executionId="2c6cc176-0d2b-440e-91db-217ebb9ea18c" testListId="8c84fa94-04c1-424b-9868-57a2d4851a1d" />
    <TestEntry testId="bdc655c3-7a98-cacf-0691-2880400f1ad8" executionId="43e0288e-ebc0-4486-a237-eaf187e5cf8b" testListId="8c84fa94-04c1-424b-9868-57a2d4851a1d" />
    <TestEntry testId="861d4b62-3657-5dbf-cee4-674ab79bc7c5" executionId="604a257d-7ed0-42dd-b596-fddc8ecb9d08" testListId="8c84fa94-04c1-424b-9868-57a2d4851a1d" />
    <TestEntry testId="37223844-854f-50c8-b881-f7b899d618bf" executionId="29653e35-35dc-453b-83f5-edb0b395b73c" testListId="8c84fa94-04c1-424b-9868-57a2d4851a1d" />
    <TestEntry testId="5d423d8a-7dcd-aa28-1674-129e07fdd611" executionId="68268b8b-8c0f-4360-91f2-fc44402241e0" testListId="8c84fa94-04c1-424b-9868-57a2d4851a1d" />
    <TestEntry testId="b21606c6-f70c-f574-af3a-53d715c03b4e" executionId="222e03da-2864-4ed2-aef4-05d9abf59604" testListId="8c84fa94-04c1-424b-9868-57a2d4851a1d" />
    <TestEntry testId="1c6201cb-c484-4244-a86f-7616f0fc4f04" executionId="877f65d3-10dd-460b-9bd8-fc159f33f791" testListId="8c84fa94-04c1-424b-9868-57a2d4851a1d" />
    <TestEntry testId="f6388f5d-8896-cef4-b709-bf34fb455b66" executionId="d47a3815-9c37-49a1-bf8c-cbcc82fcaa0b" testListId="8c84fa94-04c1-424b-9868-57a2d4851a1d" />
    <TestEntry testId="1baf40b9-30e2-75d0-f835-4a938c2ce4d5" executionId="dbf25973-4f8a-4ea4-b984-e6b706549af1" testListId="8c84fa94-04c1-424b-9868-57a2d4851a1d" />
    <TestEntry testId="016dfbb7-0d6b-b57d-68ba-d05d51caa549" executionId="afa2c663-339b-483f-8b63-147c631e049b" testListId="8c84fa94-04c1-424b-9868-57a2d4851a1d" />
    <TestEntry testId="98ab7df1-9817-4407-7e83-1033909fa33a" executionId="c73a9331-7c2c-467d-a554-8af6b09c35f1" testListId="8c84fa94-04c1-424b-9868-57a2d4851a1d" />
    <TestEntry testId="f75e55b9-765e-27a7-c5bf-3fc5ead4984a" executionId="898b21ea-e1b6-41f8-b758-9d13432069a3" testListId="8c84fa94-04c1-424b-9868-57a2d4851a1d" />
    <TestEntry testId="97d04742-9a5b-6209-c622-bf0eb05cb8f9" executionId="babac5d7-9ed4-4d6d-822d-d0bd18fa4eb1" testListId="8c84fa94-04c1-424b-9868-57a2d4851a1d" />
    <TestEntry testId="056f9daf-4ab1-7281-5960-46bb68c6c7d8" executionId="398e8350-d67d-481a-ab76-57132623d839" testListId="8c84fa94-04c1-424b-9868-57a2d4851a1d" />
    <TestEntry testId="3fc91ad1-4698-1643-0067-3f0a79be4abc" executionId="bb902d93-a99c-4430-9fde-b8e59e19187e" testListId="8c84fa94-04c1-424b-9868-57a2d4851a1d" />
    <TestEntry testId="6ead9bfc-abe8-6aff-b120-9ad8ffdb9aeb" executionId="a429182d-2e2f-429d-b28c-8bd7fba72c9d" testListId="8c84fa94-04c1-424b-9868-57a2d4851a1d" />
    <TestEntry testId="1ecb4b55-5d3f-2602-badd-219d8905ade2" executionId="82e19ba1-d6e7-4824-a125-72be6bd027ae" testListId="8c84fa94-04c1-424b-9868-57a2d4851a1d" />
    <TestEntry testId="1cfe333e-4729-d1d8-7f12-912e8fef4f66" executionId="f4b0b51d-397f-4eb1-b251-804543893bc3" testListId="8c84fa94-04c1-424b-9868-57a2d4851a1d" />
    <TestEntry testId="7bd01959-01a6-053a-2f85-f6f8e60a8bd8" executionId="e4b8f67e-8edf-4570-96b5-4d90e25b2642" testListId="8c84fa94-04c1-424b-9868-57a2d4851a1d" />
    <TestEntry testId="793edadf-0d63-a3c2-e84f-d3feb838e5ec" executionId="48562232-abe9-436a-b12d-f810ed4adfbd" testListId="8c84fa94-04c1-424b-9868-57a2d4851a1d" />
    <TestEntry testId="3bb84e29-4e1c-e65f-1d1f-80e58ad39238" executionId="2d3d365f-d31a-477c-b0f3-120288cef7fb" testListId="8c84fa94-04c1-424b-9868-57a2d4851a1d" />
    <TestEntry testId="9f065aee-1c10-3e6c-f143-b8a3dacc3eaf" executionId="17e38209-71a3-40ff-9822-2e1220b0bdb2" testListId="8c84fa94-04c1-424b-9868-57a2d4851a1d" />
    <TestEntry testId="6fa4c14d-d3c1-54b5-70d4-2fed823abe16" executionId="6aa2595e-a101-4e83-9013-4d1b7a82483b" testListId="8c84fa94-04c1-424b-9868-57a2d4851a1d" />
    <TestEntry testId="88f5a627-fc5a-9c8d-dcad-0b9efc266e5d" executionId="d7aaf426-3d33-406b-b3e0-b04b8908675f" testListId="8c84fa94-04c1-424b-9868-57a2d4851a1d" />
    <TestEntry testId="1dfa7a91-fc71-c954-c8ba-de3f5e278891" executionId="459d69c3-74ab-46e3-baf1-978710368fda" testListId="8c84fa94-04c1-424b-9868-57a2d4851a1d" />
    <TestEntry testId="d40cd553-f889-8fb3-6ada-6796f2b3f520" executionId="e459b2fb-7171-4fbb-8927-0850faf00b7a" testListId="8c84fa94-04c1-424b-9868-57a2d4851a1d" />
    <TestEntry testId="ed4b95fb-a6cf-a978-8da2-bcbfdb092fef" executionId="d8ce40f2-7372-4a12-a1e0-4629f6c61e2d" testListId="8c84fa94-04c1-424b-9868-57a2d4851a1d" />
    <TestEntry testId="da690835-0eeb-70b9-bad4-553f6cdaf546" executionId="98dc4501-d1a9-479c-b645-1e2e8db827e1" testListId="8c84fa94-04c1-424b-9868-57a2d4851a1d" />
    <TestEntry testId="89e161d9-8ecb-0367-40ec-2da32ec4ab38" executionId="0a346fd7-6f70-45e6-92c9-d3973df156b9" testListId="8c84fa94-04c1-424b-9868-57a2d4851a1d" />
    <TestEntry testId="c5dd5036-50b2-9ff5-83d7-c4fbb4755220" executionId="c358fecd-41bc-412f-b77a-fc4eb820356c" testListId="8c84fa94-04c1-424b-9868-57a2d4851a1d" />
    <TestEntry testId="ca818517-7478-8b17-fe6a-5cd6bea7c448" executionId="2435f15f-a86f-4a8a-b85c-54b585a43c1f" testListId="8c84fa94-04c1-424b-9868-57a2d4851a1d" />
    <TestEntry testId="8bda6c1a-8a16-f77b-607b-c0c56c3de8ac" executionId="7eeb28e7-de18-4416-8482-a924bf269a38" testListId="8c84fa94-04c1-424b-9868-57a2d4851a1d" />
    <TestEntry testId="f439f141-330a-330e-2c73-0bfd75fc4778" executionId="46b0d69a-1150-4f93-b3f9-0445ef79a01b" testListId="8c84fa94-04c1-424b-9868-57a2d4851a1d" />
    <TestEntry testId="219fb1ba-5056-09e6-044e-0421877d647e" executionId="4eac6e22-8162-4e87-8d9d-de880e17fc8d" testListId="8c84fa94-04c1-424b-9868-57a2d4851a1d" />
    <TestEntry testId="d240bb9b-03cf-7976-8e07-53deba3cf90b" executionId="71f523d7-b1f9-4771-933b-33e6478b3e3a" testListId="8c84fa94-04c1-424b-9868-57a2d4851a1d" />
  </TestEntries>
  <TestLists>
    <TestList name="Results Not in a List" id="8c84fa94-04c1-424b-9868-57a2d4851a1d" />
    <TestList name="All Loaded Results" id="19431567-8539-422a-85d7-44ee4e166bda" />
  </TestLists>
  <ResultSummary outcome="Completed">
    <Counters total="40" executed="40" passed="40" failed="0" error="0" timeout="0" aborted="0" inconclusive="0" passedButRunAborted="0" notRunnable="0" notExecuted="0" disconnected="0" warning="0" completed="0" inProgress="0" pending="0" />
    <Output>
      <StdOut>[xUnit.net 00:00:00.00] xUnit.net VSTest Adapter v2.8.2+699d445a1a (64-bit .NET 9.0.19)&#xD;
[xUnit.net 00:00:00.24]   Discovering: GisServer.Conformance.Tests&#xD;
[xUnit.net 00:00:00.38]   Discovered:  GisServer.Conformance.Tests&#xD;
[xUnit.net 00:00:00.39]   Starting:    GisServer.Conformance.Tests&#xD;
[xUnit.net 00:00:07.32]   Finished:    GisServer.Conformance.Tests&#xD;
</StdOut>
    </Output>
  </ResultSummary>
</TestRun>