<?xml version="1.0" encoding="utf-8"?>
<TestRun id="b6569d6c-e144-49bf-91c0-41384c562c9b" name="Erdinc@DESKTOP-M804G0L 2026-08-14 21:39:08" runUser="DESKTOP-M804G0L\Erdinc" xmlns="http://microsoft.com/schemas/VisualStudio/TeamTest/2010">
  <Times creation="2026-08-14T21:39:08.1530667+03:00" queuing="2026-08-14T21:39:08.1530684+03:00" start="2026-08-14T21:39:06.4698540+03:00" finish="2026-08-14T21:39:08.6765826+03:00" />
  <TestSettings name="default" id="c02688ec-dc7b-438f-91e9-20e1888bbe0e">
    <Deployment runDeploymentRoot="Erdinc_DESKTOP-M804G0L_2026-08-14_21_39_08" />
  </TestSettings>
  <Results>
    <UnitTestResult executionId="cdec0f01-a629-4c1a-97ff-698af6415b28" testId="38ab0e05-49eb-7de6-7b72-f3242217d3b2" testName="GisServer.Security.Argon2.Tests.Argon2idPasswordHasherTests.A_password_verifies_against_its_own_hash" computerName="DESKTOP-M804G0L" duration="00:00:00.0061838" startTime="2026-08-14T21:39:08.0077697+03:00" endTime="2026-08-14T21:39:08.0077701+03:00" testType="13cdc9d9-ddb5-4fa4-a97d-d965ccfc6d4b" outcome="Passed" testListId="8c84fa94-04c1-424b-9868-57a2d4851a1d" relativeResultsDirectory="cdec0f01-a629-4c1a-97ff-698af6415b28" />
    <UnitTestResult executionId="d617ca49-943d-4d5b-96a2-39d48ad71e8c" testId="b642e1ba-fd67-d491-d2f0-f3b1545aaf4d" testName="GisServer.Security.Argon2.Tests.Argon2idPasswordHasherTests.An_unreadable_credential_is_a_failed_login_never_an_exception(algorithm: &quot;pbkdf2&quot;, parameters: &quot;{\&quot;m\&quot;:64,\&quot;t\&quot;:1,\&quot;p\&quot;:1}&quot;)" computerName="DESKTOP-M804G0L" duration="00:00:00.0000213" startTime="2026-08-14T21:39:07.9465742+03:00" endTime="2026-08-14T21:39:07.9465743+03:00" testType="13cdc9d9-ddb5-4fa4-a97d-d965ccfc6d4b" outcome="Passed" testListId="8c84fa94-04c1-424b-9868-57a2d4851a1d" relativeResultsDirectory="d617ca49-943d-4d5b-96a2-39d48ad71e8c" />
    <UnitTestResult executionId="c162e81d-91d4-4480-917d-10316e140b99" testId="cb0ae68e-c005-19eb-79ab-ec53209de7f1" testName="GisServer.Security.Argon2.Tests.Argon2idPasswordHasherTests.An_unreadable_credential_is_a_failed_login_never_an_exception(algorithm: &quot;argon2id&quot;, parameters: &quot;not json at all&quot;)" computerName="DESKTOP-M804G0L" duration="00:00:00.0033939" startTime="2026-08-14T21:39:07.9465071+03:00" endTime="2026-08-14T21:39:07.9465072+03:00" testType="13cdc9d9-ddb5-4fa4-a97d-d965ccfc6d4b" outcome="Passed" testListId="8c84fa94-04c1-424b-9868-57a2d4851a1d" relativeResultsDirectory="c162e81d-91d4-4480-917d-10316e140b99" />
    <UnitTestResult executionId="0cdc1ab1-510c-4add-b356-2844b82abba4" testId="43de7d13-bb8c-be72-3582-6aa8a6b9e70e" testName="GisServer.Security.Argon2.Tests.Argon2idPasswordHasherTests.The_parameters_are_stored_and_round_trip" computerName="DESKTOP-M804G0L" duration="00:00:00.0181923" startTime="2026-08-14T21:39:08.0310961+03:00" endTime="2026-08-14T21:39:08.0310969+03:00" testType="13cdc9d9-ddb5-4fa4-a97d-d965ccfc6d4b" outcome="Passed" testListId="8c84fa94-04c1-424b-9868-57a2d4851a1d" relativeResultsDirectory="0cdc1ab1-510c-4add-b356-2844b82abba4" />
    <UnitTestResult executionId="6da77237-e966-4aa8-a458-a1083349fa43" testId="d296d522-6d7e-d262-f77c-568d47871e94" testName="GisServer.Security.Argon2.Tests.Argon2idPasswordHasherTests.An_unreadable_credential_is_a_failed_login_never_an_exception(algorithm: &quot;argon2id&quot;, parameters: &quot;{\&quot;t\&quot;:1,\&quot;p\&quot;:1}&quot;)" computerName="DESKTOP-M804G0L" duration="00:00:00.0004222" startTime="2026-08-14T21:39:07.9460337+03:00" endTime="2026-08-14T21:39:07.9460337+03:00" testType="13cdc9d9-ddb5-4fa4-a97d-d965ccfc6d4b" outcome="Passed" testListId="8c84fa94-04c1-424b-9868-57a2d4851a1d" relativeResultsDirectory="6da77237-e966-4aa8-a458-a1083349fa43" />
    <UnitTestResult executionId="8a3cd128-7320-4e79-a376-516eeb888e88" testId="ece32920-3313-9b34-6fa2-29c4090f1d90" testName="GisServer.Security.Argon2.Tests.Argon2idPasswordHasherTests.The_salt_is_the_first_sixteen_bytes_and_differs_from_the_hash" computerName="DESKTOP-M804G0L" duration="00:00:00.0573686" startTime="2026-08-14T21:39:08.0014197+03:00" endTime="2026-08-14T21:39:08.0014201+03:00" testType="13cdc9d9-ddb5-4fa4-a97d-d965ccfc6d4b" outcome="Passed" testListId="8c84fa94-04c1-424b-9868-57a2d4851a1d" relativeResultsDirectory="8a3cd128-7320-4e79-a376-516eeb888e88" />
    <UnitTestResult executionId="8e0cab98-3a1d-4a60-bd2c-f11a45c823df" testId="469e195a-e334-d7fc-4f40-aff963c2f6a3" testName="GisServer.Security.Argon2.Tests.Argon2idPasswordHasherTests.A_different_password_does_not_verify" computerName="DESKTOP-M804G0L" duration="00:00:00.0175003" startTime="2026-08-14T21:39:08.0958928+03:00" endTime="2026-08-14T21:39:08.0958929+03:00" testType="13cdc9d9-ddb5-4fa4-a97d-d965ccfc6d4b" outcome="Passed" testListId="8c84fa94-04c1-424b-9868-57a2d4851a1d" relativeResultsDirectory="8e0cab98-3a1d-4a60-bd2c-f11a45c823df" />
    <UnitTestResult executionId="ac9c9338-ece1-426e-94b8-2ad40a34635a" testId="82421980-9218-9723-2409-7bc1c0952186" testName="GisServer.Security.Argon2.Tests.Argon2idPasswordHasherTests.An_empty_password_is_refused_by_us_and_not_by_the_library" computerName="DESKTOP-M804G0L" duration="00:00:00.0018960" startTime="2026-08-14T21:39:08.0961752+03:00" endTime="2026-08-14T21:39:08.0961753+03:00" testType="13cdc9d9-ddb5-4fa4-a97d-d965ccfc6d4b" outcome="Passed" testListId="8c84fa94-04c1-424b-9868-57a2d4851a1d" relativeResultsDirectory="ac9c9338-ece1-426e-94b8-2ad40a34635a" />
    <UnitTestResult executionId="ea96e4f5-11b2-4b42-982a-5543b00fe1d6" testId="747c1f35-d531-0713-7172-4f1ce51a13c9" testName="GisServer.Security.Argon2.Tests.Argon2idPasswordHasherTests.A_hash_made_at_a_lower_cost_needs_rehashing" computerName="DESKTOP-M804G0L" duration="00:00:00.0148772" startTime="2026-08-14T21:39:08.1703950+03:00" endTime="2026-08-14T21:39:08.1703957+03:00" testType="13cdc9d9-ddb5-4fa4-a97d-d965ccfc6d4b" outcome="Passed" testListId="8c84fa94-04c1-424b-9868-57a2d4851a1d" relativeResultsDirectory="ea96e4f5-11b2-4b42-982a-5543b00fe1d6" />
    <UnitTestResult executionId="46beff22-4319-4354-80c9-cba2dfb76054" testId="5c0fe5df-0933-3f4d-6e6e-16e414281ce0" testName="GisServer.Security.Argon2.Tests.Argon2idPasswordHasherTests.A_cost_that_is_higher_in_one_dimension_and_lower_in_another_still_needs_rehashing" computerName="DESKTOP-M804G0L" duration="00:00:00.0160286" startTime="2026-08-14T21:39:08.1962752+03:00" endTime="2026-08-14T21:39:08.1962757+03:00" testType="13cdc9d9-ddb5-4fa4-a97d-d965ccfc6d4b" outcome="Passed" testListId="8c84fa94-04c1-424b-9868-57a2d4851a1d" relativeResultsDirectory="46beff22-4319-4354-80c9-cba2dfb76054" />
    <UnitTestResult executionId="c7e3ce8f-0f46-4ee6-b188-60f50d2f7b24" testId="1d54bfb8-b61e-dccf-a717-9e0cbeb331b7" testName="GisServer.Security.Argon2.Tests.Argon2idPasswordHasherTests.The_default_cost_is_the_one_the_class_documents" computerName="DESKTOP-M804G0L" duration="00:00:00.2455774" startTime="2026-08-14T21:39:08.4421699+03:00" endTime="2026-08-14T21:39:08.4421710+03:00" testType="13cdc9d9-ddb5-4fa4-a97d-d965ccfc6d4b" outcome="Passed" testListId="8c84fa94-04c1-424b-9868-57a2d4851a1d" relativeResultsDirectory="c7e3ce8f-0f46-4ee6-b188-60f50d2f7b24" />
    <UnitTestResult executionId="2ded25a5-45e7-478f-941c-864343daef1c" testId="adc11e1c-a4a5-f5d2-4451-582de91fa772" testName="GisServer.Security.Argon2.Tests.Argon2idPasswordHasherTests.The_same_password_hashes_differently_every_time" computerName="DESKTOP-M804G0L" duration="00:00:00.0534328" startTime="2026-08-14T21:39:08.1364561+03:00" endTime="2026-08-14T21:39:08.1364577+03:00" testType="13cdc9d9-ddb5-4fa4-a97d-d965ccfc6d4b" outcome="Passed" testListId="8c84fa94-04c1-424b-9868-57a2d4851a1d" relativeResultsDirectory="2ded25a5-45e7-478f-941c-864343daef1c" />
    <UnitTestResult executionId="dd8508e0-4250-4e2c-8572-a79ff821ad64" testId="60e6856b-e4fd-4602-3fc0-6d63934b51a6" testName="GisServer.Security.Argon2.Tests.Argon2idPasswordHasherTests.Verifying_an_empty_password_is_false_rather_than_an_exception" computerName="DESKTOP-M804G0L" duration="00:00:00.0059986" startTime="2026-08-14T21:39:08.0372213+03:00" endTime="2026-08-14T21:39:08.0372219+03:00" testType="13cdc9d9-ddb5-4fa4-a97d-d965ccfc6d4b" outcome="Passed" testListId="8c84fa94-04c1-424b-9868-57a2d4851a1d" relativeResultsDirectory="dd8508e0-4250-4e2c-8572-a79ff821ad64" />
    <UnitTestResult executionId="b5fc535d-f88e-4505-8f21-a27409d6aed2" testId="35be80ba-a3e8-4601-c09f-9e04223efe95" testName="GisServer.Security.Argon2.Tests.Argon2idPasswordHasherTests.A_password_is_treated_as_utf8_so_non_ascii_survives" computerName="DESKTOP-M804G0L" duration="00:00:00.0106576" startTime="2026-08-14T21:39:08.0956473+03:00" endTime="2026-08-14T21:39:08.0956475+03:00" testType="13cdc9d9-ddb5-4fa4-a97d-d965ccfc6d4b" outcome="Passed" testListId="8c84fa94-04c1-424b-9868-57a2d4851a1d" relativeResultsDirectory="b5fc535d-f88e-4505-8f21-a27409d6aed2" />
    <UnitTestResult executionId="1cb4c19e-adc9-4444-a43b-5f1bf779fcf8" testId="43aafb50-1f7f-fba9-7d74-d95b3f88ca58" testName="GisServer.Security.Argon2.Tests.Argon2idPasswordHasherTests.A_hash_of_the_wrong_length_is_a_failed_login(length: 0)" computerName="DESKTOP-M804G0L" duration="00:00:00.0000134" startTime="2026-08-14T21:39:08.0961255+03:00" endTime="2026-08-14T21:39:08.0961255+03:00" testType="13cdc9d9-ddb5-4fa4-a97d-d965ccfc6d4b" outcome="Passed" testListId="8c84fa94-04c1-424b-9868-57a2d4851a1d" relativeResultsDirectory="1cb4c19e-adc9-4444-a43b-5f1bf779fcf8" />
    <UnitTestResult executionId="292f6364-7c08-4cfa-90c2-fa5dd76ce66d" testId="de2550a5-dbdf-e32d-5295-dc64eb80867e" testName="GisServer.Security.Argon2.Tests.Argon2idPasswordHasherTests.A_hash_verifies_against_the_parameters_it_was_made_with_not_the_current_ones" computerName="DESKTOP-M804G0L" duration="00:00:00.0034848" startTime="2026-08-14T21:39:08.0126640+03:00" endTime="2026-08-14T21:39:08.0126645+03:00" testType="13cdc9d9-ddb5-4fa4-a97d-d965ccfc6d4b" outcome="Passed" testListId="8c84fa94-04c1-424b-9868-57a2d4851a1d" relativeResultsDirectory="292f6364-7c08-4cfa-90c2-fa5dd76ce66d" />
    <UnitTestResult executionId="f7b30e8e-01fb-47ce-9cba-000d99c52ba2" testId="ece87582-1d3b-79ed-4863-54861072766e" testName="GisServer.Security.Argon2.Tests.Argon2idPasswordHasherTests.A_hash_is_not_the_password_in_any_recoverable_form" computerName="DESKTOP-M804G0L" duration="00:00:00.0122926" startTime="2026-08-14T21:39:08.0959633+03:00" endTime="2026-08-14T21:39:08.0959634+03:00" testType="13cdc9d9-ddb5-4fa4-a97d-d965ccfc6d4b" outcome="Passed" testListId="8c84fa94-04c1-424b-9868-57a2d4851a1d" relativeResultsDirectory="f7b30e8e-01fb-47ce-9cba-000d99c52ba2" />
    <UnitTestResult executionId="af7df0fd-fd48-450c-aeeb-d0325102d5c7" testId="ca958dc6-eca3-3f2e-4efa-51592dc6e884" testName="GisServer.Security.Argon2.Tests.Argon2idPasswordHasherTests.A_hash_of_the_wrong_length_is_a_failed_login(length: 49)" computerName="DESKTOP-M804G0L" duration="00:00:00.0006022" startTime="2026-08-14T21:39:08.0960754+03:00" endTime="2026-08-14T21:39:08.0960755+03:00" testType="13cdc9d9-ddb5-4fa4-a97d-d965ccfc6d4b" outcome="Passed" testListId="8c84fa94-04c1-424b-9868-57a2d4851a1d" relativeResultsDirectory="af7df0fd-fd48-450c-aeeb-d0325102d5c7" />
    <UnitTestResult executionId="af79e091-e25d-4c13-93bf-c728414c3d77" testId="eeff4340-0fae-edf0-a28f-85052cccf513" testName="GisServer.Security.Argon2.Tests.Argon2idPasswordHasherTests.A_hash_at_the_current_cost_does_not_need_rehashing" computerName="DESKTOP-M804G0L" duration="00:00:00.0094260" startTime="2026-08-14T21:39:08.1800678+03:00" endTime="2026-08-14T21:39:08.1800684+03:00" testType="13cdc9d9-ddb5-4fa4-a97d-d965ccfc6d4b" outcome="Passed" testListId="8c84fa94-04c1-424b-9868-57a2d4851a1d" relativeResultsDirectory="af79e091-e25d-4c13-93bf-c728414c3d77" />
    <UnitTestResult executionId="d3659792-c01b-45fd-99d3-2ae8894225f5" testId="d74ef8c8-5d75-abe3-c960-0280bd434df4" testName="GisServer.Security.Argon2.Tests.Argon2idPasswordHasherTests.The_algorithm_name_written_is_the_one_verified_against" computerName="DESKTOP-M804G0L" duration="00:00:00.0183549" startTime="2026-08-14T21:39:08.1546695+03:00" endTime="2026-08-14T21:39:08.1546708+03:00" testType="13cdc9d9-ddb5-4fa4-a97d-d965ccfc6d4b" outcome="Passed" testListId="8c84fa94-04c1-424b-9868-57a2d4851a1d" relativeResultsDirectory="d3659792-c01b-45fd-99d3-2ae8894225f5" />
    <UnitTestResult executionId="8a4ce8f8-417e-4ec5-a7d5-0d3c0f8d65e2" testId="cbc11270-4248-99a0-ca5c-12ddc82b3bc4" testName="GisServer.Security.Argon2.Tests.Argon2idPasswordHasherTests.A_hash_of_the_wrong_length_is_a_failed_login(length: 47)" computerName="DESKTOP-M804G0L" duration="00:00:00.0012789" startTime="2026-08-14T21:39:08.0960220+03:00" endTime="2026-08-14T21:39:08.0960221+03:00" testType="13cdc9d9-ddb5-4fa4-a97d-d965ccfc6d4b" outcome="Passed" testListId="8c84fa94-04c1-424b-9868-57a2d4851a1d" relativeResultsDirectory="8a4ce8f8-417e-4ec5-a7d5-0d3c0f8d65e2" />
    <UnitTestResult executionId="c5ce35a7-42dc-492a-973a-8ab34b2d67aa" testId="77226d06-f4d0-e033-8cd4-d8378936f7ba" testName="GisServer.Security.Argon2.Tests.Argon2idPasswordHasherTests.An_unreadable_credential_is_a_failed_login_never_an_exception(algorithm: &quot;argon2id&quot;, parameters: &quot;{\&quot;m\&quot;:\&quot;lots\&quot;}&quot;)" computerName="DESKTOP-M804G0L" duration="00:00:00.0124401" startTime="2026-08-14T21:39:07.9409392+03:00" endTime="2026-08-14T21:39:07.9409754+03:00" testType="13cdc9d9-ddb5-4fa4-a97d-d965ccfc6d4b" outcome="Passed" testListId="8c84fa94-04c1-424b-9868-57a2d4851a1d" relativeResultsDirectory="c5ce35a7-42dc-492a-973a-8ab34b2d67aa" />
  </Results>
  <TestDefinitions>
    <UnitTest name="GisServer.Security.Argon2.Tests.Argon2idPasswordHasherTests.An_unreadable_credential_is_a_failed_login_never_an_exception(algorithm: &quot;pbkdf2&quot;, parameters: &quot;{\&quot;m\&quot;:64,\&quot;t\&quot;:1,\&quot;p\&quot;:1}&quot;)" storage="c:\personal\projects\gis\tests\gisserver.security.argon2.tests\bin\release\net9.0\gisserver.security.argon2.tests.dll" id="b642e1ba-fd67-d491-d2f0-f3b1545aaf4d">
      <Execution id="d617ca49-943d-4d5b-96a2-39d48ad71e8c" />
      <TestMethod codeBase="C:\Personal\Projects\GIS\tests\GisServer.Security.Argon2.Tests\bin\Release\net9.0\GisServer.Security.Argon2.Tests.dll" adapterTypeName="executor://xunit/VsTestRunner2/netcoreapp" className="GisServer.Security.Argon2.Tests.Argon2idPasswordHasherTests" name="An_unreadable_credential_is_a_failed_login_never_an_exception" />
    </UnitTest>
    <UnitTest name="GisServer.Security.Argon2.Tests.Argon2idPasswordHasherTests.A_hash_of_the_wrong_length_is_a_failed_login(length: 49)" storage="c:\personal\projects\gis\tests\gisserver.security.argon2.tests\bin\release\net9.0\gisserver.security.argon2.tests.dll" id="ca958dc6-eca3-3f2e-4efa-51592dc6e884">
      <Execution id="af7df0fd-fd48-450c-aeeb-d0325102d5c7" />
      <TestMethod codeBase="C:\Personal\Projects\GIS\tests\GisServer.Security.Argon2.Tests\bin\Release\net9.0\GisServer.Security.Argon2.Tests.dll" adapterTypeName="executor://xunit/VsTestRunner2/netcoreapp" className="GisServer.Security.Argon2.Tests.Argon2idPasswordHasherTests" name="A_hash_of_the_wrong_length_is_a_failed_login" />
    </UnitTest>
    <UnitTest name="GisServer.Security.Argon2.Tests.Argon2idPasswordHasherTests.An_unreadable_credential_is_a_failed_login_never_an_exception(algorithm: &quot;argon2id&quot;, parameters: &quot;{\&quot;t\&quot;:1,\&quot;p\&quot;:1}&quot;)" storage="c:\personal\projects\gis\tests\gisserver.security.argon2.tests\bin\release\net9.0\gisserver.security.argon2.tests.dll" id="d296d522-6d7e-d262-f77c-568d47871e94">
      <Execution id="6da77237-e966-4aa8-a458-a1083349fa43" />
      <TestMethod codeBase="C:\Personal\Projects\GIS\tests\GisServer.Security.Argon2.Tests\bin\Release\net9.0\GisServer.Security.Argon2.Tests.dll" adapterTypeName="executor://xunit/VsTestRunner2/netcoreapp" className="GisServer.Security.Argon2.Tests.Argon2idPasswordHasherTests" name="An_unreadable_credential_is_a_failed_login_never_an_exception" />
    </UnitTest>
    <UnitTest name="GisServer.Security.Argon2.Tests.Argon2idPasswordHasherTests.A_hash_of_the_wrong_length_is_a_failed_login(length: 47)" storage="c:\personal\projects\gis\tests\gisserver.security.argon2.tests\bin\release\net9.0\gisserver.security.argon2.tests.dll" id="cbc11270-4248-99a0-ca5c-12ddc82b3bc4">
      <Execution id="8a4ce8f8-417e-4ec5-a7d5-0d3c0f8d65e2" />
      <TestMethod codeBase="C:\Personal\Projects\GIS\tests\GisServer.Security.Argon2.Tests\bin\Release\net9.0\GisServer.Security.Argon2.Tests.dll" adapterTypeName="executor://xunit/VsTestRunner2/netcoreapp" className="GisServer.Security.Argon2.Tests.Argon2idPasswordHasherTests" name="A_hash_of_the_wrong_length_is_a_failed_login" />
    </UnitTest>
    <UnitTest name="GisServer.Security.Argon2.Tests.Argon2idPasswordHasherTests.A_cost_that_is_higher_in_one_dimension_and_lower_in_another_still_needs_rehashing" storage="c:\personal\projects\gis\tests\gisserver.security.argon2.tests\bin\release\net9.0\gisserver.security.argon2.tests.dll" id="5c0fe5df-0933-3f4d-6e6e-16e414281ce0">
      <Execution id="46beff22-4319-4354-80c9-cba2dfb76054" />
      <TestMethod codeBase="C:\Personal\Projects\GIS\tests\GisServer.Security.Argon2.Tests\bin\Release\net9.0\GisServer.Security.Argon2.Tests.dll" adapterTypeName="executor://xunit/VsTestRunner2/netcoreapp" className="GisServer.Security.Argon2.Tests.Argon2idPasswordHasherTests" name="A_cost_that_is_higher_in_one_dimension_and_lower_in_another_still_needs_rehashing" />
    </UnitTest>
    <UnitTest name="GisServer.Security.Argon2.Tests.Argon2idPasswordHasherTests.A_hash_is_not_the_password_in_any_recoverable_form" storage="c:\personal\projects\gis\tests\gisserver.security.argon2.tests\bin\release\net9.0\gisserver.security.argon2.tests.dll" id="ece87582-1d3b-79ed-4863-54861072766e">
      <Execution id="f7b30e8e-01fb-47ce-9cba-000d99c52ba2" />
      <TestMethod codeBase="C:\Personal\Projects\GIS\tests\GisServer.Security.Argon2.Tests\bin\Release\net9.0\GisServer.Security.Argon2.Tests.dll" adapterTypeName="executor://xunit/VsTestRunner2/netcoreapp" className="GisServer.Security.Argon2.Tests.Argon2idPasswordHasherTests" name="A_hash_is_not_the_password_in_any_recoverable_form" />
    </UnitTest>
    <UnitTest name="GisServer.Security.Argon2.Tests.Argon2idPasswordHasherTests.The_same_password_hashes_differently_every_time" storage="c:\personal\projects\gis\tests\gisserver.security.argon2.tests\bin\release\net9.0\gisserver.security.argon2.tests.dll" id="adc11e1c-a4a5-f5d2-4451-582de91fa772">
      <Execution id="2ded25a5-45e7-478f-941c-864343daef1c" />
      <TestMethod codeBase="C:\Personal\Projects\GIS\tests\GisServer.Security.Argon2.Tests\bin\Release\net9.0\GisServer.Security.Argon2.Tests.dll" adapterTypeName="executor://xunit/VsTestRunner2/netcoreapp" className="GisServer.Security.Argon2.Tests.Argon2idPasswordHasherTests" name="The_same_password_hashes_differently_every_time" />
    </UnitTest>
    <UnitTest name="GisServer.Security.Argon2.Tests.Argon2idPasswordHasherTests.A_password_is_treated_as_utf8_so_non_ascii_survives" storage="c:\personal\projects\gis\tests\gisserver.security.argon2.tests\bin\release\net9.0\gisserver.security.argon2.tests.dll" id="35be80ba-a3e8-4601-c09f-9e04223efe95">
      <Execution id="b5fc535d-f88e-4505-8f21-a27409d6aed2" />
      <TestMethod codeBase="C:\Personal\Projects\GIS\tests\GisServer.Security.Argon2.Tests\bin\Release\net9.0\GisServer.Security.Argon2.Tests.dll" adapterTypeName="executor://xunit/VsTestRunner2/netcoreapp" className="GisServer.Security.Argon2.Tests.Argon2idPasswordHasherTests" name="A_password_is_treated_as_utf8_so_non_ascii_survives" />
    </UnitTest>
    <UnitTest name="GisServer.Security.Argon2.Tests.Argon2idPasswordHasherTests.A_different_password_does_not_verify" storage="c:\personal\projects\gis\tests\gisserver.security.argon2.tests\bin\release\net9.0\gisserver.security.argon2.tests.dll" id="469e195a-e334-d7fc-4f40-aff963c2f6a3">
      <Execution id="8e0cab98-3a1d-4a60-bd2c-f11a45c823df" />
      <TestMethod codeBase="C:\Personal\Projects\GIS\tests\GisServer.Security.Argon2.Tests\bin\Release\net9.0\GisServer.Security.Argon2.Tests.dll" adapterTypeName="executor://xunit/VsTestRunner2/netcoreapp" className="GisServer.Security.Argon2.Tests.Argon2idPasswordHasherTests" name="A_different_password_does_not_verify" />
    </UnitTest>
    <UnitTest name="GisServer.Security.Argon2.Tests.Argon2idPasswordHasherTests.The_algorithm_name_written_is_the_one_verified_against" storage="c:\personal\projects\gis\tests\gisserver.security.argon2.tests\bin\release\net9.0\gisserver.security.argon2.tests.dll" id="d74ef8c8-5d75-abe3-c960-0280bd434df4">
      <Execution id="d3659792-c01b-45fd-99d3-2ae8894225f5" />
      <TestMethod codeBase="C:\Personal\Projects\GIS\tests\GisServer.Security.Argon2.Tests\bin\Release\net9.0\GisServer.Security.Argon2.Tests.dll" adapterTypeName="executor://xunit/VsTestRunner2/netcoreapp" className="GisServer.Security.Argon2.Tests.Argon2idPasswordHasherTests" name="The_algorithm_name_written_is_the_one_verified_against" />
    </UnitTest>
    <UnitTest name="GisServer.Security.Argon2.Tests.Argon2idPasswordHasherTests.A_hash_made_at_a_lower_cost_needs_rehashing" storage="c:\personal\projects\gis\tests\gisserver.security.argon2.tests\bin\release\net9.0\gisserver.security.argon2.tests.dll" id="747c1f35-d531-0713-7172-4f1ce51a13c9">
      <Execution id="ea96e4f5-11b2-4b42-982a-5543b00fe1d6" />
      <TestMethod codeBase="C:\Personal\Projects\GIS\tests\GisServer.Security.Argon2.Tests\bin\Release\net9.0\GisServer.Security.Argon2.Tests.dll" adapterTypeName="executor://xunit/VsTestRunner2/netcoreapp" className="GisServer.Security.Argon2.Tests.Argon2idPasswordHasherTests" name="A_hash_made_at_a_lower_cost_needs_rehashing" />
    </UnitTest>
    <UnitTest name="GisServer.Security.Argon2.Tests.Argon2idPasswordHasherTests.A_hash_of_the_wrong_length_is_a_failed_login(length: 0)" storage="c:\personal\projects\gis\tests\gisserver.security.argon2.tests\bin\release\net9.0\gisserver.security.argon2.tests.dll" id="43aafb50-1f7f-fba9-7d74-d95b3f88ca58">
      <Execution id="1cb4c19e-adc9-4444-a43b-5f1bf779fcf8" />
      <TestMethod codeBase="C:\Personal\Projects\GIS\tests\GisServer.Security.Argon2.Tests\bin\Release\net9.0\GisServer.Security.Argon2.Tests.dll" adapterTypeName="executor://xunit/VsTestRunner2/netcoreapp" className="GisServer.Security.Argon2.Tests.Argon2idPasswordHasherTests" name="A_hash_of_the_wrong_length_is_a_failed_login" />
    </UnitTest>
    <UnitTest name="GisServer.Security.Argon2.Tests.Argon2idPasswordHasherTests.An_empty_password_is_refused_by_us_and_not_by_the_library" storage="c:\personal\projects\gis\tests\gisserver.security.argon2.tests\bin\release\net9.0\gisserver.security.argon2.tests.dll" id="82421980-9218-9723-2409-7bc1c0952186">
      <Execution id="ac9c9338-ece1-426e-94b8-2ad40a34635a" />
      <TestMethod codeBase="C:\Personal\Projects\GIS\tests\GisServer.Security.Argon2.Tests\bin\Release\net9.0\GisServer.Security.Argon2.Tests.dll" adapterTypeName="executor://xunit/VsTestRunner2/netcoreapp" className="GisServer.Security.Argon2.Tests.Argon2idPasswordHasherTests" name="An_empty_password_is_refused_by_us_and_not_by_the_library" />
    </UnitTest>
    <UnitTest name="GisServer.Security.Argon2.Tests.Argon2idPasswordHasherTests.A_password_verifies_against_its_own_hash" storage="c:\personal\projects\gis\tests\gisserver.security.argon2.tests\bin\release\net9.0\gisserver.security.argon2.tests.dll" id="38ab0e05-49eb-7de6-7b72-f3242217d3b2">
      <Execution id="cdec0f01-a629-4c1a-97ff-698af6415b28" />
      <TestMethod codeBase="C:\Personal\Projects\GIS\tests\GisServer.Security.Argon2.Tests\bin\Release\net9.0\GisServer.Security.Argon2.Tests.dll" adapterTypeName="executor://xunit/VsTestRunner2/netcoreapp" className="GisServer.Security.Argon2.Tests.Argon2idPasswordHasherTests" name="A_password_verifies_against_its_own_hash" />
    </UnitTest>
    <UnitTest name="GisServer.Security.Argon2.Tests.Argon2idPasswordHasherTests.The_salt_is_the_first_sixteen_bytes_and_differs_from_the_hash" storage="c:\personal\projects\gis\tests\gisserver.security.argon2.tests\bin\release\net9.0\gisserver.security.argon2.tests.dll" id="ece32920-3313-9b34-6fa2-29c4090f1d90">
      <Execution id="8a3cd128-7320-4e79-a376-516eeb888e88" />
      <TestMethod codeBase="C:\Personal\Projects\GIS\tests\GisServer.Security.Argon2.Tests\bin\Release\net9.0\GisServer.Security.Argon2.Tests.dll" adapterTypeName="executor://xunit/VsTestRunner2/netcoreapp" className="GisServer.Security.Argon2.Tests.Argon2idPasswordHasherTests" name="The_salt_is_the_first_sixteen_bytes_and_differs_from_the_hash" />
    </UnitTest>
    <UnitTest name="GisServer.Security.Argon2.Tests.Argon2idPasswordHasherTests.An_unreadable_credential_is_a_failed_login_never_an_exception(algorithm: &quot;argon2id&quot;, parameters: &quot;not json at all&quot;)" storage="c:\personal\projects\gis\tests\gisserver.security.argon2.tests\bin\release\net9.0\gisserver.security.argon2.tests.dll" id="cb0ae68e-c005-19eb-79ab-ec53209de7f1">
      <Execution id="c162e81d-91d4-4480-917d-10316e140b99" />
      <TestMethod codeBase="C:\Personal\Projects\GIS\tests\GisServer.Security.Argon2.Tests\bin\Release\net9.0\GisServer.Security.Argon2.Tests.dll" adapterTypeName="executor://xunit/VsTestRunner2/netcoreapp" className="GisServer.Security.Argon2.Tests.Argon2idPasswordHasherTests" name="An_unreadable_credential_is_a_failed_login_never_an_exception" />
    </UnitTest>
    <UnitTest name="GisServer.Security.Argon2.Tests.Argon2idPasswordHasherTests.Verifying_an_empty_password_is_false_rather_than_an_exception" storage="c:\personal\projects\gis\tests\gisserver.security.argon2.tests\bin\release\net9.0\gisserver.security.argon2.tests.dll" id="60e6856b-e4fd-4602-3fc0-6d63934b51a6">
      <Execution id="dd8508e0-4250-4e2c-8572-a79ff821ad64" />
      <TestMethod codeBase="C:\Personal\Projects\GIS\tests\GisServer.Security.Argon2.Tests\bin\Release\net9.0\GisServer.Security.Argon2.Tests.dll" adapterTypeName="executor://xunit/VsTestRunner2/netcoreapp" className="GisServer.Security.Argon2.Tests.Argon2idPasswordHasherTests" name="Verifying_an_empty_password_is_false_rather_than_an_exception" />
    </UnitTest>
    <UnitTest name="GisServer.Security.Argon2.Tests.Argon2idPasswordHasherTests.An_unreadable_credential_is_a_failed_login_never_an_exception(algorithm: &quot;argon2id&quot;, parameters: &quot;{\&quot;m\&quot;:\&quot;lots\&quot;}&quot;)" storage="c:\personal\projects\gis\tests\gisserver.security.argon2.tests\bin\release\net9.0\gisserver.security.argon2.tests.dll" id="77226d06-f4d0-e033-8cd4-d8378936f7ba">
      <Execution id="c5ce35a7-42dc-492a-973a-8ab34b2d67aa" />
      <TestMethod codeBase="C:\Personal\Projects\GIS\tests\GisServer.Security.Argon2.Tests\bin\Release\net9.0\GisServer.Security.Argon2.Tests.dll" adapterTypeName="executor://xunit/VsTestRunner2/netcoreapp" className="GisServer.Security.Argon2.Tests.Argon2idPasswordHasherTests" name="An_unreadable_credential_is_a_failed_login_never_an_exception" />
    </UnitTest>
    <UnitTest name="GisServer.Security.Argon2.Tests.Argon2idPasswordHasherTests.The_parameters_are_stored_and_round_trip" storage="c:\personal\projects\gis\tests\gisserver.security.argon2.tests\bin\release\net9.0\gisserver.security.argon2.tests.dll" id="43de7d13-bb8c-be72-3582-6aa8a6b9e70e">
      <Execution id="0cdc1ab1-510c-4add-b356-2844b82abba4" />
      <TestMethod codeBase="C:\Personal\Projects\GIS\tests\GisServer.Security.Argon2.Tests\bin\Release\net9.0\GisServer.Security.Argon2.Tests.dll" adapterTypeName="executor://xunit/VsTestRunner2/netcoreapp" className="GisServer.Security.Argon2.Tests.Argon2idPasswordHasherTests" name="The_parameters_are_stored_and_round_trip" />
    </UnitTest>
    <UnitTest name="GisServer.Security.Argon2.Tests.Argon2idPasswordHasherTests.A_hash_at_the_current_cost_does_not_need_rehashing" storage="c:\personal\projects\gis\tests\gisserver.security.argon2.tests\bin\release\net9.0\gisserver.security.argon2.tests.dll" id="eeff4340-0fae-edf0-a28f-85052cccf513">
      <Execution id="af79e091-e25d-4c13-93bf-c728414c3d77" />
      <TestMethod codeBase="C:\Personal\Projects\GIS\tests\GisServer.Security.Argon2.Tests\bin\Release\net9.0\GisServer.Security.Argon2.Tests.dll" adapterTypeName="executor://xunit/VsTestRunner2/netcoreapp" className="GisServer.Security.Argon2.Tests.Argon2idPasswordHasherTests" name="A_hash_at_the_current_cost_does_not_need_rehashing" />
    </UnitTest>
    <UnitTest name="GisServer.Security.Argon2.Tests.Argon2idPasswordHasherTests.A_hash_verifies_against_the_parameters_it_was_made_with_not_the_current_ones" storage="c:\personal\projects\gis\tests\gisserver.security.argon2.tests\bin\release\net9.0\gisserver.security.argon2.tests.dll" id="de2550a5-dbdf-e32d-5295-dc64eb80867e">
      <Execution id="292f6364-7c08-4cfa-90c2-fa5dd76ce66d" />
      <TestMethod codeBase="C:\Personal\Projects\GIS\tests\GisServer.Security.Argon2.Tests\bin\Release\net9.0\GisServer.Security.Argon2.Tests.dll" adapterTypeName="executor://xunit/VsTestRunner2/netcoreapp" className="GisServer.Security.Argon2.Tests.Argon2idPasswordHasherTests" name="A_hash_verifies_against_the_parameters_it_was_made_with_not_the_current_ones" />
    </UnitTest>
    <UnitTest name="GisServer.Security.Argon2.Tests.Argon2idPasswordHasherTests.The_default_cost_is_the_one_the_class_documents" storage="c:\personal\projects\gis\tests\gisserver.security.argon2.tests\bin\release\net9.0\gisserver.security.argon2.tests.dll" id="1d54bfb8-b61e-dccf-a717-9e0cbeb331b7">
      <Execution id="c7e3ce8f-0f46-4ee6-b188-60f50d2f7b24" />
      <TestMethod codeBase="C:\Personal\Projects\GIS\tests\GisServer.Security.Argon2.Tests\bin\Release\net9.0\GisServer.Security.Argon2.Tests.dll" adapterTypeName="executor://xunit/VsTestRunner2/netcoreapp" className="GisServer.Security.Argon2.Tests.Argon2idPasswordHasherTests" name="The_default_cost_is_the_one_the_class_documents" />
    </UnitTest>
  </TestDefinitions>
  <TestEntries>
    <TestEntry testId="38ab0e05-49eb-7de6-7b72-f3242217d3b2" executionId="cdec0f01-a629-4c1a-97ff-698af6415b28" testListId="8c84fa94-04c1-424b-9868-57a2d4851a1d" />
    <TestEntry testId="b642e1ba-fd67-d491-d2f0-f3b1545aaf4d" executionId="d617ca49-943d-4d5b-96a2-39d48ad71e8c" testListId="8c84fa94-04c1-424b-9868-57a2d4851a1d" />
    <TestEntry testId="cb0ae68e-c005-19eb-79ab-ec53209de7f1" executionId="c162e81d-91d4-4480-917d-10316e140b99" testListId="8c84fa94-04c1-424b-9868-57a2d4851a1d" />
    <TestEntry testId="43de7d13-bb8c-be72-3582-6aa8a6b9e70e" executionId="0cdc1ab1-510c-4add-b356-2844b82abba4" testListId="8c84fa94-04c1-424b-9868-57a2d4851a1d" />
    <TestEntry testId="d296d522-6d7e-d262-f77c-568d47871e94" executionId="6da77237-e966-4aa8-a458-a1083349fa43" testListId="8c84fa94-04c1-424b-9868-57a2d4851a1d" />
    <TestEntry testId="ece32920-3313-9b34-6fa2-29c4090f1d90" executionId="8a3cd128-7320-4e79-a376-516eeb888e88" testListId="8c84fa94-04c1-424b-9868-57a2d4851a1d" />
    <TestEntry testId="469e195a-e334-d7fc-4f40-aff963c2f6a3" executionId="8e0cab98-3a1d-4a60-bd2c-f11a45c823df" testListId="8c84fa94-04c1-424b-9868-57a2d4851a1d" />
    <TestEntry testId="82421980-9218-9723-2409-7bc1c0952186" executionId="ac9c9338-ece1-426e-94b8-2ad40a34635a" testListId="8c84fa94-04c1-424b-9868-57a2d4851a1d" />
    <TestEntry testId="747c1f35-d531-0713-7172-4f1ce51a13c9" executionId="ea96e4f5-11b2-4b42-982a-5543b00fe1d6" testListId="8c84fa94-04c1-424b-9868-57a2d4851a1d" />
    <TestEntry testId="5c0fe5df-0933-3f4d-6e6e-16e414281ce0" executionId="46beff22-4319-4354-80c9-cba2dfb76054" testListId="8c84fa94-04c1-424b-9868-57a2d4851a1d" />
    <TestEntry testId="1d54bfb8-b61e-dccf-a717-9e0cbeb331b7" executionId="c7e3ce8f-0f46-4ee6-b188-60f50d2f7b24" testListId="8c84fa94-04c1-424b-9868-57a2d4851a1d" />
    <TestEntry testId="adc11e1c-a4a5-f5d2-4451-582de91fa772" executionId="2ded25a5-45e7-478f-941c-864343daef1c" testListId="8c84fa94-04c1-424b-9868-57a2d4851a1d" />
    <TestEntry testId="60e6856b-e4fd-4602-3fc0-6d63934b51a6" executionId="dd8508e0-4250-4e2c-8572-a79ff821ad64" testListId="8c84fa94-04c1-424b-9868-57a2d4851a1d" />
    <TestEntry testId="35be80ba-a3e8-4601-c09f-9e04223efe95" executionId="b5fc535d-f88e-4505-8f21-a27409d6aed2" testListId="8c84fa94-04c1-424b-9868-57a2d4851a1d" />
    <TestEntry testId="43aafb50-1f7f-fba9-7d74-d95b3f88ca58" executionId="1cb4c19e-adc9-4444-a43b-5f1bf779fcf8" testListId="8c84fa94-04c1-424b-9868-57a2d4851a1d" />
    <TestEntry testId="de2550a5-dbdf-e32d-5295-dc64eb80867e" executionId="292f6364-7c08-4cfa-90c2-fa5dd76ce66d" testListId="8c84fa94-04c1-424b-9868-57a2d4851a1d" />
    <TestEntry testId="ece87582-1d3b-79ed-4863-54861072766e" executionId="f7b30e8e-01fb-47ce-9cba-000d99c52ba2" testListId="8c84fa94-04c1-424b-9868-57a2d4851a1d" />
    <TestEntry testId="ca958dc6-eca3-3f2e-4efa-51592dc6e884" executionId="af7df0fd-fd48-450c-aeeb-d0325102d5c7" testListId="8c84fa94-04c1-424b-9868-57a2d4851a1d" />
    <TestEntry testId="eeff4340-0fae-edf0-a28f-85052cccf513" executionId="af79e091-e25d-4c13-93bf-c728414c3d77" testListId="8c84fa94-04c1-424b-9868-57a2d4851a1d" />
    <TestEntry testId="d74ef8c8-5d75-abe3-c960-0280bd434df4" executionId="d3659792-c01b-45fd-99d3-2ae8894225f5" testListId="8c84fa94-04c1-424b-9868-57a2d4851a1d" />
    <TestEntry testId="cbc11270-4248-99a0-ca5c-12ddc82b3bc4" executionId="8a4ce8f8-417e-4ec5-a7d5-0d3c0f8d65e2" testListId="8c84fa94-04c1-424b-9868-57a2d4851a1d" />
    <TestEntry testId="77226d06-f4d0-e033-8cd4-d8378936f7ba" executionId="c5ce35a7-42dc-492a-973a-8ab34b2d67aa" testListId="8c84fa94-04c1-424b-9868-57a2d4851a1d" />
  </TestEntries>
  <TestLists>
    <TestList name="Results Not in a List" id="8c84fa94-04c1-424b-9868-57a2d4851a1d" />
    <TestList name="All Loaded Results" id="19431567-8539-422a-85d7-44ee4e166bda" />
  </TestLists>
  <ResultSummary outcome="Completed">
    <Counters total="22" executed="22" passed="22" failed="0" error="0" timeout="0" aborted="0" inconclusive="0" passedButRunAborted="0" notRunnable="0" notExecuted="0" disconnected="0" warning="0" completed="0" inProgress="0" pending="0" />
    <Output>
      <StdOut>[xUnit.net 00:00:00.00] xUnit.net VSTest Adapter v2.8.2+699d445a1a (64-bit .NET 9.0.19)&#xD;
[xUnit.net 00:00:00.13]   Discovering: GisServer.Security.Argon2.Tests&#xD;
[xUnit.net 00:00:00.32]   Discovered:  GisServer.Security.Argon2.Tests&#xD;
[xUnit.net 00:00:00.33]   Starting:    GisServer.Security.Argon2.Tests&#xD;
[xUnit.net 00:00:01.04]   Finished:    GisServer.Security.Argon2.Tests&#xD;
</StdOut>
    </Output>
  </ResultSummary>
</TestRun>